Component: ARM Compiler 5.06 update 5 (build 528) Tool: armlink [4d35e2]

==============================================================================

Section Cross References

    main.o(i._shell_write) refers to uart.o(i.uart_senddata) for uart_senddata
    main.o(i.main) refers to board.o(i.board_lowlevel_init) for board_lowlevel_init
    main.o(i.main) refers to uart.o(i.uart_init) for uart_init
    main.o(i.main) refers to uart.o(i.uart_receive_callback_register) for uart_receive_callback_register
    main.o(i.main) refers to ringbuffer8.o(i.rb8_new) for rb8_new
    main.o(i.main) refers to shell.o(i.shellInit) for shellInit
    main.o(i.main) refers to ringbuffer8.o(i.rb8_empty) for rb8_empty
    main.o(i.main) refers to ringbuffer8.o(i.rb8_get) for rb8_get
    main.o(i.main) refers to shell.o(i.shellHandler) for shellHandler
    main.o(i.main) refers to main.o(i.usart_receive) for usart_receive
    main.o(i.main) refers to main.o(.bss) for uart_buffer
    main.o(i.main) refers to main.o(.data) for uart_rx_buffer
    main.o(i.main) refers to main.o(i._shell_write) for _shell_write
    main.o(i.usart_receive) refers to ringbuffer8.o(i.rb8_full) for rb8_full
    main.o(i.usart_receive) refers to ringbuffer8.o(i.rb8_put) for rb8_put
    main.o(i.usart_receive) refers to main.o(.data) for uart_rx_buffer
    board.o(i.board_lowlevel_init) refers to stm32f4xx_rcc.o(i.RCC_AHB1PeriphClockCmd) for RCC_AHB1PeriphClockCmd
    board.o(i.board_lowlevel_init) refers to stm32f4xx_rcc.o(i.RCC_APB2PeriphClockCmd) for RCC_APB2PeriphClockCmd
    add.o(i.cmd_add) refers to shell.o(i.shellGetCurrent) for shellGetCurrent
    add.o(i.cmd_add) refers to shell.o(i.shellWriteString) for shellWriteString
    add.o(i.cmd_add) refers to atoi.o(.text) for atoi
    add.o(i.cmd_add) refers to shell.o(i.shellPrint) for shellPrint
    uart.o(i.USART1_IRQHandler) refers to stm32f4xx_usart.o(i.USART_GetITStatus) for USART_GetITStatus
    uart.o(i.USART1_IRQHandler) refers to stm32f4xx_usart.o(i.USART_ReceiveData) for USART_ReceiveData
    uart.o(i.USART1_IRQHandler) refers to stm32f4xx_usart.o(i.USART_ClearITPendingBit) for USART_ClearITPendingBit
    uart.o(i.USART1_IRQHandler) refers to uart.o(.data) for uart_rx_callback
    uart.o(i.uart_init) refers to uart.o(i.uart_pin_init) for uart_pin_init
    uart.o(i.uart_init) refers to uart.o(i.uart_lowlevel_init) for uart_lowlevel_init
    uart.o(i.uart_init) refers to uart.o(i.uart_irq_init) for uart_irq_init
    uart.o(i.uart_irq_init) refers to misc.o(i.NVIC_Init) for NVIC_Init
    uart.o(i.uart_irq_init) refers to stm32f4xx_usart.o(i.USART_ITConfig) for USART_ITConfig
    uart.o(i.uart_lowlevel_init) refers to stm32f4xx_usart.o(i.USART_Init) for USART_Init
    uart.o(i.uart_lowlevel_init) refers to stm32f4xx_usart.o(i.USART_Cmd) for USART_Cmd
    uart.o(i.uart_pin_init) refers to stm32f4xx_gpio.o(i.GPIO_Init) for GPIO_Init
    uart.o(i.uart_pin_init) refers to stm32f4xx_gpio.o(i.GPIO_PinAFConfig) for GPIO_PinAFConfig
    uart.o(i.uart_receive_callback_register) refers to uart.o(.data) for uart_rx_callback
    uart.o(i.uart_senddata) refers to stm32f4xx_usart.o(i.USART_SendData) for USART_SendData
    uart.o(i.uart_senddata) refers to stm32f4xx_usart.o(i.USART_GetFlagStatus) for USART_GetFlagStatus
    startup_stm32f40_41xxx.o(RESET) refers to startup_stm32f40_41xxx.o(STACK) for __initial_sp
    startup_stm32f40_41xxx.o(RESET) refers to startup_stm32f40_41xxx.o(.text) for Reset_Handler
    startup_stm32f40_41xxx.o(RESET) refers to stm32f4xx_it.o(i.NMI_Handler) for NMI_Handler
    startup_stm32f40_41xxx.o(RESET) refers to stm32f4xx_it.o(i.HardFault_Handler) for HardFault_Handler
    startup_stm32f40_41xxx.o(RESET) refers to stm32f4xx_it.o(i.MemManage_Handler) for MemManage_Handler
    startup_stm32f40_41xxx.o(RESET) refers to stm32f4xx_it.o(i.BusFault_Handler) for BusFault_Handler
    startup_stm32f40_41xxx.o(RESET) refers to stm32f4xx_it.o(i.UsageFault_Handler) for UsageFault_Handler
    startup_stm32f40_41xxx.o(RESET) refers to stm32f4xx_it.o(i.SVC_Handler) for SVC_Handler
    startup_stm32f40_41xxx.o(RESET) refers to stm32f4xx_it.o(i.DebugMon_Handler) for DebugMon_Handler
    startup_stm32f40_41xxx.o(RESET) refers to stm32f4xx_it.o(i.PendSV_Handler) for PendSV_Handler
    startup_stm32f40_41xxx.o(RESET) refers to stm32f4xx_it.o(i.SysTick_Handler) for SysTick_Handler
    startup_stm32f40_41xxx.o(RESET) refers to uart.o(i.USART1_IRQHandler) for USART1_IRQHandler
    startup_stm32f40_41xxx.o(.text) refers to system_stm32f4xx.o(i.SystemInit) for SystemInit
    startup_stm32f40_41xxx.o(.text) refers to entry.o(.ARM.Collect$$$$00000000) for __main
    system_stm32f4xx.o(i.SystemCoreClockUpdate) refers to system_stm32f4xx.o(.data) for SystemCoreClock
    system_stm32f4xx.o(i.SystemInit) refers to system_stm32f4xx.o(i.SetSysClock) for SetSysClock
    stm32f4xx_adc.o(i.ADC_DeInit) refers to stm32f4xx_rcc.o(i.RCC_APB2PeriphResetCmd) for RCC_APB2PeriphResetCmd
[...]
    Removing stm32f4xx_syscfg.o(i.SYSCFG_MemorySwappingBank), (12 bytes).
    Removing stm32f4xx_tim.o(.rev16_text), (4 bytes).
    Removing stm32f4xx_tim.o(.revsh_text), (4 bytes).
    Removing stm32f4xx_tim.o(.rrx_text), (6 bytes).
    Removing stm32f4xx_tim.o(i.TI1_Config), (58 bytes).
    Removing stm32f4xx_tim.o(i.TI2_Config), (80 bytes).
    Removing stm32f4xx_tim.o(i.TI3_Config), (72 bytes).
    Removing stm32f4xx_tim.o(i.TI4_Config), (80 bytes).
    Removing stm32f4xx_tim.o(i.TIM_ARRPreloadConfig), (24 bytes).
    Removing stm32f4xx_tim.o(i.TIM_BDTRConfig), (32 bytes).
    Removing stm32f4xx_tim.o(i.TIM_BDTRStructInit), (18 bytes).
    Removing stm32f4xx_tim.o(i.TIM_CCPreloadControl), (24 bytes).
    Removing stm32f4xx_tim.o(i.TIM_CCxCmd), (30 bytes).
    Removing stm32f4xx_tim.o(i.TIM_CCxNCmd), (30 bytes).
    Removing stm32f4xx_tim.o(i.TIM_ClearFlag), (6 bytes).
    Removing stm32f4xx_tim.o(i.TIM_ClearITPendingBit), (6 bytes).
    Removing stm32f4xx_tim.o(i.TIM_ClearOC1Ref), (18 bytes).
    Removing stm32f4xx_tim.o(i.TIM_ClearOC2Ref), (24 bytes).
    Removing stm32f4xx_tim.o(i.TIM_ClearOC3Ref), (18 bytes).
    Removing stm32f4xx_tim.o(i.TIM_ClearOC4Ref), (24 bytes).
    Removing stm32f4xx_tim.o(i.TIM_Cmd), (24 bytes).
    Removing stm32f4xx_tim.o(i.TIM_CounterModeConfig), (18 bytes).
    Removing stm32f4xx_tim.o(i.TIM_CtrlPWMOutputs), (30 bytes).
    Removing stm32f4xx_tim.o(i.TIM_DMACmd), (18 bytes).
    Removing stm32f4xx_tim.o(i.TIM_DMAConfig), (10 bytes).
    Removing stm32f4xx_tim.o(i.TIM_DeInit), (400 bytes).
    Removing stm32f4xx_tim.o(i.TIM_ETRClockMode1Config), (54 bytes).
    Removing stm32f4xx_tim.o(i.TIM_ETRClockMode2Config), (32 bytes).
    Removing stm32f4xx_tim.o(i.TIM_ETRConfig), (28 bytes).
    Removing stm32f4xx_tim.o(i.TIM_EncoderInterfaceConfig), (66 bytes).
    Removing stm32f4xx_tim.o(i.TIM_ForcedOC1Config), (18 bytes).
    Removing stm32f4xx_tim.o(i.TIM_ForcedOC2Config), (26 bytes).
    Removing stm32f4xx_tim.o(i.TIM_ForcedOC3Config), (18 bytes).
    Removing stm32f4xx_tim.o(i.TIM_ForcedOC4Config), (26 bytes).
    Removing stm32f4xx_tim.o(i.TIM_GenerateEvent), (4 bytes).
    Removing stm32f4xx_tim.o(i.TIM_GetCapture1), (6 bytes).
    Removing stm32f4xx_tim.o(i.TIM_GetCapture2), (6 bytes).
    Removing stm32f4xx_tim.o(i.TIM_GetCapture3), (6 bytes).
    Removing stm32f4xx_tim.o(i.TIM_GetCapture4), (6 bytes).
    Removing stm32f4xx_tim.o(i.TIM_GetCounter), (6 bytes).
    Removing stm32f4xx_tim.o(i.TIM_GetFlagStatus), (18 bytes).
    Removing stm32f4xx_tim.o(i.TIM_GetITStatus), (34 bytes).
    Removing stm32f4xx_tim.o(i.TIM_GetPrescaler), (6 bytes).
    Removing stm32f4xx_tim.o(i.TIM_ICInit), (110 bytes).
    Removing stm32f4xx_tim.o(i.TIM_ICStructInit), (18 bytes).
    Removing stm32f4xx_tim.o(i.TIM_ITConfig), (18 bytes).
    Removing stm32f4xx_tim.o(i.TIM_ITRxExternalClockConfig), (24 bytes).
    Removing stm32f4xx_tim.o(i.TIM_InternalClockConfig), (12 bytes).
    Removing stm32f4xx_tim.o(i.TIM_OC1FastConfig), (18 bytes).
    Removing stm32f4xx_tim.o(i.TIM_OC1Init), (124 bytes).
    Removing stm32f4xx_tim.o(i.TIM_OC1NPolarityConfig), (18 bytes).
    Removing stm32f4xx_tim.o(i.TIM_OC1PolarityConfig), (18 bytes).
    Removing stm32f4xx_tim.o(i.TIM_OC1PreloadConfig), (18 bytes).
    Removing stm32f4xx_tim.o(i.TIM_OC2FastConfig), (26 bytes).
    Removing stm32f4xx_tim.o(i.TIM_OC2Init), (164 bytes).
    Removing stm32f4xx_tim.o(i.TIM_OC2NPolarityConfig), (26 bytes).
    Removing stm32f4xx_tim.o(i.TIM_OC2PolarityConfig), (26 bytes).
    Removing stm32f4xx_tim.o(i.TIM_OC2PreloadConfig), (26 bytes).
    Removing stm32f4xx_tim.o(i.TIM_OC3FastConfig), (18 bytes).
    Removing stm32f4xx_tim.o(i.TIM_OC3Init), (160 bytes).
    Removing stm32f4xx_tim.o(i.TIM_OC3NPolarityConfig), (26 bytes).
    Removing stm32f4xx_tim.o(i.TIM_OC3PolarityConfig), (26 bytes).
    Removing stm32f4xx_tim.o(i.TIM_OC3PreloadConfig), (18 bytes).
    Removing stm32f4xx_tim.o(i.TIM_OC4FastConfig), (26 bytes).
    Removing stm32f4xx_tim.o(i.TIM_OC4Init), (120 bytes).
    Removing stm32f4xx_tim.o(i.TIM_OC4PolarityConfig), (26 bytes).
    Removing stm32f4xx_tim.o(i.TIM_OC4PreloadConfig), (26 bytes).
    Removing stm32f4xx_tim.o(i.TIM_OCStructInit), (20 bytes).
    Removing stm32f4xx_tim.o(i.TIM_PWMIConfig), (124 bytes).
    Removing stm32f4xx_tim.o(i.TIM_PrescalerConfig), (6 bytes).
    Removing stm32f4xx_tim.o(i.TIM_RemapConfig), (6 bytes).
    Removing stm32f4xx_tim.o(i.TIM_SelectCCDMA), (24 bytes).
    Removing stm32f4xx_tim.o(i.TIM_SelectCOM), (24 bytes).
    Removing stm32f4xx_tim.o(i.TIM_SelectHallSensor), (24 bytes).
    Removing stm32f4xx_tim.o(i.TIM_SelectInputTrigger), (18 bytes).
    Removing stm32f4xx_tim.o(i.TIM_SelectMasterSlaveMode), (18 bytes).
    Removing stm32f4xx_tim.o(i.TIM_SelectOCxM), (86 bytes).
    Removing stm32f4xx_tim.o(i.TIM_SelectOnePulseMode), (18 bytes).
    Removing stm32f4xx_tim.o(i.TIM_SelectOutputTrigger), (18 bytes).
    Removing stm32f4xx_tim.o(i.TIM_SelectSlaveMode), (18 bytes).
    Removing stm32f4xx_tim.o(i.TIM_SetAutoreload), (4 bytes).
    Removing stm32f4xx_tim.o(i.TIM_SetClockDivision), (18 bytes).
    Removing stm32f4xx_tim.o(i.TIM_SetCompare1), (4 bytes).
    Removing stm32f4xx_tim.o(i.TIM_SetCompare2), (4 bytes).
    Removing stm32f4xx_tim.o(i.TIM_SetCompare3), (4 bytes).
    Removing stm32f4xx_tim.o(i.TIM_SetCompare4), (4 bytes).
    Removing stm32f4xx_tim.o(i.TIM_SetCounter), (4 bytes).
    Removing stm32f4xx_tim.o(i.TIM_SetIC1Prescaler), (18 bytes).
    Removing stm32f4xx_tim.o(i.TIM_SetIC2Prescaler), (26 bytes).
    Removing stm32f4xx_tim.o(i.TIM_SetIC3Prescaler), (18 bytes).
    Removing stm32f4xx_tim.o(i.TIM_SetIC4Prescaler), (26 bytes).
    Removing stm32f4xx_tim.o(i.TIM_TIxExternalClockConfig), (62 bytes).
    Removing stm32f4xx_tim.o(i.TIM_TimeBaseInit), (132 bytes).
    Removing stm32f4xx_tim.o(i.TIM_TimeBaseStructInit), (18 bytes).
    Removing stm32f4xx_tim.o(i.TIM_UpdateDisableConfig), (24 bytes).
    Removing stm32f4xx_tim.o(i.TIM_UpdateRequestConfig), (24 bytes).
    Removing stm32f4xx_usart.o(.rev16_text), (4 bytes).
    Removing stm32f4xx_usart.o(.revsh_text), (4 bytes).
    Removing stm32f4xx_usart.o(.rrx_text), (6 bytes).
    Removing stm32f4xx_usart.o(i.USART_ClearFlag), (18 bytes).
    Removing stm32f4xx_usart.o(i.USART_ClockInit), (32 bytes).
    Removing stm32f4xx_usart.o(i.USART_ClockStructInit), (12 bytes).
    Removing stm32f4xx_usart.o(i.USART_DMACmd), (18 bytes).
    Removing stm32f4xx_usart.o(i.USART_DeInit), (240 bytes).
    Removing stm32f4xx_usart.o(i.USART_HalfDuplexCmd), (24 bytes).
    Removing stm32f4xx_usart.o(i.USART_IrDACmd), (24 bytes).
    Removing stm32f4xx_usart.o(i.USART_IrDAConfig), (18 bytes).
    Removing stm32f4xx_usart.o(i.USART_LINBreakDetectLengthConfig), (18 bytes).
    Removing stm32f4xx_usart.o(i.USART_LINCmd), (24 bytes).
    Removing stm32f4xx_usart.o(i.USART_OneBitMethodCmd), (24 bytes).
    Removing stm32f4xx_usart.o(i.USART_OverSampling8Cmd), (22 bytes).
    Removing stm32f4xx_usart.o(i.USART_ReceiverWakeUpCmd), (24 bytes).
    Removing stm32f4xx_usart.o(i.USART_SendBreak), (10 bytes).
    Removing stm32f4xx_usart.o(i.USART_SetAddress), (18 bytes).
    Removing stm32f4xx_usart.o(i.USART_SetGuardTime), (16 bytes).
    Removing stm32f4xx_usart.o(i.USART_SetPrescaler), (16 bytes).
    Removing stm32f4xx_usart.o(i.USART_SmartCardCmd), (24 bytes).
    Removing stm32f4xx_usart.o(i.USART_SmartCardNACKCmd), (24 bytes).
    Removing stm32f4xx_usart.o(i.USART_StructInit), (24 bytes).
    Removing stm32f4xx_usart.o(i.USART_WakeUpConfig), (18 bytes).
    Removing stm32f4xx_wwdg.o(.rev16_text), (4 bytes).
    Removing stm32f4xx_wwdg.o(.revsh_text), (4 bytes).
    Removing stm32f4xx_wwdg.o(.rrx_text), (6 bytes).
    Removing stm32f4xx_wwdg.o(i.WWDG_ClearFlag), (12 bytes).
    Removing stm32f4xx_wwdg.o(i.WWDG_DeInit), (22 bytes).
    Removing stm32f4xx_wwdg.o(i.WWDG_Enable), (16 bytes).
    Removing stm32f4xx_wwdg.o(i.WWDG_EnableIT), (12 bytes).
    Removing stm32f4xx_wwdg.o(i.WWDG_GetFlagStatus), (20 bytes).
    Removing stm32f4xx_wwdg.o(i.WWDG_SetCounter), (16 bytes).
    Removing stm32f4xx_wwdg.o(i.WWDG_SetPrescaler), (24 bytes).
    Removing stm32f4xx_wwdg.o(i.WWDG_SetWindowValue), (40 bytes).
    Removing shell.o(i.shellRemove), (44 bytes).
    Removing shell.o(i.shellTask), (38 bytes).
    Removing ringbuffer8.o(i.rb8_gets), (44 bytes).
    Removing ringbuffer8.o(i.rb8_puts), (44 bytes).

838 unused section(s) (total 36200 bytes) removed from the image.

==============================================================================

Image Symbol Table

    Local Symbols

    Symbol Name                              Value     Ov Type        Size  Object(Section)

    ../clib/microlib/ctype/ctype.c           0x00000000   Number         0  ctype_o.o ABSOLUTE
    ../clib/microlib/ctype/ctype.c           0x00000000   Number         0  islower_o.o ABSOLUTE
    ../clib/microlib/ctype/ctype.c           0x00000000   Number         0  isalnum_o.o ABSOLUTE
    ../clib/microlib/ctype/ctype.c           0x00000000   Number         0  isdigit_o.o ABSOLUTE
    ../clib/microlib/ctype/ctype.c           0x00000000   Number         0  isalpha_o.o ABSOLUTE
    ../clib/microlib/ctype/ctype.c           0x00000000   Number         0  isblank_o.o ABSOLUTE
    ../clib/microlib/ctype/ctype.c           0x00000000   Number         0  iscntrl_o.o ABSOLUTE
    ../clib/microlib/ctype/ctype.c           0x00000000   Number         0  isxdigit_o.o ABSOLUTE
    ../clib/microlib/ctype/ctype.c           0x00000000   Number         0  isupper_o.o ABSOLUTE
    ../clib/microlib/ctype/ctype.c           0x00000000   Number         0  isspace_o.o ABSOLUTE
    ../clib/microlib/ctype/ctype.c           0x00000000   Number         0  ispunct_o.o ABSOLUTE
    ../clib/microlib/ctype/ctype.c           0x00000000   Number         0  isgraph_o.o ABSOLUTE
    ../clib/microlib/ctype/ctype.c           0x00000000   Number         0  isprint_o.o ABSOLUTE
    ../clib/microlib/division.c              0x00000000   Number         0  uldiv.o ABSOLUTE
    ../clib/microlib/division.c              0x00000000   Number         0  uidiv.o ABSOLUTE
    ../clib/microlib/errno.c                 0x00000000   Number         0  errno.o ABSOLUTE
    ../clib/microlib/init/entry.s            0x00000000   Number         0  entry9a.o ABSOLUTE
    ../clib/microlib/init/entry.s            0x00000000   Number         0  entry8b.o ABSOLUTE
    ../clib/microlib/init/entry.s            0x00000000   Number         0  entry7b.o ABSOLUTE
    ../clib/microlib/init/entry.s            0x00000000   Number         0  entry7a.o ABSOLUTE
    ../clib/microlib/init/entry.s            0x00000000   Number         0  entry2.o ABSOLUTE
    ../clib/microlib/init/entry.s            0x00000000   Number         0  entry11a.o ABSOLUTE
    ../clib/microlib/init/entry.s            0x00000000   Number         0  entry11b.o ABSOLUTE
    ../clib/microlib/init/entry.s            0x00000000   Number         0  entry5.o ABSOLUTE
    ../clib/microlib/init/entry.s            0x00000000   Number         0  entry.o ABSOLUTE
    ../clib/microlib/init/entry.s            0x00000000   Number         0  entry10b.o ABSOLUTE
    ../clib/microlib/init/entry.s            0x00000000   Number         0  entry10a.o ABSOLUTE
    ../clib/microlib/init/entry.s            0x00000000   Number         0  entry9b.o ABSOLUTE
    ../clib/microlib/init/entry.s            0x00000000   Number         0  entry8a.o ABSOLUTE
    ../clib/microlib/longlong.c              0x00000000   Number         0  llushr.o ABSOLUTE
    ../clib/microlib/longlong.c              0x00000000   Number         0  llshl.o ABSOLUTE
    ../clib/microlib/longlong.c              0x00000000   Number         0  llsshr.o ABSOLUTE
    ../clib/microlib/printf/printf.c         0x00000000   Number         0  printfa.o ABSOLUTE
    ../clib/microlib/stdio/fputc.c           0x00000000   Number         0  fputc.o ABSOLUTE
    ../clib/microlib/stdio/semi.s            0x00000000   Number         0  semi.o ABSOLUTE
    ../clib/microlib/stdio/streams.c         0x00000000   Number         0  stdout.o ABSOLUTE
    ../clib/microlib/string/memset.c         0x00000000   Number         0  memseta.o ABSOLUTE
    ../clib/microlib/string/strcmp.c         0x00000000   Number         0  strcmp.o ABSOLUTE
    ../clib/microlib/string/strlen.c         0x00000000   Number         0  strlen.o ABSOLUTE
    ../clib/microlib/string/strncmp.c        0x00000000   Number         0  strncmp.o ABSOLUTE
    ../clib/microlib/stubs.s                 0x00000000   Number         0  iusesemip.o ABSOLUTE
    ../clib/microlib/stubs.s                 0x00000000   Number         0  iusefp.o ABSOLUTE
    ../clib/scanf.c                          0x00000000   Number         0  strtol.o ABSOLUTE
    ../clib/scanf.c                          0x00000000   Number         0  _chval.o ABSOLUTE
    ../clib/scanf.c                          0x00000000   Number         0  _strtoul.o ABSOLUTE
    ../clib/scanf.c                          0x00000000   Number         0  atoi.o ABSOLUTE
    ../fplib/microlib/fpadd.c                0x00000000   Number         0  dadd.o ABSOLUTE
    ../fplib/microlib/fpdiv.c                0x00000000   Number         0  ddiv.o ABSOLUTE
    ../fplib/microlib/fpepilogue.c           0x00000000   Number         0  depilogue.o ABSOLUTE
    ../fplib/microlib/fpfix.c                0x00000000   Number         0  dfixul.o ABSOLUTE
    ../fplib/microlib/fpmul.c                0x00000000   Number         0  dmul.o ABSOLUTE
    ..\\app\\board.c                         0x00000000   Number         0  board.o ABSOLUTE
    ..\\app\\main.c                          0x00000000   Number         0  main.o ABSOLUTE
    ..\\driver\\uart\\uart.c                 0x00000000   Number         0  uart.o ABSOLUTE
    ..\\firmware\\cmsis\\device\\stm32f4xx_it.c 0x00000000   Number         0  stm32f4xx_it.o ABSOLUTE
    ..\\firmware\\cmsis\\device\\system_stm32f4xx.c 0x00000000   Number         0  system_stm32f4xx.o ABSOLUTE
    ..\\firmware\\driver\\src\\misc.c        0x00000000   Number         0  misc.o ABSOLUTE
    ..\\firmware\\driver\\src\\stm32f4xx_adc.c 0x00000000   Number         0  stm32f4xx_adc.o ABSOLUTE
    ..\\firmware\\driver\\src\\stm32f4xx_can.c 0x00000000   Number         0  stm32f4xx_can.o ABSOLUTE
    ..\\firmware\\driver\\src\\stm32f4xx_cec.c 0x00000000   Number         0  stm32f4xx_cec.o ABSOLUTE
    ..\\firmware\\driver\\src\\stm32f4xx_crc.c 0x00000000   Number         0  stm32f4xx_crc.o ABSOLUTE
    ..\\firmware\\driver\\src\\stm32f4xx_cryp.c 0x00000000   Number         0  stm32f4xx_cryp.o ABSOLUTE
    ..\\firmware\\driver\\src\\stm32f4xx_cryp_aes.c 0x00000000   Number         0  stm32f4xx_cryp_aes.o ABSOLUTE
    ..\\firmware\\driver\\src\\stm32f4xx_cryp_des.c 0x00000000   Number         0  stm32f4xx_cryp_des.o ABSOLUTE
    ..\\firmware\\driver\\src\\stm32f4xx_cryp_tdes.c 0x00000000   Number         0  stm32f4xx_cryp_tdes.o ABSOLUTE
    ..\\firmware\\driver\\src\\stm32f4xx_dac.c 0x00000000   Number         0  stm32f4xx_dac.o ABSOLUTE
    ..\\firmware\\driver\\src\\stm32f4xx_dbgmcu.c 0x00000000   Number         0  stm32f4xx_dbgmcu.o ABSOLUTE
    ..\\firmware\\driver\\src\\stm32f4xx_dcmi.c 0x00000000   Number         0  stm32f4xx_dcmi.o ABSOLUTE
    ..\\firmware\\driver\\src\\stm32f4xx_dfsdm.c 0x00000000   Number         0  stm32f4xx_dfsdm.o ABSOLUTE
    ..\\firmware\\driver\\src\\stm32f4xx_dma.c 0x00000000   Number         0  stm32f4xx_dma.o ABSOLUTE
    ..\\firmware\\driver\\src\\stm32f4xx_dma2d.c 0x00000000   Number         0  stm32f4xx_dma2d.o ABSOLUTE
    ..\\firmware\\driver\\src\\stm32f4xx_dsi.c 0x00000000   Number         0  stm32f4xx_dsi.o ABSOLUTE
    ..\\firmware\\driver\\src\\stm32f4xx_exti.c 0x00000000   Number         0  stm32f4xx_exti.o ABSOLUTE
    ..\\firmware\\driver\\src\\stm32f4xx_flash.c 0x00000000   Number         0  stm32f4xx_flash.o ABSOLUTE
    ..\\firmware\\driver\\src\\stm32f4xx_flash_ramfunc.c 0x00000000   Number         0  stm32f4xx_flash_ramfunc.o ABSOLUTE
    ..\\firmware\\driver\\src\\stm32f4xx_fmpi2c.c 0x00000000   Number         0  stm32f4xx_fmpi2c.o ABSOLUTE
    ..\\firmware\\driver\\src\\stm32f4xx_fsmc.c 0x00000000   Number         0  stm32f4xx_fsmc.o ABSOLUTE
    ..\\firmware\\driver\\src\\stm32f4xx_gpio.c 0x00000000   Number         0  stm32f4xx_gpio.o ABSOLUTE
    ..\\firmware\\driver\\src\\stm32f4xx_hash.c 0x00000000   Number         0  stm32f4xx_hash.o ABSOLUTE
    ..\\firmware\\driver\\src\\stm32f4xx_hash_md5.c 0x00000000   Number         0  stm32f4xx_hash_md5.o ABSOLUTE
    ..\\firmware\\driver\\src\\stm32f4xx_hash_sha1.c 0x00000000   Number         0  stm32f4xx_hash_sha1.o ABSOLUTE
    ..\\firmware\\driver\\src\\stm32f4xx_i2c.c 0x00000000   Number         0  stm32f4xx_i2c.o ABSOLUTE
    ..\\firmware\\driver\\src\\stm32f4xx_iwdg.c 0x00000000   Number         0  stm32f4xx_iwdg.o ABSOLUTE
    ..\\firmware\\driver\\src\\stm32f4xx_lptim.c 0x00000000   Number         0  stm32f4xx_lptim.o ABSOLUTE
    ..\\firmware\\driver\\src\\stm32f4xx_ltdc.c 0x00000000   Number         0  stm32f4xx_ltdc.o ABSOLUTE
    ..\\firmware\\driver\\src\\stm32f4xx_pwr.c 0x00000000   Number         0  stm32f4xx_pwr.o ABSOLUTE
    ..\\firmware\\driver\\src\\stm32f4xx_qspi.c 0x00000000   Number         0  stm32f4xx_qspi.o ABSOLUTE
    ..\\firmware\\driver\\src\\stm32f4xx_rcc.c 0x00000000   Number         0  stm32f4xx_rcc.o ABSOLUTE
    ..\\firmware\\driver\\src\\stm32f4xx_rng.c 0x00000000   Number         0  stm32f4xx_rng.o ABSOLUTE
    ..\\firmware\\driver\\src\\stm32f4xx_rtc.c 0x00000000   Number         0  stm32f4xx_rtc.o ABSOLUTE
    ..\\firmware\\driver\\src\\stm32f4xx_sai.c 0x00000000   Number         0  stm32f4xx_sai.o ABSOLUTE
    ..\\firmware\\driver\\src\\stm32f4xx_sdio.c 0x00000000   Number         0  stm32f4xx_sdio.o ABSOLUTE
    ..\\firmware\\driver\\src\\stm32f4xx_spdifrx.c 0x00000000   Number         0  stm32f4xx_spdifrx.o ABSOLUTE
    ..\\firmware\\driver\\src\\stm32f4xx_spi.c 0x00000000   Number         0  stm32f4xx_spi.o ABSOLUTE
    ..\\firmware\\driver\\src\\stm32f4xx_syscfg.c 0x00000000   Number         0  stm32f4xx_syscfg.o ABSOLUTE
    ..\\firmware\\driver\\src\\stm32f4xx_tim.c 0x00000000   Number         0  stm32f4xx_tim.o ABSOLUTE
    ..\\firmware\\driver\\src\\stm32f4xx_usart.c 0x00000000   Number         0  stm32f4xx_usart.o ABSOLUTE
    ..\\firmware\\driver\\src\\stm32f4xx_wwdg.c 0x00000000   Number         0  stm32f4xx_wwdg.o ABSOLUTE
    ..\app\board.c                           0x00000000   Number         0  board.o ABSOLUTE
    ..\app\command\add.c                     0x00000000   Number         0  add.o ABSOLUTE
    ..\app\main.c                            0x00000000   Number         0  main.o ABSOLUTE
    ..\driver\led\led.c                      0x00000000   Number         0  led.o ABSOLUTE
    ..\driver\uart\uart.c                    0x00000000   Number         0  uart.o ABSOLUTE
    ..\firmware\cmsis\device\startup_stm32f40_41xxx.s 0x00000000   Number         0  startup_stm32f40_41xxx.o ABSOLUTE
    ..\firmware\cmsis\device\stm32f4xx_it.c  0x00000000   Number         0  stm32f4xx_it.o ABSOLUTE
    ..\firmware\cmsis\device\system_stm32f4xx.c 0x00000000   Number         0  system_stm32f4xx.o ABSOLUTE
    ..\firmware\driver\src\misc.c            0x00000000   Number         0  misc.o ABSOLUTE
    ..\firmware\driver\src\stm32f4xx_adc.c   0x00000000   Number         0  stm32f4xx_adc.o ABSOLUTE
    ..\firmware\driver\src\stm32f4xx_can.c   0x00000000   Number         0  stm32f4xx_can.o ABSOLUTE
    ..\firmware\driver\src\stm32f4xx_cec.c   0x00000000   Number         0  stm32f4xx_cec.o ABSOLUTE
    ..\firmware\driver\src\stm32f4xx_crc.c   0x00000000   Number         0  stm32f4xx_crc.o ABSOLUTE
    ..\firmware\driver\src\stm32f4xx_cryp.c  0x00000000   Number         0  stm32f4xx_cryp.o ABSOLUTE
    ..\firmware\driver\src\stm32f4xx_cryp_aes.c 0x00000000   Number         0  stm32f4xx_cryp_aes.o ABSOLUTE
    ..\firmware\driver\src\stm32f4xx_cryp_des.c 0x00000000   Number         0  stm32f4xx_cryp_des.o ABSOLUTE
    ..\firmware\driver\src\stm32f4xx_cryp_tdes.c 0x00000000   Number         0  stm32f4xx_cryp_tdes.o ABSOLUTE
    ..\firmware\driver\src\stm32f4xx_dac.c   0x00000000   Number         0  stm32f4xx_dac.o ABSOLUTE
    ..\firmware\driver\src\stm32f4xx_dbgmcu.c 0x00000000   Number         0  stm32f4xx_dbgmcu.o ABSOLUTE
    ..\firmware\driver\src\stm32f4xx_dcmi.c  0x00000000   Number         0  stm32f4xx_dcmi.o ABSOLUTE
    ..\firmware\driver\src\stm32f4xx_dfsdm.c 0x00000000   Number         0  stm32f4xx_dfsdm.o ABSOLUTE
    ..\firmware\driver\src\stm32f4xx_dma.c   0x00000000   Number         0  stm32f4xx_dma.o ABSOLUTE
    ..\firmware\driver\src\stm32f4xx_dma2d.c 0x00000000   Number         0  stm32f4xx_dma2d.o ABSOLUTE
    ..\firmware\driver\src\stm32f4xx_dsi.c   0x00000000   Number         0  stm32f4xx_dsi.o ABSOLUTE
    ..\firmware\driver\src\stm32f4xx_exti.c  0x00000000   Number         0  stm32f4xx_exti.o ABSOLUTE
    ..\firmware\driver\src\stm32f4xx_flash.c 0x00000000   Number         0  stm32f4xx_flash.o ABSOLUTE
    ..\firmware\driver\src\stm32f4xx_flash_ramfunc.c 0x00000000   Number         0  stm32f4xx_flash_ramfunc.o ABSOLUTE
    ..\firmware\driver\src\stm32f4xx_fmpi2c.c 0x00000000   Number         0  stm32f4xx_fmpi2c.o ABSOLUTE
    ..\firmware\driver\src\stm32f4xx_fsmc.c  0x00000000   Number         0  stm32f4xx_fsmc.o ABSOLUTE
    ..\firmware\driver\src\stm32f4xx_gpio.c  0x00000000   Number         0  stm32f4xx_gpio.o ABSOLUTE
    ..\firmware\driver\src\stm32f4xx_hash.c  0x00000000   Number         0  stm32f4xx_hash.o ABSOLUTE
    ..\firmware\driver\src\stm32f4xx_hash_md5.c 0x00000000   Number         0  stm32f4xx_hash_md5.o ABSOLUTE
    ..\firmware\driver\src\stm32f4xx_hash_sha1.c 0x00000000   Number         0  stm32f4xx_hash_sha1.o ABSOLUTE
    ..\firmware\driver\src\stm32f4xx_i2c.c   0x00000000   Number         0  stm32f4xx_i2c.o ABSOLUTE
    ..\firmware\driver\src\stm32f4xx_iwdg.c  0x00000000   Number         0  stm32f4xx_iwdg.o ABSOLUTE
    ..\firmware\driver\src\stm32f4xx_lptim.c 0x00000000   Number         0  stm32f4xx_lptim.o ABSOLUTE
    ..\firmware\driver\src\stm32f4xx_ltdc.c  0x00000000   Number         0  stm32f4xx_ltdc.o ABSOLUTE
    ..\firmware\driver\src\stm32f4xx_pwr.c   0x00000000   Number         0  stm32f4xx_pwr.o ABSOLUTE
    ..\firmware\driver\src\stm32f4xx_qspi.c  0x00000000   Number         0  stm32f4xx_qspi.o ABSOLUTE
    ..\firmware\driver\src\stm32f4xx_rcc.c   0x00000000   Number         0  stm32f4xx_rcc.o ABSOLUTE
    ..\firmware\driver\src\stm32f4xx_rng.c   0x00000000   Number         0  stm32f4xx_rng.o ABSOLUTE
    ..\firmware\driver\src\stm32f4xx_rtc.c   0x00000000   Number         0  stm32f4xx_rtc.o ABSOLUTE
    ..\firmware\driver\src\stm32f4xx_sai.c   0x00000000   Number         0  stm32f4xx_sai.o ABSOLUTE
    ..\firmware\driver\src\stm32f4xx_sdio.c  0x00000000   Number         0  stm32f4xx_sdio.o ABSOLUTE
    ..\firmware\driver\src\stm32f4xx_spdifrx.c 0x00000000   Number         0  stm32f4xx_spdifrx.o ABSOLUTE
    ..\firmware\driver\src\stm32f4xx_spi.c   0x00000000   Number         0  stm32f4xx_spi.o ABSOLUTE
    ..\firmware\driver\src\stm32f4xx_syscfg.c 0x00000000   Number         0  stm32f4xx_syscfg.o ABSOLUTE
    ..\firmware\driver\src\stm32f4xx_tim.c   0x00000000   Number         0  stm32f4xx_tim.o ABSOLUTE
    ..\firmware\driver\src\stm32f4xx_usart.c 0x00000000   Number         0  stm32f4xx_usart.o ABSOLUTE
    ..\firmware\driver\src\stm32f4xx_wwdg.c  0x00000000   Number         0  stm32f4xx_wwdg.o ABSOLUTE
    ..\third_lib\lettershell\shell.c         0x00000000   Number         0  shell.o ABSOLUTE
    ..\third_lib\lettershell\shell_cmd_list.c 0x00000000   Number         0  shell_cmd_list.o ABSOLUTE
    ..\third_lib\lettershell\shell_companion.c 0x00000000   Number         0  shell_companion.o ABSOLUTE
    ..\third_lib\lettershell\shell_ext.c     0x00000000   Number         0  shell_ext.o ABSOLUTE
    ..\third_lib\ringbuffer\ringbuffer8.c    0x00000000   Number         0  ringbuffer8.o ABSOLUTE
    cdrcmple.s                               0x00000000   Number         0  cdrcmple.o ABSOLUTE
    dc.s                                     0x00000000   Number         0  dc.o ABSOLUTE
    handlers.s                               0x00000000   Number         0  handlers.o ABSOLUTE
    init.s                                   0x00000000   Number         0  init.o ABSOLUTE
    RESET                                    0x08000000   Section      392  startup_stm32f40_41xxx.o(RESET)
    .ARM.Collect$$$$00000000                 0x08000188   Section        0  entry.o(.ARM.Collect$$$$00000000)
    .ARM.Collect$$$$00000001                 0x08000188   Section        4  entry2.o(.ARM.Collect$$$$00000001)
    .ARM.Collect$$$$00000004                 0x0800018c   Section        4  entry5.o(.ARM.Collect$$$$00000004)
    .ARM.Collect$$$$00000008                 0x08000190   Section        0  entry7b.o(.ARM.Collect$$$$00000008)
    .ARM.Collect$$$$0000000A                 0x08000190   Section        0  entry8b.o(.ARM.Collect$$$$0000000A)
    .ARM.Collect$$$$0000000B                 0x08000190   Section        8  entry9a.o(.ARM.Collect$$$$0000000B)
    .ARM.Collect$$$$0000000D                 0x08000198   Section        0  entry10a.o(.ARM.Collect$$$$0000000D)
    .ARM.Collect$$$$0000000F                 0x08000198   Section        0  entry11a.o(.ARM.Collect$$$$0000000F)
    .ARM.Collect$$$$00002712                 0x08000198   Section        4  entry2.o(.ARM.Collect$$$$00002712)
    __lit__00000000                          0x08000198   Data           4  entry2.o(.ARM.Collect$$$$00002712)
    .text                                    0x0800019c   Section       36  startup_stm32f40_41xxx.o(.text)
    $v0                                      0x0800019c   Number         0  startup_stm32f40_41xxx.o(.text)
    .text                                    0x080001c0   Section        0  memseta.o(.text)
    .text                                    0x080001e4   Section        0  strlen.o(.text)
    .text                                    0x080001f2   Section        0  strcmp.o(.text)
    .text                                    0x0800020e   Section        0  strncmp.o(.text)
    .text                                    0x0800022c   Section        0  atoi.o(.text)
    .text                                    0x08000246   Section        0  uidiv.o(.text)
    .text                                    0x08000272   Section        0  uldiv.o(.text)
    .text                                    0x080002d4   Section        0  strtol.o(.text)
    .text                                    0x08000344   Section        0  dadd.o(.text)
    .text                                    0x08000344   Section        0  iusefp.o(.text)
    .text                                    0x08000492   Section        0  dmul.o(.text)
    .text                                    0x08000576   Section        0  ddiv.o(.text)
    .text                                    0x08000654   Section        0  dfixul.o(.text)
    .text                                    0x08000684   Section       48  cdrcmple.o(.text)
    .text                                    0x080006b4   Section       36  init.o(.text)
    .text                                    0x080006d8   Section        0  llshl.o(.text)
    .text                                    0x080006f6   Section        0  llushr.o(.text)
    .text                                    0x08000716   Section        0  llsshr.o(.text)
    .text                                    0x0800073c   Section        0  ctype_o.o(.text)
    .text                                    0x08000744   Section        0  _strtoul.o(.text)
    .text                                    0x080007e2   Section        0  depilogue.o(.text)
    .text                                    0x0800089c   Section        0  _chval.o(.text)
    i.BusFault_Handler                       0x080008b8   Section        0  stm32f4xx_it.o(i.BusFault_Handler)
    i.DebugMon_Handler                       0x080008bc   Section        0  stm32f4xx_it.o(i.DebugMon_Handler)
    i.GPIO_Init                              0x080008be   Section        0  stm32f4xx_gpio.o(i.GPIO_Init)
    i.GPIO_PinAFConfig                       0x0800094e   Section        0  stm32f4xx_gpio.o(i.GPIO_PinAFConfig)
    i.HardFault_Handler                      0x08000994   Section        0  stm32f4xx_it.o(i.HardFault_Handler)
    i.MemManage_Handler                      0x08000998   Section        0  stm32f4xx_it.o(i.MemManage_Handler)
    i.NMI_Handler                            0x0800099c   Section        0  stm32f4xx_it.o(i.NMI_Handler)
    i.NVIC_Init                              0x080009a0   Section        0  misc.o(i.NVIC_Init)
    i.PendSV_Handler                         0x08000a18   Section        0  stm32f4xx_it.o(i.PendSV_Handler)
    i.RCC_AHB1PeriphClockCmd                 0x08000a1c   Section        0  stm32f4xx_rcc.o(i.RCC_AHB1PeriphClockCmd)
    i.RCC_APB2PeriphClockCmd                 0x08000a3c   Section        0  stm32f4xx_rcc.o(i.RCC_APB2PeriphClockCmd)
    i.RCC_GetClocksFreq                      0x08000a5c   Section        0  stm32f4xx_rcc.o(i.RCC_GetClocksFreq)
    i.SVC_Handler                            0x08000b44   Section        0  stm32f4xx_it.o(i.SVC_Handler)
    i.SetSysClock                            0x08000b48   Section        0  system_stm32f4xx.o(i.SetSysClock)
    SetSysClock                              0x08000b49   Thumb Code   220  system_stm32f4xx.o(i.SetSysClock)
    i.SysTick_Handler                        0x08000c34   Section        0  stm32f4xx_it.o(i.SysTick_Handler)
    i.SystemInit                             0x08000c38   Section        0  system_stm32f4xx.o(i.SystemInit)
    i.USART1_IRQHandler                      0x08000ca0   Section        0  uart.o(i.USART1_IRQHandler)
    i.USART_ClearITPendingBit                0x08000cdc   Section        0  stm32f4xx_usart.o(i.USART_ClearITPendingBit)
    i.USART_Cmd                              0x08000cfa   Section        0  stm32f4xx_usart.o(i.USART_Cmd)
    i.USART_GetFlagStatus                    0x08000d12   Section        0  stm32f4xx_usart.o(i.USART_GetFlagStatus)
    i.USART_GetITStatus                      0x08000d2c   Section        0  stm32f4xx_usart.o(i.USART_GetITStatus)
    i.USART_ITConfig                         0x08000d80   Section        0  stm32f4xx_usart.o(i.USART_ITConfig)
    i.USART_Init                             0x08000dcc   Section        0  stm32f4xx_usart.o(i.USART_Init)
    i.USART_ReceiveData                      0x08000ea0   Section        0  stm32f4xx_usart.o(i.USART_ReceiveData)
    i.USART_SendData                         0x08000eaa   Section        0  stm32f4xx_usart.o(i.USART_SendData)
    i.UsageFault_Handler                     0x08000eb2   Section        0  stm32f4xx_it.o(i.UsageFault_Handler)
    i.__0vsnprintf                           0x08000eb8   Section        0  printfa.o(i.__0vsnprintf)
    i.__aeabi_errno_addr                     0x08000ee4   Section        0  errno.o(i.__aeabi_errno_addr)
    i.__scatterload_copy                     0x08000eec   Section       14  handlers.o(i.__scatterload_copy)
    i.__scatterload_null                     0x08000efa   Section        2  handlers.o(i.__scatterload_null)
    i.__scatterload_zeroinit                 0x08000efc   Section       14  handlers.o(i.__scatterload_zeroinit)
    i._fp_digits                             0x08000f0c   Section        0  printfa.o(i._fp_digits)
    _fp_digits                               0x08000f0d   Thumb Code   366  printfa.o(i._fp_digits)
    i._printf_core                           0x08001090   Section        0  printfa.o(i._printf_core)
    _printf_core                             0x08001091   Thumb Code  1744  printfa.o(i._printf_core)
    i._printf_post_padding                   0x0800176c   Section        0  printfa.o(i._printf_post_padding)
    _printf_post_padding                     0x0800176d   Thumb Code    36  printfa.o(i._printf_post_padding)
    i._printf_pre_padding                    0x08001790   Section        0  printfa.o(i._printf_pre_padding)
    _printf_pre_padding                      0x08001791   Thumb Code    46  printfa.o(i._printf_pre_padding)
    i._shell_write                           0x080017be   Section        0  main.o(i._shell_write)
    _shell_write                             0x080017bf   Thumb Code    28  main.o(i._shell_write)
    i._snputc                                0x080017da   Section        0  printfa.o(i._snputc)
    _snputc                                  0x080017db   Thumb Code    22  printfa.o(i._snputc)
    i.agencyshellRun                         0x080017f0   Section        0  shell_cmd_list.o(i.agencyshellRun)
    i.board_lowlevel_init                    0x08001810   Section        0  board.o(i.board_lowlevel_init)
    i.cmd_add                                0x0800184c   Section        0  add.o(i.cmd_add)
    i.main                                   0x080018c8   Section        0  main.o(i.main)
    i.next_head                              0x08001938   Section        0  ringbuffer8.o(i.next_head)
    next_head                                0x08001939   Thumb Code    24  ringbuffer8.o(i.next_head)
    i.rb8_empty                              0x08001950   Section        0  ringbuffer8.o(i.rb8_empty)
    i.rb8_full                               0x08001962   Section        0  ringbuffer8.o(i.rb8_full)
    i.rb8_get                                0x0800197a   Section        0  ringbuffer8.o(i.rb8_get)
    i.rb8_new                                0x080019ae   Section        0  ringbuffer8.o(i.rb8_new)
    i.rb8_put                                0x080019ba   Section        0  ringbuffer8.o(i.rb8_put)
    i.shellAdd                               0x080019e4   Section        0  shell.o(i.shellAdd)
    shellAdd                                 0x080019e5   Thumb Code    34  shell.o(i.shellAdd)
    i.shellBackspace                         0x08001a0c   Section        0  shell.o(i.shellBackspace)
    i.shellCheckPassword                     0x08001a1c   Section        0  shell.o(i.shellCheckPassword)
    shellCheckPassword                       0x08001a1d   Thumb Code    62  shell.o(i.shellCheckPassword)
    i.shellCheckPermission                   0x08001a60   Section        0  shell.o(i.shellCheckPermission)
    i.shellClear                             0x08001a98   Section        0  shell.o(i.shellClear)
    i.shellClearCommandLine                  0x08001ab4   Section        0  shell.o(i.shellClearCommandLine)
    i.shellCmds                              0x08001adc   Section        0  shell.o(i.shellCmds)
    i.shellDelete                            0x08001aee   Section        0  shell.o(i.shellDelete)
    i.shellDeleteByte                        0x08001afe   Section        0  shell.o(i.shellDeleteByte)
    i.shellDeleteCommandLine                 0x08001bd8   Section        0  shell.o(i.shellDeleteCommandLine)
    i.shellDown                              0x08001bf8   Section        0  shell.o(i.shellDown)
    i.shellEnter                             0x08001c08   Section        0  shell.o(i.shellEnter)
    i.shellExec                              0x08001c1c   Section        0  shell.o(i.shellExec)
    i.shellExtNumType                        0x08001c94   Section        0  shell_ext.o(i.shellExtNumType)
    shellExtNumType                          0x08001c95   Thumb Code    88  shell_ext.o(i.shellExtNumType)
    i.shellExtParseChar                      0x08001cec   Section        0  shell_ext.o(i.shellExtParseChar)
    shellExtParseChar                        0x08001ced   Thumb Code    70  shell_ext.o(i.shellExtParseChar)
    i.shellExtParseNumber                    0x08001d34   Section        0  shell_ext.o(i.shellExtParseNumber)
    shellExtParseNumber                      0x08001d35   Thumb Code   232  shell_ext.o(i.shellExtParseNumber)
    i.shellExtParsePara                      0x08001e20   Section        0  shell_ext.o(i.shellExtParsePara)
    i.shellExtParseString                    0x08001e76   Section        0  shell_ext.o(i.shellExtParseString)
    shellExtParseString                      0x08001e77   Thumb Code    74  shell_ext.o(i.shellExtParseString)
    i.shellExtParseVar                       0x08001ec0   Section        0  shell_ext.o(i.shellExtParseVar)
    shellExtParseVar                         0x08001ec1   Thumb Code    36  shell_ext.o(i.shellExtParseVar)
    i.shellExtRun                            0x08001ee4   Section        0  shell_ext.o(i.shellExtRun)
    i.shellExtToNum                          0x08002262   Section        0  shell_ext.o(i.shellExtToNum)
    shellExtToNum                            0x08002263   Thumb Code    54  shell_ext.o(i.shellExtToNum)
    i.shellGetCommandDesc                    0x08002298   Section        0  shell.o(i.shellGetCommandDesc)
    shellGetCommandDesc                      0x08002299   Thumb Code    48  shell.o(i.shellGetCommandDesc)
    i.shellGetCommandName                    0x080022c8   Section        0  shell.o(i.shellGetCommandName)
    shellGetCommandName                      0x080022c9   Thumb Code    76  shell.o(i.shellGetCommandName)
    i.shellGetCurrent                        0x08002318   Section        0  shell.o(i.shellGetCurrent)
    i.shellGetVarValue                       0x0800234c   Section        0  shell.o(i.shellGetVarValue)
    i.shellHandler                           0x080023a0   Section        0  shell.o(i.shellHandler)
    i.shellHelp                              0x08002490   Section        0  shell.o(i.shellHelp)
    i.shellHistory                           0x080024bc   Section        0  shell.o(i.shellHistory)
    shellHistory                             0x080024bd   Thumb Code   194  shell.o(i.shellHistory)
    i.shellHistoryAdd                        0x0800257e   Section        0  shell.o(i.shellHistoryAdd)
    shellHistoryAdd                          0x0800257f   Thumb Code   122  shell.o(i.shellHistoryAdd)
    i.shellInit                              0x080025f8   Section        0  shell.o(i.shellInit)
    i.shellInsertByte                        0x08002694   Section        0  shell.o(i.shellInsertByte)
    i.shellKeys                              0x08002770   Section        0  shell.o(i.shellKeys)
    i.shellLeft                              0x08002782   Section        0  shell.o(i.shellLeft)
    i.shellListAll                           0x0800279c   Section        0  shell.o(i.shellListAll)
    i.shellListCommand                       0x080027a8   Section        0  shell.o(i.shellListCommand)
    i.shellListItem                          0x080027f4   Section        0  shell.o(i.shellListItem)
    i.shellListKey                           0x080028c4   Section        0  shell.o(i.shellListKey)
    i.shellListUser                          0x0800291c   Section        0  shell.o(i.shellListUser)
    i.shellListVar                           0x08002974   Section        0  shell.o(i.shellListVar)
    i.shellNormalInput                       0x080029cc   Section        0  shell.o(i.shellNormalInput)
    i.shellParserParam                       0x080029e8   Section        0  shell.o(i.shellParserParam)
    shellParserParam                         0x080029e9   Thumb Code   150  shell.o(i.shellParserParam)
    i.shellPrint                             0x08002a7e   Section        0  shell.o(i.shellPrint)
    i.shellRemoveParamQuotes                 0x08002ab6   Section        0  shell.o(i.shellRemoveParamQuotes)
    shellRemoveParamQuotes                   0x08002ab7   Thumb Code   106  shell.o(i.shellRemoveParamQuotes)
    i.shellRight                             0x08002b20   Section        0  shell.o(i.shellRight)
    i.shellRun                               0x08002b40   Section        0  shell.o(i.shellRun)
    i.shellRunCommand                        0x08002b9c   Section        0  shell.o(i.shellRunCommand)
    i.shellSeekCommand                       0x08002c4e   Section        0  shell.o(i.shellSeekCommand)
    i.shellSetUser                           0x08002cc8   Section        0  shell.o(i.shellSetUser)
    shellSetUser                             0x08002cc9   Thumb Code    88  shell.o(i.shellSetUser)
    i.shellSetVar                            0x08002d24   Section        0  shell.o(i.shellSetVar)
    i.shellSetVarValue                       0x08002d94   Section        0  shell.o(i.shellSetVarValue)
    i.shellShowVar                           0x08002e24   Section        0  shell.o(i.shellShowVar)
    shellShowVar                             0x08002e25   Thumb Code   158  shell.o(i.shellShowVar)
    i.shellStringCompare                     0x08002ee4   Section        0  shell.o(i.shellStringCompare)
    shellStringCompare                       0x08002ee5   Thumb Code    44  shell.o(i.shellStringCompare)
    i.shellStringCopy                        0x08002f10   Section        0  shell.o(i.shellStringCopy)
    shellStringCopy                          0x08002f11   Thumb Code    24  shell.o(i.shellStringCopy)
    i.shellTab                               0x08002f28   Section        0  shell.o(i.shellTab)
    i.shellToDec                             0x08003038   Section        0  shell.o(i.shellToDec)
    i.shellToHex                             0x0800308e   Section        0  shell.o(i.shellToHex)
    i.shellUp                                0x080030c6   Section        0  shell.o(i.shellUp)
    i.shellUsers                             0x080030d4   Section        0  shell.o(i.shellUsers)
    i.shellVars                              0x080030e6   Section        0  shell.o(i.shellVars)
    i.shellWriteByte                         0x080030f8   Section        0  shell.o(i.shellWriteByte)
    shellWriteByte                           0x080030f9   Thumb Code    16  shell.o(i.shellWriteByte)
    i.shellWriteCommandDesc                  0x08003108   Section        0  shell.o(i.shellWriteCommandDesc)
    shellWriteCommandDesc                    0x08003109   Thumb Code    96  shell.o(i.shellWriteCommandDesc)
    i.shellWriteCommandHelp                  0x0800316c   Section        0  shell.o(i.shellWriteCommandHelp)
    shellWriteCommandHelp                    0x0800316d   Thumb Code    98  shell.o(i.shellWriteCommandHelp)
    i.shellWritePrompt                       0x080031d8   Section        0  shell.o(i.shellWritePrompt)
    shellWritePrompt                         0x080031d9   Thumb Code    84  shell.o(i.shellWritePrompt)
    i.shellWriteReturnValue                  0x08003240   Section        0  shell.o(i.shellWriteReturnValue)
    shellWriteReturnValue                    0x08003241   Thumb Code   104  shell.o(i.shellWriteReturnValue)
    i.shellWriteString                       0x080032cc   Section        0  shell.o(i.shellWriteString)
    i.uart_init                              0x08003300   Section        0  uart.o(i.uart_init)
    i.uart_irq_init                          0x08003310   Section        0  uart.o(i.uart_irq_init)
    uart_irq_init                            0x08003311   Thumb Code    44  uart.o(i.uart_irq_init)
    i.uart_lowlevel_init                     0x08003340   Section        0  uart.o(i.uart_lowlevel_init)
    uart_lowlevel_init                       0x08003341   Thumb Code    62  uart.o(i.uart_lowlevel_init)
    i.uart_pin_init                          0x08003384   Section        0  uart.o(i.uart_pin_init)
    uart_pin_init                            0x08003385   Thumb Code    66  uart.o(i.uart_pin_init)
    i.uart_receive_callback_register         0x080033cc   Section        0  uart.o(i.uart_receive_callback_register)
    i.uart_senddata                          0x080033d8   Section        0  uart.o(i.uart_senddata)
    i.usart_receive                          0x080033f8   Section        0  main.o(i.usart_receive)
    usart_receive                            0x080033f9   Thumb Code    32  main.o(i.usart_receive)
    .constdata                               0x0800341c   Section      322  shell_cmd_list.o(.constdata)
    .constdata                               0x0800355e   Section      129  ctype_o.o(.constdata)
    .constdata                               0x080035e0   Section        4  ctype_o.o(.constdata)
    table                                    0x080035e0   Data           4  ctype_o.o(.constdata)
    .conststring                             0x080035e4   Section      677  shell.o(.conststring)
    .conststring                             0x0800388c   Section      301  shell_cmd_list.o(.conststring)
    .data                                    0x20000000   Section        4  main.o(.data)
    uart_rx_buffer                           0x20000000   Data           4  main.o(.data)
    .data                                    0x20000004   Section        4  uart.o(.data)
    uart_rx_callback                         0x20000004   Data           4  uart.o(.data)
    .data                                    0x20000008   Section       16  stm32f4xx_rcc.o(.data)
    APBAHBPrescTable                         0x20000008   Data          16  stm32f4xx_rcc.o(.data)
    .data                                    0x20000018   Section       84  shell.o(.data)
    shellText                                0x20000018   Data          84  shell.o(.data)
    .data                                    0x2000006c   Section        4  errno.o(.data)
    _errno                                   0x2000006c   Data           4  errno.o(.data)
    .bss                                     0x20000070   Section     1164  main.o(.bss)
    uart_buffer                              0x20000070   Data         512  main.o(.bss)
    shell                                    0x20000270   Data         140  main.o(.bss)
    shellBuffer                              0x200002fc   Data         512  main.o(.bss)
    .bss                                     0x200004fc   Section       21  shell.o(.bss)
    shellList                                0x200004fc   Data          12  shell.o(.bss)
    buffer                                   0x20000508   Data           9  shell.o(.bss)
    STACK                                    0x20000518   Section     1024  startup_stm32f40_41xxx.o(STACK)

    Global Symbols

    Symbol Name                              Value     Ov Type        Size  Object(Section)

    BuildAttributes$$THM_ISAv4$E$P$D$K$B$S$7EM$VFPi3$EXTD16$VFPS$VFMA$PE$A:L22UL41UL21$X:L11$S22US41US21$IEEE1$IW$USESV6$~STKCKD$USESV7$~SHL$OSPACE$ROPI$EBA8$MICROLIB$REQ8$PRES8$EABIv2 0x00000000   Number         0  anon$$obj.o ABSOLUTE
    __ARM_use_no_argv                        0x00000000   Number         0  main.o ABSOLUTE
    __cpp_initialize__aeabi_                  - Undefined Weak Reference
    __cxa_finalize                            - Undefined Weak Reference
    __decompress                              - Undefined Weak Reference
    _clock_init                               - Undefined Weak Reference
    _microlib_exit                            - Undefined Weak Reference
    __Vectors_Size                           0x00000188   Number         0  startup_stm32f40_41xxx.o ABSOLUTE
    __Vectors                                0x08000000   Data           4  startup_stm32f40_41xxx.o(RESET)
    __Vectors_End                            0x08000188   Data           0  startup_stm32f40_41xxx.o(RESET)
    __main                                   0x08000189   Thumb Code     0  entry.o(.ARM.Collect$$$$00000000)
    _main_stk                                0x08000189   Thumb Code     0  entry2.o(.ARM.Collect$$$$00000001)
    _main_scatterload                        0x0800018d   Thumb Code     0  entry5.o(.ARM.Collect$$$$00000004)
    __main_after_scatterload                 0x08000191   Thumb Code     0  entry5.o(.ARM.Collect$$$$00000004)
    _main_clock                              0x08000191   Thumb Code     0  entry7b.o(.ARM.Collect$$$$00000008)
    _main_cpp_init                           0x08000191   Thumb Code     0  entry8b.o(.ARM.Collect$$$$0000000A)
    _main_init                               0x08000191   Thumb Code     0  entry9a.o(.ARM.Collect$$$$0000000B)
    __rt_final_cpp                           0x08000199   Thumb Code     0  entry10a.o(.ARM.Collect$$$$0000000D)
    __rt_final_exit                          0x08000199   Thumb Code     0  entry11a.o(.ARM.Collect$$$$0000000F)
    Reset_Handler                            0x0800019d   Thumb Code     8  startup_stm32f40_41xxx.o(.text)
    ADC_IRQHandler                           0x080001b7   Thumb Code     0  startup_stm32f40_41xxx.o(.text)
    CAN1_RX0_IRQHandler                      0x080001b7   Thumb Code     0  startup_stm32f40_41xxx.o(.text)
    CAN1_RX1_IRQHandler                      0x080001b7   Thumb Code     0  startup_stm32f40_41xxx.o(.text)
    CAN1_SCE_IRQHandler                      0x080001b7   Thumb Code     0  startup_stm32f40_41xxx.o(.text)
    CAN1_TX_IRQHandler                       0x080001b7   Thumb Code     0  startup_stm32f40_41xxx.o(.text)
    CAN2_RX0_IRQHandler                      0x080001b7   Thumb Code     0  startup_stm32f40_41xxx.o(.text)
    CAN2_RX1_IRQHandler                      0x080001b7   Thumb Code     0  startup_stm32f40_41xxx.o(.text)
    CAN2_SCE_IRQHandler                      0x080001b7   Thumb Code     0  startup_stm32f40_41xxx.o(.text)
    CAN2_TX_IRQHandler                       0x080001b7   Thumb Code     0  startup_stm32f40_41xxx.o(.text)
    CRYP_IRQHandler                          0x080001b7   Thumb Code     0  startup_stm32f40_41xxx.o(.text)
    DCMI_IRQHandler                          0x080001b7   Thumb Code     0  startup_stm32f40_41xxx.o(.text)
    DMA1_Stream0_IRQHandler                  0x080001b7   Thumb Code     0  startup_stm32f40_41xxx.o(.text)
    DMA1_Stream1_IRQHandler                  0x080001b7   Thumb Code     0  startup_stm32f40_41xxx.o(.text)
    DMA1_Stream2_IRQHandler                  0x080001b7   Thumb Code     0  startup_stm32f40_41xxx.o(.text)
    DMA1_Stream3_IRQHandler                  0x080001b7   Thumb Code     0  startup_stm32f40_41xxx.o(.text)
    DMA1_Stream4_IRQHandler                  0x080001b7   Thumb Code     0  startup_stm32f40_41xxx.o(.text)
    DMA1_Stream5_IRQHandler                  0x080001b7   Thumb Code     0  startup_stm32f40_41xxx.o(.text)
    DMA1_Stream6_IRQHandler                  0x080001b7   Thumb Code     0  startup_stm32f40_41xxx.o(.text)
    DMA1_Stream7_IRQHandler                  0x080001b7   Thumb Code     0  startup_stm32f40_41xxx.o(.text)
    DMA2_Stream0_IRQHandler                  0x080001b7   Thumb Code     0  startup_stm32f40_41xxx.o(.text)
    DMA2_Stream1_IRQHandler                  0x080001b7   Thumb Code     0  startup_stm32f40_41xxx.o(.text)
    DMA2_Stream2_IRQHandler                  0x080001b7   Thumb Code     0  startup_stm32f40_41xxx.o(.text)
    DMA2_Stream3_IRQHandler                  0x080001b7   Thumb Code     0  startup_stm32f40_41xxx.o(.text)
    DMA2_Stream4_IRQHandler                  0x080001b7   Thumb Code     0  startup_stm32f40_41xxx.o(.text)
    DMA2_Stream5_IRQHandler                  0x080001b7   Thumb Code     0  startup_stm32f40_41xxx.o(.text)
    DMA2_Stream6_IRQHandler                  0x080001b7   Thumb Code     0  startup_stm32f40_41xxx.o(.text)
    DMA2_Stream7_IRQHandler                  0x080001b7   Thumb Code     0  startup_stm32f40_41xxx.o(.text)
    ETH_IRQHandler                           0x080001b7   Thumb Code     0  startup_stm32f40_41xxx.o(.text)
    ETH_WKUP_IRQHandler                      0x080001b7   Thumb Code     0  startup_stm32f40_41xxx.o(.text)
    EXTI0_IRQHandler                         0x080001b7   Thumb Code     0  startup_stm32f40_41xxx.o(.text)
    EXTI15_10_IRQHandler                     0x080001b7   Thumb Code     0  startup_stm32f40_41xxx.o(.text)
    EXTI1_IRQHandler                         0x080001b7   Thumb Code     0  startup_stm32f40_41xxx.o(.text)
    EXTI2_IRQHandler                         0x080001b7   Thumb Code     0  startup_stm32f40_41xxx.o(.text)
    EXTI3_IRQHandler                         0x080001b7   Thumb Code     0  startup_stm32f40_41xxx.o(.text)
    EXTI4_IRQHandler                         0x080001b7   Thumb Code     0  startup_stm32f40_41xxx.o(.text)
    EXTI9_5_IRQHandler                       0x080001b7   Thumb Code     0  startup_stm32f40_41xxx.o(.text)
    FLASH_IRQHandler                         0x080001b7   Thumb Code     0  startup_stm32f40_41xxx.o(.text)
    FPU_IRQHandler                           0x080001b7   Thumb Code     0  startup_stm32f40_41xxx.o(.text)
    FSMC_IRQHandler                          0x080001b7   Thumb Code     0  startup_stm32f40_41xxx.o(.text)
    HASH_RNG_IRQHandler                      0x080001b7   Thumb Code     0  startup_stm32f40_41xxx.o(.text)
    I2C1_ER_IRQHandler                       0x080001b7   Thumb Code     0  startup_stm32f40_41xxx.o(.text)
    I2C1_EV_IRQHandler                       0x080001b7   Thumb Code     0  startup_stm32f40_41xxx.o(.text)
    I2C2_ER_IRQHandler                       0x080001b7   Thumb Code     0  startup_stm32f40_41xxx.o(.text)
    I2C2_EV_IRQHandler                       0x080001b7   Thumb Code     0  startup_stm32f40_41xxx.o(.text)
    I2C3_ER_IRQHandler                       0x080001b7   Thumb Code     0  startup_stm32f40_41xxx.o(.text)
    I2C3_EV_IRQHandler                       0x080001b7   Thumb Code     0  startup_stm32f40_41xxx.o(.text)
    OTG_FS_IRQHandler                        0x080001b7   Thumb Code     0  startup_stm32f40_41xxx.o(.text)
    OTG_FS_WKUP_IRQHandler                   0x080001b7   Thumb Code     0  startup_stm32f40_41xxx.o(.text)
    OTG_HS_EP1_IN_IRQHandler                 0x080001b7   Thumb Code     0  startup_stm32f40_41xxx.o(.text)
    OTG_HS_EP1_OUT_IRQHandler                0x080001b7   Thumb Code     0  startup_stm32f40_41xxx.o(.text)
    OTG_HS_IRQHandler                        0x080001b7   Thumb Code     0  startup_stm32f40_41xxx.o(.text)
    OTG_HS_WKUP_IRQHandler                   0x080001b7   Thumb Code     0  startup_stm32f40_41xxx.o(.text)
    PVD_IRQHandler                           0x080001b7   Thumb Code     0  startup_stm32f40_41xxx.o(.text)
    RCC_IRQHandler                           0x080001b7   Thumb Code     0  startup_stm32f40_41xxx.o(.text)
    RTC_Alarm_IRQHandler                     0x080001b7   Thumb Code     0  startup_stm32f40_41xxx.o(.text)
    RTC_WKUP_IRQHandler                      0x080001b7   Thumb Code     0  startup_stm32f40_41xxx.o(.text)
    SDIO_IRQHandler                          0x080001b7   Thumb Code     0  startup_stm32f40_41xxx.o(.text)
    SPI1_IRQHandler                          0x080001b7   Thumb Code     0  startup_stm32f40_41xxx.o(.text)
    SPI2_IRQHandler                          0x080001b7   Thumb Code     0  startup_stm32f40_41xxx.o(.text)
    SPI3_IRQHandler                          0x080001b7   Thumb Code     0  startup_stm32f40_41xxx.o(.text)
    TAMP_STAMP_IRQHandler                    0x080001b7   Thumb Code     0  startup_stm32f40_41xxx.o(.text)
    TIM1_BRK_TIM9_IRQHandler                 0x080001b7   Thumb Code     0  startup_stm32f40_41xxx.o(.text)
    TIM1_CC_IRQHandler                       0x080001b7   Thumb Code     0  startup_stm32f40_41xxx.o(.text)
    TIM1_TRG_COM_TIM11_IRQHandler            0x080001b7   Thumb Code     0  startup_stm32f40_41xxx.o(.text)
    TIM1_UP_TIM10_IRQHandler                 0x080001b7   Thumb Code     0  startup_stm32f40_41xxx.o(.text)
    TIM2_IRQHandler                          0x080001b7   Thumb Code     0  startup_stm32f40_41xxx.o(.text)
    TIM3_IRQHandler                          0x080001b7   Thumb Code     0  startup_stm32f40_41xxx.o(.text)
    TIM4_IRQHandler                          0x080001b7   Thumb Code     0  startup_stm32f40_41xxx.o(.text)
    TIM5_IRQHandler                          0x080001b7   Thumb Code     0  startup_stm32f40_41xxx.o(.text)
    TIM6_DAC_IRQHandler                      0x080001b7   Thumb Code     0  startup_stm32f40_41xxx.o(.text)
    TIM7_IRQHandler                          0x080001b7   Thumb Code     0  startup_stm32f40_41xxx.o(.text)
    TIM8_BRK_TIM12_IRQHandler                0x080001b7   Thumb Code     0  startup_stm32f40_41xxx.o(.text)
    TIM8_CC_IRQHandler                       0x080001b7   Thumb Code     0  startup_stm32f40_41xxx.o(.text)
    TIM8_TRG_COM_TIM14_IRQHandler            0x080001b7   Thumb Code     0  startup_stm32f40_41xxx.o(.text)
    TIM8_UP_TIM13_IRQHandler                 0x080001b7   Thumb Code     0  startup_stm32f40_41xxx.o(.text)
    UART4_IRQHandler                         0x080001b7   Thumb Code     0  startup_stm32f40_41xxx.o(.text)
    UART5_IRQHandler                         0x080001b7   Thumb Code     0  startup_stm32f40_41xxx.o(.text)
    USART2_IRQHandler                        0x080001b7   Thumb Code     0  startup_stm32f40_41xxx.o(.text)
    USART3_IRQHandler                        0x080001b7   Thumb Code     0  startup_stm32f40_41xxx.o(.text)
    USART6_IRQHandler                        0x080001b7   Thumb Code     0  startup_stm32f40_41xxx.o(.text)
    WWDG_IRQHandler                          0x080001b7   Thumb Code     0  startup_stm32f40_41xxx.o(.text)
    __aeabi_memset                           0x080001c1   Thumb Code    14  memseta.o(.text)
    __aeabi_memset4                          0x080001c1   Thumb Code     0  memseta.o(.text)
    __aeabi_memset8                          0x080001c1   Thumb Code     0  memseta.o(.text)
    __aeabi_memclr                           0x080001cf   Thumb Code     4  memseta.o(.text)
    __aeabi_memclr4                          0x080001cf   Thumb Code     0  memseta.o(.text)
    __aeabi_memclr8                          0x080001cf   Thumb Code     0  memseta.o(.text)
    _memset$wrapper                          0x080001d3   Thumb Code    18  memseta.o(.text)
    strlen                                   0x080001e5   Thumb Code    14  strlen.o(.text)
    strcmp                                   0x080001f3   Thumb Code    28  strcmp.o(.text)
    strncmp                                  0x0800020f   Thumb Code    30  strncmp.o(.text)
    atoi                                     0x0800022d   Thumb Code    26  atoi.o(.text)
    __aeabi_uidiv                            0x08000247   Thumb Code     0  uidiv.o(.text)
    __aeabi_uidivmod                         0x08000247   Thumb Code    44  uidiv.o(.text)
    __aeabi_uldivmod                         0x08000273   Thumb Code    98  uldiv.o(.text)
    strtol                                   0x080002d5   Thumb Code   112  strtol.o(.text)
    __I$use$fp                               0x08000345   Thumb Code     0  iusefp.o(.text)
    __aeabi_dadd                             0x08000345   Thumb Code   322  dadd.o(.text)
    __aeabi_dsub                             0x08000487   Thumb Code     6  dadd.o(.text)
    __aeabi_drsub                            0x0800048d   Thumb Code     6  dadd.o(.text)
    __aeabi_dmul                             0x08000493   Thumb Code   228  dmul.o(.text)
    __aeabi_ddiv                             0x08000577   Thumb Code   222  ddiv.o(.text)
    __aeabi_d2ulz                            0x08000655   Thumb Code    48  dfixul.o(.text)
    __aeabi_cdrcmple                         0x08000685   Thumb Code    48  cdrcmple.o(.text)
    __scatterload                            0x080006b5   Thumb Code    28  init.o(.text)
    __scatterload_rt2                        0x080006b5   Thumb Code     0  init.o(.text)
    __aeabi_llsl                             0x080006d9   Thumb Code    30  llshl.o(.text)
    _ll_shift_l                              0x080006d9   Thumb Code     0  llshl.o(.text)
    __aeabi_llsr                             0x080006f7   Thumb Code    32  llushr.o(.text)
    _ll_ushift_r                             0x080006f7   Thumb Code     0  llushr.o(.text)
    __aeabi_lasr                             0x08000717   Thumb Code    36  llsshr.o(.text)
    _ll_sshift_r                             0x08000717   Thumb Code     0  llsshr.o(.text)
    __rt_ctype_table                         0x0800073d   Thumb Code     4  ctype_o.o(.text)
    _strtoul                                 0x08000745   Thumb Code   158  _strtoul.o(.text)
    _double_round                            0x080007e3   Thumb Code    30  depilogue.o(.text)
    _double_epilogue                         0x08000801   Thumb Code   156  depilogue.o(.text)
    _chval                                   0x0800089d   Thumb Code    28  _chval.o(.text)
    BusFault_Handler                         0x080008b9   Thumb Code     4  stm32f4xx_it.o(i.BusFault_Handler)
    DebugMon_Handler                         0x080008bd   Thumb Code     2  stm32f4xx_it.o(i.DebugMon_Handler)
    GPIO_Init                                0x080008bf   Thumb Code   144  stm32f4xx_gpio.o(i.GPIO_Init)
    GPIO_PinAFConfig                         0x0800094f   Thumb Code    70  stm32f4xx_gpio.o(i.GPIO_PinAFConfig)
    HardFault_Handler                        0x08000995   Thumb Code     4  stm32f4xx_it.o(i.HardFault_Handler)
    MemManage_Handler                        0x08000999   Thumb Code     4  stm32f4xx_it.o(i.MemManage_Handler)
    NMI_Handler                              0x0800099d   Thumb Code     2  stm32f4xx_it.o(i.NMI_Handler)
    NVIC_Init                                0x080009a1   Thumb Code   106  misc.o(i.NVIC_Init)
    PendSV_Handler                           0x08000a19   Thumb Code     2  stm32f4xx_it.o(i.PendSV_Handler)
    RCC_AHB1PeriphClockCmd                   0x08000a1d   Thumb Code    26  stm32f4xx_rcc.o(i.RCC_AHB1PeriphClockCmd)
    RCC_APB2PeriphClockCmd                   0x08000a3d   Thumb Code    26  stm32f4xx_rcc.o(i.RCC_APB2PeriphClockCmd)
    RCC_GetClocksFreq                        0x08000a5d   Thumb Code   214  stm32f4xx_rcc.o(i.RCC_GetClocksFreq)
    SVC_Handler                              0x08000b45   Thumb Code     2  stm32f4xx_it.o(i.SVC_Handler)
    SysTick_Handler                          0x08000c35   Thumb Code     2  stm32f4xx_it.o(i.SysTick_Handler)
    SystemInit                               0x08000c39   Thumb Code    88  system_stm32f4xx.o(i.SystemInit)
    USART1_IRQHandler                        0x08000ca1   Thumb Code    50  uart.o(i.USART1_IRQHandler)
    USART_ClearITPendingBit                  0x08000cdd   Thumb Code    30  stm32f4xx_usart.o(i.USART_ClearITPendingBit)
    USART_Cmd                                0x08000cfb   Thumb Code    24  stm32f4xx_usart.o(i.USART_Cmd)
    USART_GetFlagStatus                      0x08000d13   Thumb Code    26  stm32f4xx_usart.o(i.USART_GetFlagStatus)
    USART_GetITStatus                        0x08000d2d   Thumb Code    84  stm32f4xx_usart.o(i.USART_GetITStatus)
    USART_ITConfig                           0x08000d81   Thumb Code    74  stm32f4xx_usart.o(i.USART_ITConfig)
    USART_Init                               0x08000dcd   Thumb Code   204  stm32f4xx_usart.o(i.USART_Init)
    USART_ReceiveData                        0x08000ea1   Thumb Code    10  stm32f4xx_usart.o(i.USART_ReceiveData)
    USART_SendData                           0x08000eab   Thumb Code     8  stm32f4xx_usart.o(i.USART_SendData)
    UsageFault_Handler                       0x08000eb3   Thumb Code     4  stm32f4xx_it.o(i.UsageFault_Handler)
    __0vsnprintf                             0x08000eb9   Thumb Code    40  printfa.o(i.__0vsnprintf)
    __1vsnprintf                             0x08000eb9   Thumb Code     0  printfa.o(i.__0vsnprintf)
    __2vsnprintf                             0x08000eb9   Thumb Code     0  printfa.o(i.__0vsnprintf)
    __c89vsnprintf                           0x08000eb9   Thumb Code     0  printfa.o(i.__0vsnprintf)
    vsnprintf                                0x08000eb9   Thumb Code     0  printfa.o(i.__0vsnprintf)
    __aeabi_errno_addr                       0x08000ee5   Thumb Code     4  errno.o(i.__aeabi_errno_addr)
    __rt_errno_addr                          0x08000ee5   Thumb Code     0  errno.o(i.__aeabi_errno_addr)
    __scatterload_copy                       0x08000eed   Thumb Code    14  handlers.o(i.__scatterload_copy)
    __scatterload_null                       0x08000efb   Thumb Code     2  handlers.o(i.__scatterload_null)
    __scatterload_zeroinit                   0x08000efd   Thumb Code    14  handlers.o(i.__scatterload_zeroinit)
    agencyshellRun                           0x080017f1   Thumb Code    32  shell_cmd_list.o(i.agencyshellRun)
    board_lowlevel_init                      0x08001811   Thumb Code    52  board.o(i.board_lowlevel_init)
    cmd_add                                  0x0800184d   Thumb Code    76  add.o(i.cmd_add)
    main                                     0x080018c9   Thumb Code    86  main.o(i.main)
    rb8_empty                                0x08001951   Thumb Code    18  ringbuffer8.o(i.rb8_empty)
    rb8_full                                 0x08001963   Thumb Code    24  ringbuffer8.o(i.rb8_full)
    rb8_get                                  0x0800197b   Thumb Code    52  ringbuffer8.o(i.rb8_get)
    rb8_new                                  0x080019af   Thumb Code    12  ringbuffer8.o(i.rb8_new)
    rb8_put                                  0x080019bb   Thumb Code    42  ringbuffer8.o(i.rb8_put)
    shellBackspace                           0x08001a0d   Thumb Code    14  shell.o(i.shellBackspace)
    shellCheckPermission                     0x08001a61   Thumb Code    54  shell.o(i.shellCheckPermission)
    shellClear                               0x08001a99   Thumb Code    22  shell.o(i.shellClear)
    shellClearCommandLine                    0x08001ab5   Thumb Code    40  shell.o(i.shellClearCommandLine)
    shellCmds                                0x08001add   Thumb Code    18  shell.o(i.shellCmds)
    shellDelete                              0x08001aef   Thumb Code    16  shell.o(i.shellDelete)
    shellDeleteByte                          0x08001aff   Thumb Code   218  shell.o(i.shellDeleteByte)
    shellDeleteCommandLine                   0x08001bd9   Thumb Code    28  shell.o(i.shellDeleteCommandLine)
    shellDown                                0x08001bf9   Thumb Code    16  shell.o(i.shellDown)
    shellEnter                               0x08001c09   Thumb Code    20  shell.o(i.shellEnter)
    shellExec                                0x08001c1d   Thumb Code   110  shell.o(i.shellExec)
    shellExtParsePara                        0x08001e21   Thumb Code    86  shell_ext.o(i.shellExtParsePara)
    shellExtRun                              0x08001ee5   Thumb Code   894  shell_ext.o(i.shellExtRun)
    shellGetCurrent                          0x08002319   Thumb Code    48  shell.o(i.shellGetCurrent)
    shellGetVarValue                         0x0800234d   Thumb Code    84  shell.o(i.shellGetVarValue)
    shellHandler                             0x080023a1   Thumb Code   236  shell.o(i.shellHandler)
    shellHelp                                0x08002491   Thumb Code    44  shell.o(i.shellHelp)
    shellInit                                0x080025f9   Thumb Code   140  shell.o(i.shellInit)
    shellInsertByte                          0x08002695   Thumb Code   214  shell.o(i.shellInsertByte)
    shellKeys                                0x08002771   Thumb Code    18  shell.o(i.shellKeys)
    shellLeft                                0x08002783   Thumb Code    26  shell.o(i.shellLeft)
    shellListAll                             0x0800279d   Thumb Code    12  shell.o(i.shellListAll)
    shellListCommand                         0x080027a9   Thumb Code    70  shell.o(i.shellListCommand)
    shellListItem                            0x080027f5   Thumb Code   194  shell.o(i.shellListItem)
    shellListKey                             0x080028c5   Thumb Code    84  shell.o(i.shellListKey)
    shellListUser                            0x0800291d   Thumb Code    84  shell.o(i.shellListUser)
    shellListVar                             0x08002975   Thumb Code    84  shell.o(i.shellListVar)
    shellNormalInput                         0x080029cd   Thumb Code    28  shell.o(i.shellNormalInput)
    shellPrint                               0x08002a7f   Thumb Code    56  shell.o(i.shellPrint)
    shellRight                               0x08002b21   Thumb Code    30  shell.o(i.shellRight)
    shellRun                                 0x08002b41   Thumb Code    88  shell.o(i.shellRun)
    shellRunCommand                          0x08002b9d   Thumb Code   178  shell.o(i.shellRunCommand)
    shellSeekCommand                         0x08002c4f   Thumb Code   122  shell.o(i.shellSeekCommand)
    shellSetVar                              0x08002d25   Thumb Code   106  shell.o(i.shellSetVar)
    shellSetVarValue                         0x08002d95   Thumb Code   140  shell.o(i.shellSetVarValue)
    shellTab                                 0x08002f29   Thumb Code   266  shell.o(i.shellTab)
    shellToDec                               0x08003039   Thumb Code    86  shell.o(i.shellToDec)
    shellToHex                               0x0800308f   Thumb Code    56  shell.o(i.shellToHex)
    shellUp                                  0x080030c7   Thumb Code    14  shell.o(i.shellUp)
    shellUsers                               0x080030d5   Thumb Code    18  shell.o(i.shellUsers)
    shellVars                                0x080030e7   Thumb Code    18  shell.o(i.shellVars)
    shellWriteString                         0x080032cd   Thumb Code    52  shell.o(i.shellWriteString)
    uart_init                                0x08003301   Thumb Code    16  uart.o(i.uart_init)
    uart_receive_callback_register           0x080033cd   Thumb Code     6  uart.o(i.uart_receive_callback_register)
    uart_senddata                            0x080033d9   Thumb Code    28  uart.o(i.uart_senddata)
    shellCommandList                         0x0800341c   Data         320  shell_cmd_list.o(.constdata)
    shellCommandCount                        0x0800355c   Data           2  shell_cmd_list.o(.constdata)
    __ctype_table                            0x0800355e   Data         129  ctype_o.o(.constdata)
    Region$$Table$$Base                      0x080039bc   Number         0  anon$$obj.o(Region$$Table)
    Region$$Table$$Limit                     0x080039dc   Number         0  anon$$obj.o(Region$$Table)
    __initial_sp                             0x20000918   Data           0  startup_stm32f40_41xxx.o(STACK)



==============================================================================

Memory Map of the image

  Image Entry point : 0x08000189

  Load Region LR_IROM1 (Base: 0x08000000, Size: 0x00003a4c, Max: 0x00080000, ABSOLUTE)

    Execution Region ER_IROM1 (Exec base: 0x08000000, Load base: 0x08000000, Size: 0x000039dc, Max: 0x00080000, ABSOLUTE)

    Exec Addr    Load Addr    Size         Type   Attr      Idx    E Section Name        Object

    0x08000000   0x08000000   0x00000188   Data   RO          276    RESET               startup_stm32f40_41xxx.o
    0x08000188   0x08000188   0x00000000   Code   RO         5892  * .ARM.Collect$$$$00000000  mc_w.l(entry.o)
    0x08000188   0x08000188   0x00000004   Code   RO         5933    .ARM.Collect$$$$00000001  mc_w.l(entry2.o)
    0x0800018c   0x0800018c   0x00000004   Code   RO         5936    .ARM.Collect$$$$00000004  mc_w.l(entry5.o)
    0x08000190   0x08000190   0x00000000   Code   RO         5938    .ARM.Collect$$$$00000008  mc_w.l(entry7b.o)
    0x08000190   0x08000190   0x00000000   Code   RO         5940    .ARM.Collect$$$$0000000A  mc_w.l(entry8b.o)
    0x08000190   0x08000190   0x00000008   Code   RO         5941    .ARM.Collect$$$$0000000B  mc_w.l(entry9a.o)
    0x08000198   0x08000198   0x00000000   Code   RO         5943    .ARM.Collect$$$$0000000D  mc_w.l(entry10a.o)
    0x08000198   0x08000198   0x00000000   Code   RO         5945    .ARM.Collect$$$$0000000F  mc_w.l(entry11a.o)
    0x08000198   0x08000198   0x00000004   Code   RO         5934    .ARM.Collect$$$$00002712  mc_w.l(entry2.o)
    0x0800019c   0x0800019c   0x00000024   Code   RO          277    .text               startup_stm32f40_41xxx.o
    0x080001c0   0x080001c0   0x00000024   Code   RO         5895    .text               mc_w.l(memseta.o)
    0x080001e4   0x080001e4   0x0000000e   Code   RO         5897    .text               mc_w.l(strlen.o)
    0x080001f2   0x080001f2   0x0000001c   Code   RO         5899    .text               mc_w.l(strcmp.o)
    0x0800020e   0x0800020e   0x0000001e   Code   RO         5901    .text               mc_w.l(strncmp.o)
    0x0800022c   0x0800022c   0x0000001a   Code   RO         5931    .text               mc_w.l(atoi.o)
    0x08000246   0x08000246   0x0000002c   Code   RO         5950    .text               mc_w.l(uidiv.o)
    0x08000272   0x08000272   0x00000062   Code   RO         5952    .text               mc_w.l(uldiv.o)
    0x080002d4   0x080002d4   0x00000070   Code   RO         5961    .text               mc_w.l(strtol.o)
    0x08000344   0x08000344   0x00000000   Code   RO         5963    .text               mc_w.l(iusefp.o)
    0x08000344   0x08000344   0x0000014e   Code   RO         5964    .text               mf_w.l(dadd.o)
    0x08000492   0x08000492   0x000000e4   Code   RO         5966    .text               mf_w.l(dmul.o)
    0x08000576   0x08000576   0x000000de   Code   RO         5968    .text               mf_w.l(ddiv.o)
    0x08000654   0x08000654   0x00000030   Code   RO         5970    .text               mf_w.l(dfixul.o)
    0x08000684   0x08000684   0x00000030   Code   RO         5972    .text               mf_w.l(cdrcmple.o)
    0x080006b4   0x080006b4   0x00000024   Code   RO         5974    .text               mc_w.l(init.o)
    0x080006d8   0x080006d8   0x0000001e   Code   RO         5977    .text               mc_w.l(llshl.o)
    0x080006f6   0x080006f6   0x00000020   Code   RO         5979    .text               mc_w.l(llushr.o)
    0x08000716   0x08000716   0x00000024   Code   RO         5981    .text               mc_w.l(llsshr.o)
    0x0800073a   0x0800073a   0x00000002   PAD
    0x0800073c   0x0800073c   0x00000008   Code   RO         5983    .text               mc_w.l(ctype_o.o)
    0x08000744   0x08000744   0x0000009e   Code   RO         6011    .text               mc_w.l(_strtoul.o)
    0x080007e2   0x080007e2   0x000000ba   Code   RO         6014    .text               mf_w.l(depilogue.o)
    0x0800089c   0x0800089c   0x0000001c   Code   RO         6016    .text               mc_w.l(_chval.o)
    0x080008b8   0x080008b8   0x00000004   Code   RO          284    i.BusFault_Handler  stm32f4xx_it.o
    0x080008bc   0x080008bc   0x00000002   Code   RO          285    i.DebugMon_Handler  stm32f4xx_it.o
    0x080008be   0x080008be   0x00000090   Code   RO         2275    i.GPIO_Init         stm32f4xx_gpio.o
    0x0800094e   0x0800094e   0x00000046   Code   RO         2276    i.GPIO_PinAFConfig  stm32f4xx_gpio.o
    0x08000994   0x08000994   0x00000004   Code   RO          286    i.HardFault_Handler  stm32f4xx_it.o
    0x08000998   0x08000998   0x00000004   Code   RO          287    i.MemManage_Handler  stm32f4xx_it.o
    0x0800099c   0x0800099c   0x00000002   Code   RO          288    i.NMI_Handler       stm32f4xx_it.o
    0x0800099e   0x0800099e   0x00000002   PAD
    0x080009a0   0x080009a0   0x00000078   Code   RO          400    i.NVIC_Init         misc.o
    0x08000a18   0x08000a18   0x00000002   Code   RO          289    i.PendSV_Handler    stm32f4xx_it.o
    0x08000a1a   0x08000a1a   0x00000002   PAD
    0x08000a1c   0x08000a1c   0x00000020   Code   RO         3201    i.RCC_AHB1PeriphClockCmd  stm32f4xx_rcc.o
    0x08000a3c   0x08000a3c   0x00000020   Code   RO         3213    i.RCC_APB2PeriphClockCmd  stm32f4xx_rcc.o
    0x08000a5c   0x08000a5c   0x000000e8   Code   RO         3222    i.RCC_GetClocksFreq  stm32f4xx_rcc.o
    0x08000b44   0x08000b44   0x00000002   Code   RO          290    i.SVC_Handler       stm32f4xx_it.o
    0x08000b46   0x08000b46   0x00000002   PAD
    0x08000b48   0x08000b48   0x000000ec   Code   RO          359    i.SetSysClock       system_stm32f4xx.o
    0x08000c34   0x08000c34   0x00000002   Code   RO          291    i.SysTick_Handler   stm32f4xx_it.o
    0x08000c36   0x08000c36   0x00000002   PAD
    0x08000c38   0x08000c38   0x00000068   Code   RO          361    i.SystemInit        system_stm32f4xx.o
    0x08000ca0   0x08000ca0   0x0000003c   Code   RO          218    i.USART1_IRQHandler  uart.o
    0x08000cdc   0x08000cdc   0x0000001e   Code   RO         5148    i.USART_ClearITPendingBit  stm32f4xx_usart.o
    0x08000cfa   0x08000cfa   0x00000018   Code   RO         5151    i.USART_Cmd         stm32f4xx_usart.o
    0x08000d12   0x08000d12   0x0000001a   Code   RO         5154    i.USART_GetFlagStatus  stm32f4xx_usart.o
    0x08000d2c   0x08000d2c   0x00000054   Code   RO         5155    i.USART_GetITStatus  stm32f4xx_usart.o
    0x08000d80   0x08000d80   0x0000004a   Code   RO         5157    i.USART_ITConfig    stm32f4xx_usart.o
    0x08000dca   0x08000dca   0x00000002   PAD
    0x08000dcc   0x08000dcc   0x000000d4   Code   RO         5158    i.USART_Init        stm32f4xx_usart.o
    0x08000ea0   0x08000ea0   0x0000000a   Code   RO         5165    i.USART_ReceiveData  stm32f4xx_usart.o
    0x08000eaa   0x08000eaa   0x00000008   Code   RO         5168    i.USART_SendData    stm32f4xx_usart.o
    0x08000eb2   0x08000eb2   0x00000004   Code   RO          292    i.UsageFault_Handler  stm32f4xx_it.o
    0x08000eb6   0x08000eb6   0x00000002   PAD
    0x08000eb8   0x08000eb8   0x0000002c   Code   RO         5909    i.__0vsnprintf      mc_w.l(printfa.o)
    0x08000ee4   0x08000ee4   0x00000008   Code   RO         5954    i.__aeabi_errno_addr  mc_w.l(errno.o)
    0x08000eec   0x08000eec   0x0000000e   Code   RO         6020    i.__scatterload_copy  mc_w.l(handlers.o)
    0x08000efa   0x08000efa   0x00000002   Code   RO         6021    i.__scatterload_null  mc_w.l(handlers.o)
    0x08000efc   0x08000efc   0x0000000e   Code   RO         6022    i.__scatterload_zeroinit  mc_w.l(handlers.o)
    0x08000f0a   0x08000f0a   0x00000002   PAD
    0x08000f0c   0x08000f0c   0x00000184   Code   RO         5911    i._fp_digits        mc_w.l(printfa.o)
    0x08001090   0x08001090   0x000006dc   Code   RO         5912    i._printf_core      mc_w.l(printfa.o)
    0x0800176c   0x0800176c   0x00000024   Code   RO         5913    i._printf_post_padding  mc_w.l(printfa.o)
    0x08001790   0x08001790   0x0000002e   Code   RO         5914    i._printf_pre_padding  mc_w.l(printfa.o)
    0x080017be   0x080017be   0x0000001c   Code   RO            4    i._shell_write      main.o
    0x080017da   0x080017da   0x00000016   Code   RO         5915    i._snputc           mc_w.l(printfa.o)
    0x080017f0   0x080017f0   0x00000020   Code   RO         5760    i.agencyshellRun    shell_cmd_list.o
    0x08001810   0x08001810   0x0000003c   Code   RO          172    i.board_lowlevel_init  board.o
    0x0800184c   0x0800184c   0x0000007c   Code   RO          197    i.cmd_add           add.o
    0x080018c8   0x080018c8   0x00000070   Code   RO            5    i.main              main.o
    0x08001938   0x08001938   0x00000018   Code   RO         5830    i.next_head         ringbuffer8.o
    0x08001950   0x08001950   0x00000012   Code   RO         5831    i.rb8_empty         ringbuffer8.o
    0x08001962   0x08001962   0x00000018   Code   RO         5832    i.rb8_full          ringbuffer8.o
    0x0800197a   0x0800197a   0x00000034   Code   RO         5833    i.rb8_get           ringbuffer8.o
    0x080019ae   0x080019ae   0x0000000c   Code   RO         5835    i.rb8_new           ringbuffer8.o
    0x080019ba   0x080019ba   0x0000002a   Code   RO         5836    i.rb8_put           ringbuffer8.o
    0x080019e4   0x080019e4   0x00000028   Code   RO         5402    i.shellAdd          shell.o
    0x08001a0c   0x08001a0c   0x0000000e   Code   RO         5403    i.shellBackspace    shell.o
    0x08001a1a   0x08001a1a   0x00000002   PAD
    0x08001a1c   0x08001a1c   0x00000044   Code   RO         5404    i.shellCheckPassword  shell.o
    0x08001a60   0x08001a60   0x00000036   Code   RO         5405    i.shellCheckPermission  shell.o
    0x08001a96   0x08001a96   0x00000002   PAD
    0x08001a98   0x08001a98   0x0000001c   Code   RO         5406    i.shellClear        shell.o
    0x08001ab4   0x08001ab4   0x00000028   Code   RO         5407    i.shellClearCommandLine  shell.o
    0x08001adc   0x08001adc   0x00000012   Code   RO         5408    i.shellCmds         shell.o
    0x08001aee   0x08001aee   0x00000010   Code   RO         5409    i.shellDelete       shell.o
    0x08001afe   0x08001afe   0x000000da   Code   RO         5410    i.shellDeleteByte   shell.o
    0x08001bd8   0x08001bd8   0x00000020   Code   RO         5411    i.shellDeleteCommandLine  shell.o
    0x08001bf8   0x08001bf8   0x00000010   Code   RO         5412    i.shellDown         shell.o
    0x08001c08   0x08001c08   0x00000014   Code   RO         5413    i.shellEnter        shell.o
    0x08001c1c   0x08001c1c   0x00000078   Code   RO         5414    i.shellExec         shell.o
    0x08001c94   0x08001c94   0x00000058   Code   RO         5782    i.shellExtNumType   shell_ext.o
    0x08001cec   0x08001cec   0x00000046   Code   RO         5783    i.shellExtParseChar  shell_ext.o
    0x08001d32   0x08001d32   0x00000002   PAD
    0x08001d34   0x08001d34   0x000000ec   Code   RO         5784    i.shellExtParseNumber  shell_ext.o
    0x08001e20   0x08001e20   0x00000056   Code   RO         5785    i.shellExtParsePara  shell_ext.o
    0x08001e76   0x08001e76   0x0000004a   Code   RO         5786    i.shellExtParseString  shell_ext.o
    0x08001ec0   0x08001ec0   0x00000024   Code   RO         5787    i.shellExtParseVar  shell_ext.o
    0x08001ee4   0x08001ee4   0x0000037e   Code   RO         5788    i.shellExtRun       shell_ext.o
    0x08002262   0x08002262   0x00000036   Code   RO         5789    i.shellExtToNum     shell_ext.o
    0x08002298   0x08002298   0x00000030   Code   RO         5415    i.shellGetCommandDesc  shell.o
    0x080022c8   0x080022c8   0x00000050   Code   RO         5416    i.shellGetCommandName  shell.o
    0x08002318   0x08002318   0x00000034   Code   RO         5417    i.shellGetCurrent   shell.o
    0x0800234c   0x0800234c   0x00000054   Code   RO         5418    i.shellGetVarValue  shell.o
    0x080023a0   0x080023a0   0x000000f0   Code   RO         5419    i.shellHandler      shell.o
    0x08002490   0x08002490   0x0000002c   Code   RO         5420    i.shellHelp         shell.o
    0x080024bc   0x080024bc   0x000000c2   Code   RO         5421    i.shellHistory      shell.o
    0x0800257e   0x0800257e   0x0000007a   Code   RO         5422    i.shellHistoryAdd   shell.o
    0x080025f8   0x080025f8   0x0000009c   Code   RO         5423    i.shellInit         shell.o
    0x08002694   0x08002694   0x000000dc   Code   RO         5424    i.shellInsertByte   shell.o
    0x08002770   0x08002770   0x00000012   Code   RO         5425    i.shellKeys         shell.o
    0x08002782   0x08002782   0x0000001a   Code   RO         5426    i.shellLeft         shell.o
    0x0800279c   0x0800279c   0x0000000c   Code   RO         5427    i.shellListAll      shell.o
    0x080027a8   0x080027a8   0x0000004c   Code   RO         5428    i.shellListCommand  shell.o
    0x080027f4   0x080027f4   0x000000d0   Code   RO         5429    i.shellListItem     shell.o
    0x080028c4   0x080028c4   0x00000058   Code   RO         5430    i.shellListKey      shell.o
    0x0800291c   0x0800291c   0x00000058   Code   RO         5431    i.shellListUser     shell.o
    0x08002974   0x08002974   0x00000058   Code   RO         5432    i.shellListVar      shell.o
    0x080029cc   0x080029cc   0x0000001c   Code   RO         5433    i.shellNormalInput  shell.o
    0x080029e8   0x080029e8   0x00000096   Code   RO         5434    i.shellParserParam  shell.o
    0x08002a7e   0x08002a7e   0x00000038   Code   RO         5435    i.shellPrint        shell.o
    0x08002ab6   0x08002ab6   0x0000006a   Code   RO         5437    i.shellRemoveParamQuotes  shell.o
    0x08002b20   0x08002b20   0x0000001e   Code   RO         5438    i.shellRight        shell.o
    0x08002b3e   0x08002b3e   0x00000002   PAD
    0x08002b40   0x08002b40   0x0000005c   Code   RO         5439    i.shellRun          shell.o
    0x08002b9c   0x08002b9c   0x000000b2   Code   RO         5440    i.shellRunCommand   shell.o
    0x08002c4e   0x08002c4e   0x0000007a   Code   RO         5441    i.shellSeekCommand  shell.o
    0x08002cc8   0x08002cc8   0x0000005c   Code   RO         5442    i.shellSetUser      shell.o
    0x08002d24   0x08002d24   0x00000070   Code   RO         5443    i.shellSetVar       shell.o
    0x08002d94   0x08002d94   0x00000090   Code   RO         5444    i.shellSetVarValue  shell.o
    0x08002e24   0x08002e24   0x000000c0   Code   RO         5445    i.shellShowVar      shell.o
    0x08002ee4   0x08002ee4   0x0000002c   Code   RO         5446    i.shellStringCompare  shell.o
    0x08002f10   0x08002f10   0x00000018   Code   RO         5447    i.shellStringCopy   shell.o
    0x08002f28   0x08002f28   0x00000110   Code   RO         5448    i.shellTab          shell.o
    0x08003038   0x08003038   0x00000056   Code   RO         5450    i.shellToDec        shell.o
    0x0800308e   0x0800308e   0x00000038   Code   RO         5451    i.shellToHex        shell.o
    0x080030c6   0x080030c6   0x0000000e   Code   RO         5452    i.shellUp           shell.o
    0x080030d4   0x080030d4   0x00000012   Code   RO         5453    i.shellUsers        shell.o
    0x080030e6   0x080030e6   0x00000012   Code   RO         5454    i.shellVars         shell.o
    0x080030f8   0x080030f8   0x00000010   Code   RO         5455    i.shellWriteByte    shell.o
    0x08003108   0x08003108   0x00000064   Code   RO         5456    i.shellWriteCommandDesc  shell.o
    0x0800316c   0x0800316c   0x0000006c   Code   RO         5457    i.shellWriteCommandHelp  shell.o
    0x080031d8   0x080031d8   0x00000068   Code   RO         5458    i.shellWritePrompt  shell.o
    0x08003240   0x08003240   0x0000008c   Code   RO         5459    i.shellWriteReturnValue  shell.o
    0x080032cc   0x080032cc   0x00000034   Code   RO         5460    i.shellWriteString  shell.o
    0x08003300   0x08003300   0x00000010   Code   RO          219    i.uart_init         uart.o
    0x08003310   0x08003310   0x00000030   Code   RO          220    i.uart_irq_init     uart.o
    0x08003340   0x08003340   0x00000044   Code   RO          221    i.uart_lowlevel_init  uart.o
    0x08003384   0x08003384   0x00000048   Code   RO          222    i.uart_pin_init     uart.o
    0x080033cc   0x080033cc   0x0000000c   Code   RO          223    i.uart_receive_callback_register  uart.o
    0x080033d8   0x080033d8   0x00000020   Code   RO          224    i.uart_senddata     uart.o
    0x080033f8   0x080033f8   0x00000024   Code   RO            6    i.usart_receive     main.o
    0x0800341c   0x0800341c   0x00000142   Data   RO         5761    .constdata          shell_cmd_list.o
    0x0800355e   0x0800355e   0x00000081   Data   RO         5984    .constdata          mc_w.l(ctype_o.o)
    0x080035df   0x080035df   0x00000001   PAD
    0x080035e0   0x080035e0   0x00000004   Data   RO         5985    .constdata          mc_w.l(ctype_o.o)
    0x080035e4   0x080035e4   0x000002a5   Data   RO         5462    .conststring        shell.o
    0x08003889   0x08003889   0x00000003   PAD
    0x0800388c   0x0800388c   0x0000012d   Data   RO         5762    .conststring        shell_cmd_list.o
    0x080039b9   0x080039b9   0x00000003   PAD
    0x080039bc   0x080039bc   0x00000020   Data   RO         6018    Region$$Table       anon$$obj.o


    Execution Region RW_IRAM1 (Exec base: 0x20000000, Load base: 0x080039dc, Size: 0x00000918, Max: 0x00020000, ABSOLUTE)

    Exec Addr    Load Addr    Size         Type   Attr      Idx    E Section Name        Object

    0x20000000   0x080039dc   0x00000004   Data   RW            8    .data               main.o
    0x20000004   0x080039e0   0x00000004   Data   RW          225    .data               uart.o
    0x20000008   0x080039e4   0x00000010   Data   RW         3254    .data               stm32f4xx_rcc.o
    0x20000018   0x080039f4   0x00000054   Data   RW         5463    .data               shell.o
    0x2000006c   0x08003a48   0x00000004   Data   RW         5957    .data               mc_w.l(errno.o)
    0x20000070        -       0x0000048c   Zero   RW            7    .bss                main.o
    0x200004fc        -       0x00000015   Zero   RW         5461    .bss                shell.o
    0x20000511   0x08003a4c   0x00000007   PAD
    0x20000518        -       0x00000400   Zero   RW          274    STACK               startup_stm32f40_41xxx.o


==============================================================================

Image component sizes


      Code (inc. data)   RO Data    RW Data    ZI Data      Debug   Object Name

       124         48          0          0          0        742   add.o
        60          8          0          0          0      26797   board.o
       176         30          0          4       1164     278055   main.o
       120         14          0          0          0       1016   misc.o
       172          0          0          0          0       4629   ringbuffer8.o
      4882        238        677         84         21      40459   shell.o
        32          0        623          0          0       1446   shell_cmd_list.o
      1538         20          0          0          0       6534   shell_ext.o
        36          8        392          0       1024        856   startup_stm32f40_41xxx.o
       214          0          0          0          0       1779   stm32f4xx_gpio.o
        26          0          0          0          0       4342   stm32f4xx_it.o
       296         30          0         16          0       4070   stm32f4xx_rcc.o
       468          8          0          0          0       6155   stm32f4xx_usart.o
       340         32          0          0          0       1597   system_stm32f4xx.o
       308         36          0          4          0       3709   uart.o

    ----------------------------------------------------------------------
      8812        472       1730        108       2216     382186   Object Totals
         0          0         32          0          0          0   (incl. Generated)
        20          0          6          0          7          0   (incl. Padding)

    ----------------------------------------------------------------------

      Code (inc. data)   RO Data    RW Data    ZI Data      Debug   Library Member Name

        28          0          0          0          0         68   _chval.o
       158          0          0          0          0         92   _strtoul.o
        26          0          0          0          0         80   atoi.o
         8          4        133          0          0         68   ctype_o.o
         0          0          0          0          0          0   entry.o
         0          0          0          0          0          0   entry10a.o
         0          0          0          0          0          0   entry11a.o
         8          4          0          0          0          0   entry2.o
         4          0          0          0          0          0   entry5.o
         0          0          0          0          0          0   entry7b.o
         0          0          0          0          0          0   entry8b.o
         8          4          0          0          0          0   entry9a.o
         8          4          0          4          0         68   errno.o
        30          0          0          0          0          0   handlers.o
        36          8          0          0          0         68   init.o
         0          0          0          0          0          0   iusefp.o
        30          0          0          0          0         68   llshl.o
        36          0          0          0          0         68   llsshr.o
        32          0          0          0          0         68   llushr.o
        36          0          0          0          0        108   memseta.o
      2292         84          0          0          0        516   printfa.o
        28          0          0          0          0         76   strcmp.o
        14          0          0          0          0         68   strlen.o
        30          0          0          0          0         80   strncmp.o
       112          0          0          0          0         88   strtol.o
        44          0          0          0          0         80   uidiv.o
        98          0          0          0          0         92   uldiv.o
        48          0          0          0          0         68   cdrcmple.o
       334          0          0          0          0        148   dadd.o
       222          0          0          0          0        100   ddiv.o
       186          0          0          0          0        176   depilogue.o
        48          0          0          0          0         68   dfixul.o
       228          0          0          0          0         96   dmul.o

    ----------------------------------------------------------------------
      4136        108        134          4          0       2412   Library Totals
         4          0          1          0          0          0   (incl. Padding)

    ----------------------------------------------------------------------

      Code (inc. data)   RO Data    RW Data    ZI Data      Debug   Library Name

      3066        108        133          4          0       1756   mc_w.l
      1066          0          0          0          0        656   mf_w.l

    ----------------------------------------------------------------------
      4136        108        134          4          0       2412   Library Totals

    ----------------------------------------------------------------------

==============================================================================


      Code (inc. data)   RO Data    RW Data    ZI Data      Debug   

     12948        580       1864        112       2216     373154   Grand Totals
     12948        580       1864        112       2216     373154   ELF Image Totals
     12948        580       1864        112          0          0   ROM Totals

==============================================================================

    Total RO  Size (Code + RO Data)                14812 (  14.46kB)
    Total RW  Size (RW Data + ZI Data)              2328 (   2.27kB)
    Total ROM Size (Code + RO Data + RW Data)      14924 (  14.57kB)

==============================================================================

