Component: ARM Compiler 5.06 update 5 (build 528) Tool: armlink [4d35e2]

==============================================================================

Section Cross References

    main.o(i._shell_write) refers to uart.o(i.uart_senddata) for uart_senddata
    main.o(i.main) refers to mem_mgnt.o(i.mem_init) for mem_init
    main.o(i.main) refers to board.o(i.board_lowlevel_init) for board_lowlevel_init
    main.o(i.main) refers to elog.o(i.elog_init) for elog_init
    main.o(i.main) refers to uart.o(i.uart_receive_callback_register) for uart_receive_callback_register
    main.o(i.main) refers to ringbuffer8.o(i.rb8_new) for rb8_new
    main.o(i.main) refers to shell.o(i.shellInit) for shellInit
    main.o(i.main) refers to elog.o(i.elog_start) for elog_start
    main.o(i.main) refers to ringbuffer8.o(i.rb8_empty) for rb8_empty
    main.o(i.main) refers to ringbuffer8.o(i.rb8_get) for rb8_get
    main.o(i.main) refers to elog.o(i.elog_output) for elog_output
    main.o(i.main) refers to shell.o(i.shellHandler) for shellHandler
    main.o(i.main) refers to main.o(i.usart_receive) for usart_receive
    main.o(i.main) refers to main.o(.bss) for uart_buffer
    main.o(i.main) refers to main.o(.data) for uart_rx_buffer
    main.o(i.main) refers to main.o(i._shell_write) for _shell_write
    main.o(i.main) refers to main.o(.constdata) for __FUNCTION__
    main.o(i.usart_receive) refers to ringbuffer8.o(i.rb8_full) for rb8_full
    main.o(i.usart_receive) refers to ringbuffer8.o(i.rb8_put) for rb8_put
    main.o(i.usart_receive) refers to main.o(.data) for uart_rx_buffer
    board.o(i.board_lowlevel_init) refers to stm32f4xx_rcc.o(i.RCC_AHB1PeriphClockCmd) for RCC_AHB1PeriphClockCmd
    board.o(i.board_lowlevel_init) refers to stm32f4xx_rcc.o(i.RCC_APB2PeriphClockCmd) for RCC_APB2PeriphClockCmd
    mem.o(i.cmd_mem) refers to atoi.o(.text) for atoi
    mem.o(i.cmd_mem) refers to malloc.o(i.malloc) for malloc
    mem.o(i.cmd_mem) refers to shell.o(i.shellGetCurrent) for shellGetCurrent
    mem.o(i.cmd_mem) refers to shell.o(i.shellPrint) for shellPrint
    mem.o(i.cmd_mem) refers to malloc.o(i.free) for free
    mem_mgnt.o(i.mem_free) refers to tlsf.o(i.tlsf_free) for tlsf_free
    mem_mgnt.o(i.mem_free) refers to mem_mgnt.o(.data) for tlsf
    mem_mgnt.o(i.mem_init) refers to tlsf.o(i.tlsf_create_with_pool) for tlsf_create_with_pool
    mem_mgnt.o(i.mem_init) refers to mem_mgnt.o(.bss) for dyl_mem_pool
    mem_mgnt.o(i.mem_init) refers to mem_mgnt.o(.data) for tlsf
    mem_mgnt.o(i.mem_malloc) refers to tlsf.o(i.tlsf_malloc) for tlsf_malloc
    mem_mgnt.o(i.mem_malloc) refers to mem_mgnt.o(.data) for tlsf
    malloc.o(i.free) refers to mem_mgnt.o(i.mem_free) for mem_free
    malloc.o(i.malloc) refers to mem_mgnt.o(i.mem_malloc) for mem_malloc
    add.o(i.cmd_add) refers to shell.o(i.shellGetCurrent) for shellGetCurrent
    add.o(i.cmd_add) refers to shell.o(i.shellWriteString) for shellWriteString
    add.o(i.cmd_add) refers to atoi.o(.text) for atoi
    add.o(i.cmd_add) refers to shell.o(i.shellPrint) for shellPrint
    uart.o(i.USART1_IRQHandler) refers to stm32f4xx_usart.o(i.USART_GetITStatus) for USART_GetITStatus
    uart.o(i.USART1_IRQHandler) refers to stm32f4xx_usart.o(i.USART_ReceiveData) for USART_ReceiveData
    uart.o(i.USART1_IRQHandler) refers to stm32f4xx_usart.o(i.USART_ClearITPendingBit) for USART_ClearITPendingBit
    uart.o(i.USART1_IRQHandler) refers to uart.o(.data) for uart_rx_callback
    uart.o(i.uart_init) refers to uart.o(i.uart_pin_init) for uart_pin_init
    uart.o(i.uart_init) refers to uart.o(i.uart_lowlevel_init) for uart_lowlevel_init
    uart.o(i.uart_init) refers to uart.o(i.uart_irq_init) for uart_irq_init
    uart.o(i.uart_irq_init) refers to misc.o(i.NVIC_Init) for NVIC_Init
    uart.o(i.uart_irq_init) refers to stm32f4xx_usart.o(i.USART_ITConfig) for USART_ITConfig
    uart.o(i.uart_lowlevel_init) refers to stm32f4xx_usart.o(i.USART_Init) for USART_Init
    uart.o(i.uart_lowlevel_init) refers to stm32f4xx_usart.o(i.USART_Cmd) for USART_Cmd
    uart.o(i.uart_pin_init) refers to stm32f4xx_gpio.o(i.GPIO_Init) for GPIO_Init
    uart.o(i.uart_pin_init) refers to stm32f4xx_gpio.o(i.GPIO_PinAFConfig) for GPIO_PinAFConfig
    uart.o(i.uart_receive_callback_register) refers to uart.o(.data) for uart_rx_callback
    uart.o(i.uart_senddata) refers to stm32f4xx_usart.o(i.USART_SendData) for USART_SendData
    uart.o(i.uart_senddata) refers to stm32f4xx_usart.o(i.USART_GetFlagStatus) for USART_GetFlagStatus
    uart.o(i.usart_send_string) refers to uart.o(i.uart_senddata) for uart_senddata
    startup_stm32f40_41xxx.o(RESET) refers to startup_stm32f40_41xxx.o(STACK) for __initial_sp
    startup_stm32f40_41xxx.o(RESET) refers to startup_stm32f40_41xxx.o(.text) for Reset_Handler
    startup_stm32f40_41xxx.o(RESET) refers to stm32f4xx_it.o(i.NMI_Handler) for NMI_Handler
    startup_stm32f40_41xxx.o(RESET) refers to stm32f4xx_it.o(i.HardFault_Handler) for HardFault_Handler
[...]
    i.block_absorb                           0x080018ca   Section        0  tlsf.o(i.block_absorb)
    block_absorb                             0x080018cb   Thumb Code    30  tlsf.o(i.block_absorb)
    i.block_can_split                        0x080018e8   Section        0  tlsf.o(i.block_can_split)
    block_can_split                          0x080018e9   Thumb Code    28  tlsf.o(i.block_can_split)
    i.block_from_ptr                         0x08001904   Section        0  tlsf.o(i.block_from_ptr)
    block_from_ptr                           0x08001905   Thumb Code     8  tlsf.o(i.block_from_ptr)
    i.block_insert                           0x0800190c   Section        0  tlsf.o(i.block_insert)
    block_insert                             0x0800190d   Thumb Code    36  tlsf.o(i.block_insert)
    i.block_is_free                          0x08001930   Section        0  tlsf.o(i.block_is_free)
    block_is_free                            0x08001931   Thumb Code    10  tlsf.o(i.block_is_free)
    i.block_is_prev_free                     0x0800193a   Section        0  tlsf.o(i.block_is_prev_free)
    block_is_prev_free                       0x0800193b   Thumb Code    10  tlsf.o(i.block_is_prev_free)
    i.block_link_next                        0x08001944   Section        0  tlsf.o(i.block_link_next)
    block_link_next                          0x08001945   Thumb Code    18  tlsf.o(i.block_link_next)
    i.block_locate_free                      0x08001956   Section        0  tlsf.o(i.block_locate_free)
    block_locate_free                        0x08001957   Thumb Code    62  tlsf.o(i.block_locate_free)
    i.block_mark_as_free                     0x08001994   Section        0  tlsf.o(i.block_mark_as_free)
    block_mark_as_free                       0x08001995   Thumb Code    26  tlsf.o(i.block_mark_as_free)
    i.block_mark_as_used                     0x080019ae   Section        0  tlsf.o(i.block_mark_as_used)
    block_mark_as_used                       0x080019af   Thumb Code    26  tlsf.o(i.block_mark_as_used)
    i.block_merge_next                       0x080019c8   Section        0  tlsf.o(i.block_merge_next)
    block_merge_next                         0x080019c9   Thumb Code    44  tlsf.o(i.block_merge_next)
    i.block_merge_prev                       0x080019f4   Section        0  tlsf.o(i.block_merge_prev)
    block_merge_prev                         0x080019f5   Thumb Code    46  tlsf.o(i.block_merge_prev)
    i.block_next                             0x08001a22   Section        0  tlsf.o(i.block_next)
    block_next                               0x08001a23   Thumb Code    36  tlsf.o(i.block_next)
    i.block_prepare_used                     0x08001a46   Section        0  tlsf.o(i.block_prepare_used)
    block_prepare_used                       0x08001a47   Thumb Code    44  tlsf.o(i.block_prepare_used)
    i.block_prev                             0x08001a72   Section        0  tlsf.o(i.block_prev)
    block_prev                               0x08001a73   Thumb Code     6  tlsf.o(i.block_prev)
    i.block_remove                           0x08001a78   Section        0  tlsf.o(i.block_remove)
    block_remove                             0x08001a79   Thumb Code    36  tlsf.o(i.block_remove)
    i.block_set_free                         0x08001a9c   Section        0  tlsf.o(i.block_set_free)
    block_set_free                           0x08001a9d   Thumb Code    10  tlsf.o(i.block_set_free)
    i.block_set_prev_free                    0x08001aa6   Section        0  tlsf.o(i.block_set_prev_free)
    block_set_prev_free                      0x08001aa7   Thumb Code    10  tlsf.o(i.block_set_prev_free)
    i.block_set_prev_used                    0x08001ab0   Section        0  tlsf.o(i.block_set_prev_used)
    block_set_prev_used                      0x08001ab1   Thumb Code    10  tlsf.o(i.block_set_prev_used)
    i.block_set_size                         0x08001aba   Section        0  tlsf.o(i.block_set_size)
    block_set_size                           0x08001abb   Thumb Code    12  tlsf.o(i.block_set_size)
    i.block_set_used                         0x08001ac6   Section        0  tlsf.o(i.block_set_used)
    block_set_used                           0x08001ac7   Thumb Code    10  tlsf.o(i.block_set_used)
    i.block_size                             0x08001ad0   Section        0  tlsf.o(i.block_size)
    block_size                               0x08001ad1   Thumb Code    10  tlsf.o(i.block_size)
    i.block_split                            0x08001ada   Section        0  tlsf.o(i.block_split)
    block_split                              0x08001adb   Thumb Code    62  tlsf.o(i.block_split)
    i.block_to_ptr                           0x08001b18   Section        0  tlsf.o(i.block_to_ptr)
    block_to_ptr                             0x08001b19   Thumb Code     8  tlsf.o(i.block_to_ptr)
    i.block_trim_free                        0x08001b20   Section        0  tlsf.o(i.block_trim_free)
    block_trim_free                          0x08001b21   Thumb Code    56  tlsf.o(i.block_trim_free)
    i.board_lowlevel_init                    0x08001b58   Section        0  board.o(i.board_lowlevel_init)
    i.cmd_add                                0x08001b94   Section        0  add.o(i.cmd_add)
    i.cmd_mem                                0x08001c10   Section        0  mem.o(i.cmd_mem)
    i.control_construct                      0x08001c60   Section        0  tlsf.o(i.control_construct)
    control_construct                        0x08001c61   Thumb Code    54  tlsf.o(i.control_construct)
    i.elog_get_filter_tag_lvl                0x08001c98   Section        0  elog.o(i.elog_get_filter_tag_lvl)
    i.elog_init                              0x08001dac   Section        0  elog.o(i.elog_init)
    i.elog_output                            0x08001dfc   Section        0  elog.o(i.elog_output)
    i.elog_output_lock                       0x08002210   Section        0  elog.o(i.elog_output_lock)
    i.elog_output_lock_enabled               0x08002238   Section        0  elog.o(i.elog_output_lock_enabled)
    i.elog_output_unlock                     0x08002278   Section        0  elog.o(i.elog_output_unlock)
    i.elog_port_get_p_info                   0x080022a0   Section        0  elog_port.o(i.elog_port_get_p_info)
    i.elog_port_get_t_info                   0x080022a8   Section        0  elog_port.o(i.elog_port_get_t_info)
    i.elog_port_get_time                     0x080022b0   Section        0  elog_port.o(i.elog_port_get_time)
    i.elog_port_init                         0x080022b8   Section        0  elog_port.o(i.elog_port_init)
    i.elog_port_output                       0x080022c4   Section        0  elog_port.o(i.elog_port_output)
    i.elog_port_output_lock                  0x080022d4   Section        0  elog_port.o(i.elog_port_output_lock)
    i.elog_port_output_unlock                0x080022d6   Section        0  elog_port.o(i.elog_port_output_unlock)
    i.elog_set_filter_lvl                    0x080022d8   Section        0  elog.o(i.elog_set_filter_lvl)
    i.elog_set_filter_tag_lvl_default        0x0800239c   Section        0  elog.o(i.elog_set_filter_tag_lvl_default)
    elog_set_filter_tag_lvl_default          0x0800239d   Thumb Code    54  elog.o(i.elog_set_filter_tag_lvl_default)
    i.elog_set_output_enabled                0x080023d8   Section        0  elog.o(i.elog_set_output_enabled)
    i.elog_set_text_color_enabled            0x080024b0   Section        0  elog.o(i.elog_set_text_color_enabled)
    i.elog_start                             0x08002588   Section        0  elog.o(i.elog_start)
    i.elog_strcpy                            0x0800261c   Section        0  elog_utils.o(i.elog_strcpy)
    i.fputc                                  0x08002728   Section        0  fputc.o(i.fputc)
    i.free                                   0x0800273a   Section        0  malloc.o(i.free)
    i.get_fmt_enabled                        0x08002748   Section        0  elog.o(i.get_fmt_enabled)
    get_fmt_enabled                          0x08002749   Thumb Code    90  elog.o(i.get_fmt_enabled)
    i.get_fmt_used_and_enabled_ptr           0x0800281c   Section        0  elog.o(i.get_fmt_used_and_enabled_ptr)
    get_fmt_used_and_enabled_ptr             0x0800281d   Thumb Code    28  elog.o(i.get_fmt_used_and_enabled_ptr)
    i.get_fmt_used_and_enabled_u32           0x08002838   Section        0  elog.o(i.get_fmt_used_and_enabled_u32)
    get_fmt_used_and_enabled_u32             0x08002839   Thumb Code    28  elog.o(i.get_fmt_used_and_enabled_u32)
    i.insert_free_block                      0x08002854   Section        0  tlsf.o(i.insert_free_block)
    insert_free_block                        0x08002855   Thumb Code    66  tlsf.o(i.insert_free_block)
    i.main                                   0x08002898   Section        0  main.o(i.main)
    i.malloc                                 0x08002950   Section        0  malloc.o(i.malloc)
    i.mapping_insert                         0x0800295c   Section        0  tlsf.o(i.mapping_insert)
    mapping_insert                           0x0800295d   Thumb Code    58  tlsf.o(i.mapping_insert)
    i.mapping_search                         0x08002996   Section        0  tlsf.o(i.mapping_search)
    mapping_search                           0x08002997   Thumb Code    48  tlsf.o(i.mapping_search)
    i.mem_free                               0x080029c8   Section        0  mem_mgnt.o(i.mem_free)
    i.mem_init                               0x080029dc   Section        0  mem_mgnt.o(i.mem_init)
    i.mem_malloc                             0x08002a00   Section        0  mem_mgnt.o(i.mem_malloc)
    i.next_head                              0x08002a14   Section        0  ringbuffer8.o(i.next_head)
    next_head                                0x08002a15   Thumb Code    24  ringbuffer8.o(i.next_head)
    i.offset_to_block                        0x08002a2c   Section        0  tlsf.o(i.offset_to_block)
    offset_to_block                          0x08002a2d   Thumb Code     6  tlsf.o(i.offset_to_block)
    i.rb8_empty                              0x08002a32   Section        0  ringbuffer8.o(i.rb8_empty)
    i.rb8_full                               0x08002a44   Section        0  ringbuffer8.o(i.rb8_full)
    i.rb8_get                                0x08002a5c   Section        0  ringbuffer8.o(i.rb8_get)
    i.rb8_new                                0x08002a90   Section        0  ringbuffer8.o(i.rb8_new)
    i.rb8_put                                0x08002a9c   Section        0  ringbuffer8.o(i.rb8_put)
    i.remove_free_block                      0x08002ac6   Section        0  tlsf.o(i.remove_free_block)
    remove_free_block                        0x08002ac7   Thumb Code    84  tlsf.o(i.remove_free_block)
    i.search_suitable_block                  0x08002b1a   Section        0  tlsf.o(i.search_suitable_block)
    search_suitable_block                    0x08002b1b   Thumb Code   114  tlsf.o(i.search_suitable_block)
    i.shellAdd                               0x08002b8c   Section        0  shell.o(i.shellAdd)
    shellAdd                                 0x08002b8d   Thumb Code    34  shell.o(i.shellAdd)
    i.shellBackspace                         0x08002bb4   Section        0  shell.o(i.shellBackspace)
    i.shellCheckPassword                     0x08002bc4   Section        0  shell.o(i.shellCheckPassword)
    shellCheckPassword                       0x08002bc5   Thumb Code    62  shell.o(i.shellCheckPassword)
    i.shellCheckPermission                   0x08002c08   Section        0  shell.o(i.shellCheckPermission)
    i.shellClear                             0x08002c40   Section        0  shell.o(i.shellClear)
    i.shellClearCommandLine                  0x08002c5c   Section        0  shell.o(i.shellClearCommandLine)
    i.shellCmds                              0x08002c84   Section        0  shell.o(i.shellCmds)
    i.shellDelete                            0x08002c96   Section        0  shell.o(i.shellDelete)
    i.shellDeleteByte                        0x08002ca6   Section        0  shell.o(i.shellDeleteByte)
    i.shellDeleteCommandLine                 0x08002d80   Section        0  shell.o(i.shellDeleteCommandLine)
    i.shellDown                              0x08002da0   Section        0  shell.o(i.shellDown)
    i.shellEnter                             0x08002db0   Section        0  shell.o(i.shellEnter)
    i.shellExec                              0x08002dc4   Section        0  shell.o(i.shellExec)
    i.shellExtNumType                        0x08002e3c   Section        0  shell_ext.o(i.shellExtNumType)
    shellExtNumType                          0x08002e3d   Thumb Code    88  shell_ext.o(i.shellExtNumType)
    i.shellExtParseChar                      0x08002e94   Section        0  shell_ext.o(i.shellExtParseChar)
    shellExtParseChar                        0x08002e95   Thumb Code    70  shell_ext.o(i.shellExtParseChar)
    i.shellExtParseNumber                    0x08002edc   Section        0  shell_ext.o(i.shellExtParseNumber)
    shellExtParseNumber                      0x08002edd   Thumb Code   232  shell_ext.o(i.shellExtParseNumber)
    i.shellExtParsePara                      0x08002fc8   Section        0  shell_ext.o(i.shellExtParsePara)
    i.shellExtParseString                    0x0800301e   Section        0  shell_ext.o(i.shellExtParseString)
    shellExtParseString                      0x0800301f   Thumb Code    74  shell_ext.o(i.shellExtParseString)
    i.shellExtParseVar                       0x08003068   Section        0  shell_ext.o(i.shellExtParseVar)
    shellExtParseVar                         0x08003069   Thumb Code    36  shell_ext.o(i.shellExtParseVar)
    i.shellExtRun                            0x0800308c   Section        0  shell_ext.o(i.shellExtRun)
    i.shellExtToNum                          0x0800340a   Section        0  shell_ext.o(i.shellExtToNum)
    shellExtToNum                            0x0800340b   Thumb Code    54  shell_ext.o(i.shellExtToNum)
    i.shellGetCommandDesc                    0x08003440   Section        0  shell.o(i.shellGetCommandDesc)
    shellGetCommandDesc                      0x08003441   Thumb Code    48  shell.o(i.shellGetCommandDesc)
    i.shellGetCommandName                    0x08003470   Section        0  shell.o(i.shellGetCommandName)
    shellGetCommandName                      0x08003471   Thumb Code    76  shell.o(i.shellGetCommandName)
    i.shellGetCurrent                        0x080034c0   Section        0  shell.o(i.shellGetCurrent)
    i.shellGetVarValue                       0x080034f4   Section        0  shell.o(i.shellGetVarValue)
    i.shellHandler                           0x08003548   Section        0  shell.o(i.shellHandler)
    i.shellHelp                              0x08003638   Section        0  shell.o(i.shellHelp)
    i.shellHistory                           0x08003664   Section        0  shell.o(i.shellHistory)
    shellHistory                             0x08003665   Thumb Code   194  shell.o(i.shellHistory)
    i.shellHistoryAdd                        0x08003726   Section        0  shell.o(i.shellHistoryAdd)
    shellHistoryAdd                          0x08003727   Thumb Code   122  shell.o(i.shellHistoryAdd)
    i.shellInit                              0x080037a0   Section        0  shell.o(i.shellInit)
    i.shellInsertByte                        0x0800383c   Section        0  shell.o(i.shellInsertByte)
    i.shellKeys                              0x08003918   Section        0  shell.o(i.shellKeys)
    i.shellLeft                              0x0800392a   Section        0  shell.o(i.shellLeft)
    i.shellListAll                           0x08003944   Section        0  shell.o(i.shellListAll)
    i.shellListCommand                       0x08003950   Section        0  shell.o(i.shellListCommand)
    i.shellListItem                          0x0800399c   Section        0  shell.o(i.shellListItem)
    i.shellListKey                           0x08003a6c   Section        0  shell.o(i.shellListKey)
    i.shellListUser                          0x08003ac4   Section        0  shell.o(i.shellListUser)
    i.shellListVar                           0x08003b1c   Section        0  shell.o(i.shellListVar)
    i.shellNormalInput                       0x08003b74   Section        0  shell.o(i.shellNormalInput)
    i.shellParserParam                       0x08003b90   Section        0  shell.o(i.shellParserParam)
    shellParserParam                         0x08003b91   Thumb Code   150  shell.o(i.shellParserParam)
    i.shellPrint                             0x08003c26   Section        0  shell.o(i.shellPrint)
    i.shellRemoveParamQuotes                 0x08003c5e   Section        0  shell.o(i.shellRemoveParamQuotes)
    shellRemoveParamQuotes                   0x08003c5f   Thumb Code   106  shell.o(i.shellRemoveParamQuotes)
    i.shellRight                             0x08003cc8   Section        0  shell.o(i.shellRight)
    i.shellRun                               0x08003ce8   Section        0  shell.o(i.shellRun)
    i.shellRunCommand                        0x08003d44   Section        0  shell.o(i.shellRunCommand)
    i.shellSeekCommand                       0x08003df6   Section        0  shell.o(i.shellSeekCommand)
    i.shellSetUser                           0x08003e70   Section        0  shell.o(i.shellSetUser)
    shellSetUser                             0x08003e71   Thumb Code    88  shell.o(i.shellSetUser)
    i.shellSetVar                            0x08003ecc   Section        0  shell.o(i.shellSetVar)
    i.shellSetVarValue                       0x08003f3c   Section        0  shell.o(i.shellSetVarValue)
    i.shellShowVar                           0x08003fcc   Section        0  shell.o(i.shellShowVar)
    shellShowVar                             0x08003fcd   Thumb Code   158  shell.o(i.shellShowVar)
    i.shellStringCompare                     0x0800408c   Section        0  shell.o(i.shellStringCompare)
    shellStringCompare                       0x0800408d   Thumb Code    44  shell.o(i.shellStringCompare)
    i.shellStringCopy                        0x080040b8   Section        0  shell.o(i.shellStringCopy)
    shellStringCopy                          0x080040b9   Thumb Code    24  shell.o(i.shellStringCopy)
    i.shellTab                               0x080040d0   Section        0  shell.o(i.shellTab)
    i.shellToDec                             0x080041e0   Section        0  shell.o(i.shellToDec)
    i.shellToHex                             0x08004236   Section        0  shell.o(i.shellToHex)
    i.shellUp                                0x0800426e   Section        0  shell.o(i.shellUp)
    i.shellUsers                             0x0800427c   Section        0  shell.o(i.shellUsers)
    i.shellVars                              0x0800428e   Section        0  shell.o(i.shellVars)
    i.shellWriteByte                         0x080042a0   Section        0  shell.o(i.shellWriteByte)
    shellWriteByte                           0x080042a1   Thumb Code    16  shell.o(i.shellWriteByte)
    i.shellWriteCommandDesc                  0x080042b0   Section        0  shell.o(i.shellWriteCommandDesc)
    shellWriteCommandDesc                    0x080042b1   Thumb Code    96  shell.o(i.shellWriteCommandDesc)
    i.shellWriteCommandHelp                  0x08004314   Section        0  shell.o(i.shellWriteCommandHelp)
    shellWriteCommandHelp                    0x08004315   Thumb Code    98  shell.o(i.shellWriteCommandHelp)
    i.shellWritePrompt                       0x08004380   Section        0  shell.o(i.shellWritePrompt)
    shellWritePrompt                         0x08004381   Thumb Code    84  shell.o(i.shellWritePrompt)
    i.shellWriteReturnValue                  0x080043e8   Section        0  shell.o(i.shellWriteReturnValue)
    shellWriteReturnValue                    0x080043e9   Thumb Code   104  shell.o(i.shellWriteReturnValue)
    i.shellWriteString                       0x08004474   Section        0  shell.o(i.shellWriteString)
    i.tlsf_add_pool                          0x080044a8   Section        0  tlsf.o(i.tlsf_add_pool)
    i.tlsf_create                            0x080045b8   Section        0  tlsf.o(i.tlsf_create)
    i.tlsf_create_with_pool                  0x08004614   Section        0  tlsf.o(i.tlsf_create_with_pool)
    i.tlsf_ffs                               0x08004642   Section        0  tlsf.o(i.tlsf_ffs)
    tlsf_ffs                                 0x08004643   Thumb Code    22  tlsf.o(i.tlsf_ffs)
    i.tlsf_fls                               0x08004658   Section        0  tlsf.o(i.tlsf_fls)
    tlsf_fls                                 0x08004659   Thumb Code    22  tlsf.o(i.tlsf_fls)
    i.tlsf_free                              0x0800466e   Section        0  tlsf.o(i.tlsf_free)
    i.tlsf_malloc                            0x080046aa   Section        0  tlsf.o(i.tlsf_malloc)
    i.tlsf_pool_overhead                     0x080046d6   Section        0  tlsf.o(i.tlsf_pool_overhead)
    i.tlsf_size                              0x080046da   Section        0  tlsf.o(i.tlsf_size)
    i.uart_init                              0x080046e0   Section        0  uart.o(i.uart_init)
    i.uart_irq_init                          0x080046f0   Section        0  uart.o(i.uart_irq_init)
    uart_irq_init                            0x080046f1   Thumb Code    44  uart.o(i.uart_irq_init)
    i.uart_lowlevel_init                     0x08004720   Section        0  uart.o(i.uart_lowlevel_init)
    uart_lowlevel_init                       0x08004721   Thumb Code    62  uart.o(i.uart_lowlevel_init)
    i.uart_pin_init                          0x08004764   Section        0  uart.o(i.uart_pin_init)
    uart_pin_init                            0x08004765   Thumb Code    66  uart.o(i.uart_pin_init)
    i.uart_receive_callback_register         0x080047ac   Section        0  uart.o(i.uart_receive_callback_register)
    i.uart_senddata                          0x080047b8   Section        0  uart.o(i.uart_senddata)
    i.usart_receive                          0x080047d8   Section        0  main.o(i.usart_receive)
    usart_receive                            0x080047d9   Thumb Code    32  main.o(i.usart_receive)
    i.usart_send_string                      0x080047fc   Section        0  uart.o(i.usart_send_string)
    .constdata                               0x08004816   Section        5  main.o(.constdata)
    __FUNCTION__                             0x08004816   Data           5  main.o(.constdata)
    .constdata                               0x0800481c   Section      338  shell_cmd_list.o(.constdata)
    .constdata                               0x0800496e   Section      226  elog.o(.constdata)
    __FUNCTION__                             0x0800496e   Data          11  elog.o(.constdata)
    __FUNCTION__                             0x08004979   Data          10  elog.o(.constdata)
    __FUNCTION__                             0x08004983   Data          24  elog.o(.constdata)
    __FUNCTION__                             0x0800499b   Data          28  elog.o(.constdata)
    __FUNCTION__                             0x080049b7   Data          13  elog.o(.constdata)
    __FUNCTION__                             0x080049c4   Data          16  elog.o(.constdata)
    __FUNCTION__                             0x080049d4   Data          20  elog.o(.constdata)
    __FUNCTION__                             0x080049e8   Data          24  elog.o(.constdata)
    __FUNCTION__                             0x08004a00   Data          24  elog.o(.constdata)
    __FUNCTION__                             0x08004a18   Data          12  elog.o(.constdata)
    __FUNCTION__                             0x08004a24   Data          16  elog.o(.constdata)
    __FUNCTION__                             0x08004a34   Data          14  elog.o(.constdata)
    __FUNCTION__                             0x08004a42   Data          14  elog.o(.constdata)
    .constdata                               0x08004a50   Section       35  elog_utils.o(.constdata)
    __FUNCTION__                             0x08004a50   Data          12  elog_utils.o(.constdata)
    __FUNCTION__                             0x08004a5c   Data          11  elog_utils.o(.constdata)
    __FUNCTION__                             0x08004a67   Data          12  elog_utils.o(.constdata)
    .constdata                               0x08004a73   Section      129  ctype_o.o(.constdata)
    .constdata                               0x08004af4   Section        4  ctype_o.o(.constdata)
    table                                    0x08004af4   Data           4  ctype_o.o(.constdata)
    .conststring                             0x08004af8   Section      677  shell.o(.conststring)
    .conststring                             0x08004da0   Section      321  shell_cmd_list.o(.conststring)
    .conststring                             0x08004ee4   Section       71  elog.o(.conststring)
    .data                                    0x20000000   Section        4  main.o(.data)
    uart_rx_buffer                           0x20000000   Data           4  main.o(.data)
    .data                                    0x20000004   Section        4  mem_mgnt.o(.data)
    tlsf                                     0x20000004   Data           4  mem_mgnt.o(.data)
    .data                                    0x20000008   Section        4  uart.o(.data)
    uart_rx_callback                         0x20000008   Data           4  uart.o(.data)
    .data                                    0x2000000c   Section       16  stm32f4xx_rcc.o(.data)
    APBAHBPrescTable                         0x2000000c   Data          16  stm32f4xx_rcc.o(.data)
    .data                                    0x2000001c   Section       84  shell.o(.data)
    shellText                                0x2000001c   Data          84  shell.o(.data)
    .data                                    0x20000070   Section       52  elog.o(.data)
    level_output_info                        0x20000070   Data          24  elog.o(.data)
    color_output_info                        0x20000088   Data          24  elog.o(.data)
    .data                                    0x200000a4   Section        4  stdout.o(.data)
    .data                                    0x200000a8   Section        4  errno.o(.data)
    _errno                                   0x200000a8   Data           4  errno.o(.data)
    .bss                                     0x200000ac   Section      780  main.o(.bss)
    uart_buffer                              0x200000ac   Data         128  main.o(.bss)
    shell                                    0x2000012c   Data         140  main.o(.bss)
    shellBuffer                              0x200001b8   Data         512  main.o(.bss)
    .bss                                     0x200003b8   Section    65536  mem_mgnt.o(.bss)
    dyl_mem_pool                             0x200003b8   Data       65536  mem_mgnt.o(.bss)
    .bss                                     0x200103b8   Section       21  shell.o(.bss)
    shellList                                0x200103b8   Data          12  shell.o(.bss)
    buffer                                   0x200103c4   Data           9  shell.o(.bss)
    .bss                                     0x200103d0   Section     1272  elog.o(.bss)
    elog                                     0x200103d0   Data         248  elog.o(.bss)
    log_buf                                  0x200104c8   Data        1024  elog.o(.bss)
    STACK                                    0x200108c8   Section     1024  startup_stm32f40_41xxx.o(STACK)

    Global Symbols

    Symbol Name                              Value     Ov Type        Size  Object(Section)

    BuildAttributes$$THM_ISAv4$E$P$D$K$B$S$7EM$VFPi3$EXTD16$VFPS$VFMA$PE$A:L22UL41UL21$X:L11$S22US41US21$IEEE1$IW$USESV6$~STKCKD$USESV7$~SHL$OSPACE$ROPI$EBA8$MICROLIB$REQ8$PRES8$EABIv2 0x00000000   Number         0  anon$$obj.o ABSOLUTE
    __ARM_use_no_argv                        0x00000000   Number         0  main.o ABSOLUTE
    _printf_a                                0x00000000   Number         0  stubs.o ABSOLUTE
    _printf_c                                0x00000000   Number         0  stubs.o ABSOLUTE
    _printf_charcount                        0x00000000   Number         0  stubs.o ABSOLUTE
    _printf_d                                0x00000000   Number         0  stubs.o ABSOLUTE
    _printf_e                                0x00000000   Number         0  stubs.o ABSOLUTE
    _printf_f                                0x00000000   Number         0  stubs.o ABSOLUTE
    _printf_flags                            0x00000000   Number         0  stubs.o ABSOLUTE
    _printf_fp_dec                           0x00000000   Number         0  stubs.o ABSOLUTE
    _printf_fp_hex                           0x00000000   Number         0  stubs.o ABSOLUTE
    _printf_g                                0x00000000   Number         0  stubs.o ABSOLUTE
    _printf_i                                0x00000000   Number         0  stubs.o ABSOLUTE
    _printf_int_dec                          0x00000000   Number         0  stubs.o ABSOLUTE
    _printf_l                                0x00000000   Number         0  stubs.o ABSOLUTE
    _printf_lc                               0x00000000   Number         0  stubs.o ABSOLUTE
    _printf_ll                               0x00000000   Number         0  stubs.o ABSOLUTE
    _printf_lld                              0x00000000   Number         0  stubs.o ABSOLUTE
    _printf_lli                              0x00000000   Number         0  stubs.o ABSOLUTE
    _printf_llo                              0x00000000   Number         0  stubs.o ABSOLUTE
    _printf_llu                              0x00000000   Number         0  stubs.o ABSOLUTE
    _printf_llx                              0x00000000   Number         0  stubs.o ABSOLUTE
    _printf_longlong_dec                     0x00000000   Number         0  stubs.o ABSOLUTE
    _printf_longlong_hex                     0x00000000   Number         0  stubs.o ABSOLUTE
    _printf_longlong_oct                     0x00000000   Number         0  stubs.o ABSOLUTE
    _printf_ls                               0x00000000   Number         0  stubs.o ABSOLUTE
    _printf_mbtowc                           0x00000000   Number         0  stubs.o ABSOLUTE
    _printf_n                                0x00000000   Number         0  stubs.o ABSOLUTE
    _printf_o                                0x00000000   Number         0  stubs.o ABSOLUTE
    _printf_p                                0x00000000   Number         0  stubs.o ABSOLUTE
    _printf_percent                          0x00000000   Number         0  stubs.o ABSOLUTE
    _printf_pre_padding                      0x00000000   Number         0  stubs.o ABSOLUTE
    _printf_return_value                     0x00000000   Number         0  stubs.o ABSOLUTE
    _printf_s                                0x00000000   Number         0  stubs.o ABSOLUTE
    _printf_sizespec                         0x00000000   Number         0  stubs.o ABSOLUTE
    _printf_str                              0x00000000   Number         0  stubs.o ABSOLUTE
    _printf_truncate_signed                  0x00000000   Number         0  stubs.o ABSOLUTE
    _printf_truncate_unsigned                0x00000000   Number         0  stubs.o ABSOLUTE
    _printf_u                                0x00000000   Number         0  stubs.o ABSOLUTE
    _printf_wc                               0x00000000   Number         0  stubs.o ABSOLUTE
    _printf_wctomb                           0x00000000   Number         0  stubs.o ABSOLUTE
    _printf_widthprec                        0x00000000   Number         0  stubs.o ABSOLUTE
    _printf_x                                0x00000000   Number         0  stubs.o ABSOLUTE
    __cpp_initialize__aeabi_                  - Undefined Weak Reference
    __cxa_finalize                            - Undefined Weak Reference
    __decompress                              - Undefined Weak Reference
    _clock_init                               - Undefined Weak Reference
    _microlib_exit                            - Undefined Weak Reference
    __Vectors_Size                           0x00000188   Number         0  startup_stm32f40_41xxx.o ABSOLUTE
    __Vectors                                0x08000000   Data           4  startup_stm32f40_41xxx.o(RESET)
    __Vectors_End                            0x08000188   Data           0  startup_stm32f40_41xxx.o(RESET)
    __main                                   0x08000189   Thumb Code     0  entry.o(.ARM.Collect$$$$00000000)
    _main_stk                                0x08000189   Thumb Code     0  entry2.o(.ARM.Collect$$$$00000001)
    _main_scatterload                        0x0800018d   Thumb Code     0  entry5.o(.ARM.Collect$$$$00000004)
    __main_after_scatterload                 0x08000191   Thumb Code     0  entry5.o(.ARM.Collect$$$$00000004)
    _main_clock                              0x08000191   Thumb Code     0  entry7b.o(.ARM.Collect$$$$00000008)
    _main_cpp_init                           0x08000191   Thumb Code     0  entry8b.o(.ARM.Collect$$$$0000000A)
    _main_init                               0x08000191   Thumb Code     0  entry9a.o(.ARM.Collect$$$$0000000B)
    __rt_final_cpp                           0x08000199   Thumb Code     0  entry10a.o(.ARM.Collect$$$$0000000D)
    __rt_final_exit                          0x08000199   Thumb Code     0  entry11a.o(.ARM.Collect$$$$0000000F)
    Reset_Handler                            0x0800019d   Thumb Code     8  startup_stm32f40_41xxx.o(.text)
    ADC_IRQHandler                           0x080001b7   Thumb Code     0  startup_stm32f40_41xxx.o(.text)
    CAN1_RX0_IRQHandler                      0x080001b7   Thumb Code     0  startup_stm32f40_41xxx.o(.text)
    CAN1_RX1_IRQHandler                      0x080001b7   Thumb Code     0  startup_stm32f40_41xxx.o(.text)
    CAN1_SCE_IRQHandler                      0x080001b7   Thumb Code     0  startup_stm32f40_41xxx.o(.text)
    CAN1_TX_IRQHandler                       0x080001b7   Thumb Code     0  startup_stm32f40_41xxx.o(.text)
    CAN2_RX0_IRQHandler                      0x080001b7   Thumb Code     0  startup_stm32f40_41xxx.o(.text)
    CAN2_RX1_IRQHandler                      0x080001b7   Thumb Code     0  startup_stm32f40_41xxx.o(.text)
    CAN2_SCE_IRQHandler                      0x080001b7   Thumb Code     0  startup_stm32f40_41xxx.o(.text)
    CAN2_TX_IRQHandler                       0x080001b7   Thumb Code     0  startup_stm32f40_41xxx.o(.text)
    CRYP_IRQHandler                          0x080001b7   Thumb Code     0  startup_stm32f40_41xxx.o(.text)
    DCMI_IRQHandler                          0x080001b7   Thumb Code     0  startup_stm32f40_41xxx.o(.text)
    DMA1_Stream0_IRQHandler                  0x080001b7   Thumb Code     0  startup_stm32f40_41xxx.o(.text)
    DMA1_Stream1_IRQHandler                  0x080001b7   Thumb Code     0  startup_stm32f40_41xxx.o(.text)
    DMA1_Stream2_IRQHandler                  0x080001b7   Thumb Code     0  startup_stm32f40_41xxx.o(.text)
    DMA1_Stream3_IRQHandler                  0x080001b7   Thumb Code     0  startup_stm32f40_41xxx.o(.text)
    DMA1_Stream4_IRQHandler                  0x080001b7   Thumb Code     0  startup_stm32f40_41xxx.o(.text)
    DMA1_Stream5_IRQHandler                  0x080001b7   Thumb Code     0  startup_stm32f40_41xxx.o(.text)
    DMA1_Stream6_IRQHandler                  0x080001b7   Thumb Code     0  startup_stm32f40_41xxx.o(.text)
    DMA1_Stream7_IRQHandler                  0x080001b7   Thumb Code     0  startup_stm32f40_41xxx.o(.text)
    DMA2_Stream0_IRQHandler                  0x080001b7   Thumb Code     0  startup_stm32f40_41xxx.o(.text)
    DMA2_Stream1_IRQHandler                  0x080001b7   Thumb Code     0  startup_stm32f40_41xxx.o(.text)
    DMA2_Stream2_IRQHandler                  0x080001b7   Thumb Code     0  startup_stm32f40_41xxx.o(.text)
    DMA2_Stream3_IRQHandler                  0x080001b7   Thumb Code     0  startup_stm32f40_41xxx.o(.text)
    DMA2_Stream4_IRQHandler                  0x080001b7   Thumb Code     0  startup_stm32f40_41xxx.o(.text)
    DMA2_Stream5_IRQHandler                  0x080001b7   Thumb Code     0  startup_stm32f40_41xxx.o(.text)
    DMA2_Stream6_IRQHandler                  0x080001b7   Thumb Code     0  startup_stm32f40_41xxx.o(.text)
    DMA2_Stream7_IRQHandler                  0x080001b7   Thumb Code     0  startup_stm32f40_41xxx.o(.text)
    ETH_IRQHandler                           0x080001b7   Thumb Code     0  startup_stm32f40_41xxx.o(.text)
    ETH_WKUP_IRQHandler                      0x080001b7   Thumb Code     0  startup_stm32f40_41xxx.o(.text)
    EXTI0_IRQHandler                         0x080001b7   Thumb Code     0  startup_stm32f40_41xxx.o(.text)
    EXTI15_10_IRQHandler                     0x080001b7   Thumb Code     0  startup_stm32f40_41xxx.o(.text)
    EXTI1_IRQHandler                         0x080001b7   Thumb Code     0  startup_stm32f40_41xxx.o(.text)
    EXTI2_IRQHandler                         0x080001b7   Thumb Code     0  startup_stm32f40_41xxx.o(.text)
    EXTI3_IRQHandler                         0x080001b7   Thumb Code     0  startup_stm32f40_41xxx.o(.text)
    EXTI4_IRQHandler                         0x080001b7   Thumb Code     0  startup_stm32f40_41xxx.o(.text)
    EXTI9_5_IRQHandler                       0x080001b7   Thumb Code     0  startup_stm32f40_41xxx.o(.text)
    FLASH_IRQHandler                         0x080001b7   Thumb Code     0  startup_stm32f40_41xxx.o(.text)
    FPU_IRQHandler                           0x080001b7   Thumb Code     0  startup_stm32f40_41xxx.o(.text)
    FSMC_IRQHandler                          0x080001b7   Thumb Code     0  startup_stm32f40_41xxx.o(.text)
    HASH_RNG_IRQHandler                      0x080001b7   Thumb Code     0  startup_stm32f40_41xxx.o(.text)
    I2C1_ER_IRQHandler                       0x080001b7   Thumb Code     0  startup_stm32f40_41xxx.o(.text)
    I2C1_EV_IRQHandler                       0x080001b7   Thumb Code     0  startup_stm32f40_41xxx.o(.text)
    I2C2_ER_IRQHandler                       0x080001b7   Thumb Code     0  startup_stm32f40_41xxx.o(.text)
    I2C2_EV_IRQHandler                       0x080001b7   Thumb Code     0  startup_stm32f40_41xxx.o(.text)
    I2C3_ER_IRQHandler                       0x080001b7   Thumb Code     0  startup_stm32f40_41xxx.o(.text)
    I2C3_EV_IRQHandler                       0x080001b7   Thumb Code     0  startup_stm32f40_41xxx.o(.text)
    OTG_FS_IRQHandler                        0x080001b7   Thumb Code     0  startup_stm32f40_41xxx.o(.text)
    OTG_FS_WKUP_IRQHandler                   0x080001b7   Thumb Code     0  startup_stm32f40_41xxx.o(.text)
    OTG_HS_EP1_IN_IRQHandler                 0x080001b7   Thumb Code     0  startup_stm32f40_41xxx.o(.text)
    OTG_HS_EP1_OUT_IRQHandler                0x080001b7   Thumb Code     0  startup_stm32f40_41xxx.o(.text)
    OTG_HS_IRQHandler                        0x080001b7   Thumb Code     0  startup_stm32f40_41xxx.o(.text)
    OTG_HS_WKUP_IRQHandler                   0x080001b7   Thumb Code     0  startup_stm32f40_41xxx.o(.text)
    PVD_IRQHandler                           0x080001b7   Thumb Code     0  startup_stm32f40_41xxx.o(.text)
    RCC_IRQHandler                           0x080001b7   Thumb Code     0  startup_stm32f40_41xxx.o(.text)
    RTC_Alarm_IRQHandler                     0x080001b7   Thumb Code     0  startup_stm32f40_41xxx.o(.text)
    RTC_WKUP_IRQHandler                      0x080001b7   Thumb Code     0  startup_stm32f40_41xxx.o(.text)
    SDIO_IRQHandler                          0x080001b7   Thumb Code     0  startup_stm32f40_41xxx.o(.text)
    SPI1_IRQHandler                          0x080001b7   Thumb Code     0  startup_stm32f40_41xxx.o(.text)
    SPI2_IRQHandler                          0x080001b7   Thumb Code     0  startup_stm32f40_41xxx.o(.text)
    SPI3_IRQHandler                          0x080001b7   Thumb Code     0  startup_stm32f40_41xxx.o(.text)
    TAMP_STAMP_IRQHandler                    0x080001b7   Thumb Code     0  startup_stm32f40_41xxx.o(.text)
    TIM1_BRK_TIM9_IRQHandler                 0x080001b7   Thumb Code     0  startup_stm32f40_41xxx.o(.text)
    TIM1_CC_IRQHandler                       0x080001b7   Thumb Code     0  startup_stm32f40_41xxx.o(.text)
    TIM1_TRG_COM_TIM11_IRQHandler            0x080001b7   Thumb Code     0  startup_stm32f40_41xxx.o(.text)
    TIM1_UP_TIM10_IRQHandler                 0x080001b7   Thumb Code     0  startup_stm32f40_41xxx.o(.text)
    TIM2_IRQHandler                          0x080001b7   Thumb Code     0  startup_stm32f40_41xxx.o(.text)
    TIM3_IRQHandler                          0x080001b7   Thumb Code     0  startup_stm32f40_41xxx.o(.text)
    TIM4_IRQHandler                          0x080001b7   Thumb Code     0  startup_stm32f40_41xxx.o(.text)
    TIM5_IRQHandler                          0x080001b7   Thumb Code     0  startup_stm32f40_41xxx.o(.text)
    TIM6_DAC_IRQHandler                      0x080001b7   Thumb Code     0  startup_stm32f40_41xxx.o(.text)
    TIM7_IRQHandler                          0x080001b7   Thumb Code     0  startup_stm32f40_41xxx.o(.text)
    TIM8_BRK_TIM12_IRQHandler                0x080001b7   Thumb Code     0  startup_stm32f40_41xxx.o(.text)
    TIM8_CC_IRQHandler                       0x080001b7   Thumb Code     0  startup_stm32f40_41xxx.o(.text)
    TIM8_TRG_COM_TIM14_IRQHandler            0x080001b7   Thumb Code     0  startup_stm32f40_41xxx.o(.text)
    TIM8_UP_TIM13_IRQHandler                 0x080001b7   Thumb Code     0  startup_stm32f40_41xxx.o(.text)
    UART4_IRQHandler                         0x080001b7   Thumb Code     0  startup_stm32f40_41xxx.o(.text)
    UART5_IRQHandler                         0x080001b7   Thumb Code     0  startup_stm32f40_41xxx.o(.text)
    USART2_IRQHandler                        0x080001b7   Thumb Code     0  startup_stm32f40_41xxx.o(.text)
    USART3_IRQHandler                        0x080001b7   Thumb Code     0  startup_stm32f40_41xxx.o(.text)
    USART6_IRQHandler                        0x080001b7   Thumb Code     0  startup_stm32f40_41xxx.o(.text)
    WWDG_IRQHandler                          0x080001b7   Thumb Code     0  startup_stm32f40_41xxx.o(.text)
    __aeabi_memset                           0x080001c1   Thumb Code    14  memseta.o(.text)
    __aeabi_memset4                          0x080001c1   Thumb Code     0  memseta.o(.text)
    __aeabi_memset8                          0x080001c1   Thumb Code     0  memseta.o(.text)
    __aeabi_memclr                           0x080001cf   Thumb Code     4  memseta.o(.text)
    __aeabi_memclr4                          0x080001cf   Thumb Code     0  memseta.o(.text)
    __aeabi_memclr8                          0x080001cf   Thumb Code     0  memseta.o(.text)
    _memset$wrapper                          0x080001d3   Thumb Code    18  memseta.o(.text)
    strstr                                   0x080001e5   Thumb Code    36  strstr.o(.text)
    strlen                                   0x08000209   Thumb Code    14  strlen.o(.text)
    strcmp                                   0x08000217   Thumb Code    28  strcmp.o(.text)
    strncmp                                  0x08000233   Thumb Code    30  strncmp.o(.text)
    atoi                                     0x08000251   Thumb Code    26  atoi.o(.text)
    __aeabi_uidiv                            0x0800026b   Thumb Code     0  uidiv.o(.text)
    __aeabi_uidivmod                         0x0800026b   Thumb Code    44  uidiv.o(.text)
    __aeabi_uldivmod                         0x08000297   Thumb Code    98  uldiv.o(.text)
    strtol                                   0x080002f9   Thumb Code   112  strtol.o(.text)
    __I$use$fp                               0x08000369   Thumb Code     0  iusefp.o(.text)
    __aeabi_dadd                             0x08000369   Thumb Code   322  dadd.o(.text)
    __aeabi_dsub                             0x080004ab   Thumb Code     6  dadd.o(.text)
    __aeabi_drsub                            0x080004b1   Thumb Code     6  dadd.o(.text)
    __aeabi_dmul                             0x080004b7   Thumb Code   228  dmul.o(.text)
    __aeabi_ddiv                             0x0800059b   Thumb Code   222  ddiv.o(.text)
    __aeabi_d2ulz                            0x08000679   Thumb Code    48  dfixul.o(.text)
    __aeabi_cdrcmple                         0x080006a9   Thumb Code    48  cdrcmple.o(.text)
    __scatterload                            0x080006d9   Thumb Code    28  init.o(.text)
    __scatterload_rt2                        0x080006d9   Thumb Code     0  init.o(.text)
    __aeabi_llsl                             0x080006fd   Thumb Code    30  llshl.o(.text)
    __semihosting_library_function           0x080006fd   Thumb Code     0  semi.o(.text)
    _ll_shift_l                              0x080006fd   Thumb Code     0  llshl.o(.text)
    __aeabi_llsr                             0x0800071b   Thumb Code    32  llushr.o(.text)
    _ll_ushift_r                             0x0800071b   Thumb Code     0  llushr.o(.text)
    __aeabi_lasr                             0x0800073b   Thumb Code    36  llsshr.o(.text)
    _ll_sshift_r                             0x0800073b   Thumb Code     0  llsshr.o(.text)
    __rt_ctype_table                         0x08000761   Thumb Code     4  ctype_o.o(.text)
    _strtoul                                 0x08000769   Thumb Code   158  _strtoul.o(.text)
    __I$use$semihosting$fputc                0x08000807   Thumb Code     0  iusesemip.o(.text)
    _double_round                            0x08000807   Thumb Code    30  depilogue.o(.text)
    _double_epilogue                         0x08000825   Thumb Code   156  depilogue.o(.text)
    _chval                                   0x080008c1   Thumb Code    28  _chval.o(.text)
    BusFault_Handler                         0x080008dd   Thumb Code     4  stm32f4xx_it.o(i.BusFault_Handler)
    DebugMon_Handler                         0x080008e1   Thumb Code     2  stm32f4xx_it.o(i.DebugMon_Handler)
    GPIO_Init                                0x080008e3   Thumb Code   144  stm32f4xx_gpio.o(i.GPIO_Init)
    GPIO_PinAFConfig                         0x08000973   Thumb Code    70  stm32f4xx_gpio.o(i.GPIO_PinAFConfig)
    HardFault_Handler                        0x080009b9   Thumb Code     4  stm32f4xx_it.o(i.HardFault_Handler)
    MemManage_Handler                        0x080009bd   Thumb Code     4  stm32f4xx_it.o(i.MemManage_Handler)
    NMI_Handler                              0x080009c1   Thumb Code     2  stm32f4xx_it.o(i.NMI_Handler)
    NVIC_Init                                0x080009c5   Thumb Code   106  misc.o(i.NVIC_Init)
    PendSV_Handler                           0x08000a3d   Thumb Code     2  stm32f4xx_it.o(i.PendSV_Handler)
    RCC_AHB1PeriphClockCmd                   0x08000a41   Thumb Code    26  stm32f4xx_rcc.o(i.RCC_AHB1PeriphClockCmd)
    RCC_APB2PeriphClockCmd                   0x08000a61   Thumb Code    26  stm32f4xx_rcc.o(i.RCC_APB2PeriphClockCmd)
    RCC_GetClocksFreq                        0x08000a81   Thumb Code   214  stm32f4xx_rcc.o(i.RCC_GetClocksFreq)
    SVC_Handler                              0x08000b69   Thumb Code     2  stm32f4xx_it.o(i.SVC_Handler)
    SysTick_Handler                          0x08000c59   Thumb Code     2  stm32f4xx_it.o(i.SysTick_Handler)
    SystemInit                               0x08000c5d   Thumb Code    88  system_stm32f4xx.o(i.SystemInit)
    USART1_IRQHandler                        0x08000cc5   Thumb Code    50  uart.o(i.USART1_IRQHandler)
    USART_ClearITPendingBit                  0x08000d01   Thumb Code    30  stm32f4xx_usart.o(i.USART_ClearITPendingBit)
    USART_Cmd                                0x08000d1f   Thumb Code    24  stm32f4xx_usart.o(i.USART_Cmd)
    USART_GetFlagStatus                      0x08000d37   Thumb Code    26  stm32f4xx_usart.o(i.USART_GetFlagStatus)
    USART_GetITStatus                        0x08000d51   Thumb Code    84  stm32f4xx_usart.o(i.USART_GetITStatus)
    USART_ITConfig                           0x08000da5   Thumb Code    74  stm32f4xx_usart.o(i.USART_ITConfig)
    USART_Init                               0x08000df1   Thumb Code   204  stm32f4xx_usart.o(i.USART_Init)
    USART_ReceiveData                        0x08000ec5   Thumb Code    10  stm32f4xx_usart.o(i.USART_ReceiveData)
    USART_SendData                           0x08000ecf   Thumb Code     8  stm32f4xx_usart.o(i.USART_SendData)
    UsageFault_Handler                       0x08000ed7   Thumb Code     4  stm32f4xx_it.o(i.UsageFault_Handler)
    __0printf                                0x08000edd   Thumb Code    22  printfa.o(i.__0printf)
    __1printf                                0x08000edd   Thumb Code     0  printfa.o(i.__0printf)
    __2printf                                0x08000edd   Thumb Code     0  printfa.o(i.__0printf)
    __c89printf                              0x08000edd   Thumb Code     0  printfa.o(i.__0printf)
    printf                                   0x08000edd   Thumb Code     0  printfa.o(i.__0printf)
    __0snprintf                              0x08000efd   Thumb Code    44  printfa.o(i.__0snprintf)
    __1snprintf                              0x08000efd   Thumb Code     0  printfa.o(i.__0snprintf)
    __2snprintf                              0x08000efd   Thumb Code     0  printfa.o(i.__0snprintf)
    __c89snprintf                            0x08000efd   Thumb Code     0  printfa.o(i.__0snprintf)
    snprintf                                 0x08000efd   Thumb Code     0  printfa.o(i.__0snprintf)
    __0vsnprintf                             0x08000f2d   Thumb Code    40  printfa.o(i.__0vsnprintf)
    __1vsnprintf                             0x08000f2d   Thumb Code     0  printfa.o(i.__0vsnprintf)
    __2vsnprintf                             0x08000f2d   Thumb Code     0  printfa.o(i.__0vsnprintf)
    __c89vsnprintf                           0x08000f2d   Thumb Code     0  printfa.o(i.__0vsnprintf)
    vsnprintf                                0x08000f2d   Thumb Code     0  printfa.o(i.__0vsnprintf)
    __aeabi_errno_addr                       0x08000f59   Thumb Code     4  errno.o(i.__aeabi_errno_addr)
    __rt_errno_addr                          0x08000f59   Thumb Code     0  errno.o(i.__aeabi_errno_addr)
    __scatterload_copy                       0x08000f61   Thumb Code    14  handlers.o(i.__scatterload_copy)
    __scatterload_null                       0x08000f6f   Thumb Code     2  handlers.o(i.__scatterload_null)
    __scatterload_zeroinit                   0x08000f71   Thumb Code    14  handlers.o(i.__scatterload_zeroinit)
    agencyshellRun                           0x08001895   Thumb Code    32  shell_cmd_list.o(i.agencyshellRun)
    board_lowlevel_init                      0x08001b59   Thumb Code    52  board.o(i.board_lowlevel_init)
    cmd_add                                  0x08001b95   Thumb Code    76  add.o(i.cmd_add)
    cmd_mem                                  0x08001c11   Thumb Code    52  mem.o(i.cmd_mem)
    elog_get_filter_tag_lvl                  0x08001c99   Thumb Code   164  elog.o(i.elog_get_filter_tag_lvl)
    elog_init                                0x08001dad   Thumb Code    76  elog.o(i.elog_init)
    elog_output                              0x08001dfd   Thumb Code   866  elog.o(i.elog_output)
    elog_output_lock                         0x08002211   Thumb Code    34  elog.o(i.elog_output_lock)
    elog_output_lock_enabled                 0x08002239   Thumb Code    60  elog.o(i.elog_output_lock_enabled)
    elog_output_unlock                       0x08002279   Thumb Code    34  elog.o(i.elog_output_unlock)
    elog_port_get_p_info                     0x080022a1   Thumb Code     4  elog_port.o(i.elog_port_get_p_info)
    elog_port_get_t_info                     0x080022a9   Thumb Code     4  elog_port.o(i.elog_port_get_t_info)
    elog_port_get_time                       0x080022b1   Thumb Code     4  elog_port.o(i.elog_port_get_time)
    elog_port_init                           0x080022b9   Thumb Code    12  elog_port.o(i.elog_port_init)
    elog_port_output                         0x080022c5   Thumb Code    16  elog_port.o(i.elog_port_output)
    elog_port_output_lock                    0x080022d5   Thumb Code     2  elog_port.o(i.elog_port_output_lock)
    elog_port_output_unlock                  0x080022d7   Thumb Code     2  elog_port.o(i.elog_port_output_unlock)
    elog_set_filter_lvl                      0x080022d9   Thumb Code    76  elog.o(i.elog_set_filter_lvl)
    elog_set_output_enabled                  0x080023d9   Thumb Code    82  elog.o(i.elog_set_output_enabled)
    elog_set_text_color_enabled              0x080024b1   Thumb Code    82  elog.o(i.elog_set_text_color_enabled)
    elog_start                               0x08002589   Thumb Code    46  elog.o(i.elog_start)
    elog_strcpy                              0x0800261d   Thumb Code   164  elog_utils.o(i.elog_strcpy)
    fputc                                    0x08002729   Thumb Code    18  fputc.o(i.fputc)
    free                                     0x0800273b   Thumb Code    12  malloc.o(i.free)
    main                                     0x08002899   Thumb Code   112  main.o(i.main)
    malloc                                   0x08002951   Thumb Code    12  malloc.o(i.malloc)
    mem_free                                 0x080029c9   Thumb Code    16  mem_mgnt.o(i.mem_free)
    mem_init                                 0x080029dd   Thumb Code    28  mem_mgnt.o(i.mem_init)
    mem_malloc                               0x08002a01   Thumb Code    16  mem_mgnt.o(i.mem_malloc)
    rb8_empty                                0x08002a33   Thumb Code    18  ringbuffer8.o(i.rb8_empty)
    rb8_full                                 0x08002a45   Thumb Code    24  ringbuffer8.o(i.rb8_full)
    rb8_get                                  0x08002a5d   Thumb Code    52  ringbuffer8.o(i.rb8_get)
    rb8_new                                  0x08002a91   Thumb Code    12  ringbuffer8.o(i.rb8_new)
    rb8_put                                  0x08002a9d   Thumb Code    42  ringbuffer8.o(i.rb8_put)
    shellBackspace                           0x08002bb5   Thumb Code    14  shell.o(i.shellBackspace)
    shellCheckPermission                     0x08002c09   Thumb Code    54  shell.o(i.shellCheckPermission)
    shellClear                               0x08002c41   Thumb Code    22  shell.o(i.shellClear)
    shellClearCommandLine                    0x08002c5d   Thumb Code    40  shell.o(i.shellClearCommandLine)
    shellCmds                                0x08002c85   Thumb Code    18  shell.o(i.shellCmds)
    shellDelete                              0x08002c97   Thumb Code    16  shell.o(i.shellDelete)
    shellDeleteByte                          0x08002ca7   Thumb Code   218  shell.o(i.shellDeleteByte)
    shellDeleteCommandLine                   0x08002d81   Thumb Code    28  shell.o(i.shellDeleteCommandLine)
    shellDown                                0x08002da1   Thumb Code    16  shell.o(i.shellDown)
    shellEnter                               0x08002db1   Thumb Code    20  shell.o(i.shellEnter)
    shellExec                                0x08002dc5   Thumb Code   110  shell.o(i.shellExec)
    shellExtParsePara                        0x08002fc9   Thumb Code    86  shell_ext.o(i.shellExtParsePara)
    shellExtRun                              0x0800308d   Thumb Code   894  shell_ext.o(i.shellExtRun)
    shellGetCurrent                          0x080034c1   Thumb Code    48  shell.o(i.shellGetCurrent)
    shellGetVarValue                         0x080034f5   Thumb Code    84  shell.o(i.shellGetVarValue)
    shellHandler                             0x08003549   Thumb Code   236  shell.o(i.shellHandler)
    shellHelp                                0x08003639   Thumb Code    44  shell.o(i.shellHelp)
    shellInit                                0x080037a1   Thumb Code   140  shell.o(i.shellInit)
    shellInsertByte                          0x0800383d   Thumb Code   214  shell.o(i.shellInsertByte)
    shellKeys                                0x08003919   Thumb Code    18  shell.o(i.shellKeys)
    shellLeft                                0x0800392b   Thumb Code    26  shell.o(i.shellLeft)
    shellListAll                             0x08003945   Thumb Code    12  shell.o(i.shellListAll)
    shellListCommand                         0x08003951   Thumb Code    70  shell.o(i.shellListCommand)
    shellListItem                            0x0800399d   Thumb Code   194  shell.o(i.shellListItem)
    shellListKey                             0x08003a6d   Thumb Code    84  shell.o(i.shellListKey)
    shellListUser                            0x08003ac5   Thumb Code    84  shell.o(i.shellListUser)
    shellListVar                             0x08003b1d   Thumb Code    84  shell.o(i.shellListVar)
    shellNormalInput                         0x08003b75   Thumb Code    28  shell.o(i.shellNormalInput)
    shellPrint                               0x08003c27   Thumb Code    56  shell.o(i.shellPrint)
    shellRight                               0x08003cc9   Thumb Code    30  shell.o(i.shellRight)
    shellRun                                 0x08003ce9   Thumb Code    88  shell.o(i.shellRun)
    shellRunCommand                          0x08003d45   Thumb Code   178  shell.o(i.shellRunCommand)
    shellSeekCommand                         0x08003df7   Thumb Code   122  shell.o(i.shellSeekCommand)
    shellSetVar                              0x08003ecd   Thumb Code   106  shell.o(i.shellSetVar)
    shellSetVarValue                         0x08003f3d   Thumb Code   140  shell.o(i.shellSetVarValue)
    shellTab                                 0x080040d1   Thumb Code   266  shell.o(i.shellTab)
    shellToDec                               0x080041e1   Thumb Code    86  shell.o(i.shellToDec)
    shellToHex                               0x08004237   Thumb Code    56  shell.o(i.shellToHex)
    shellUp                                  0x0800426f   Thumb Code    14  shell.o(i.shellUp)
    shellUsers                               0x0800427d   Thumb Code    18  shell.o(i.shellUsers)
    shellVars                                0x0800428f   Thumb Code    18  shell.o(i.shellVars)
    shellWriteString                         0x08004475   Thumb Code    52  shell.o(i.shellWriteString)
    tlsf_add_pool                            0x080044a9   Thumb Code   154  tlsf.o(i.tlsf_add_pool)
    tlsf_create                              0x080045b9   Thumb Code    40  tlsf.o(i.tlsf_create)
    tlsf_create_with_pool                    0x08004615   Thumb Code    46  tlsf.o(i.tlsf_create_with_pool)
    tlsf_free                                0x0800466f   Thumb Code    60  tlsf.o(i.tlsf_free)
    tlsf_malloc                              0x080046ab   Thumb Code    44  tlsf.o(i.tlsf_malloc)
    tlsf_pool_overhead                       0x080046d7   Thumb Code     4  tlsf.o(i.tlsf_pool_overhead)
    tlsf_size                                0x080046db   Thumb Code     6  tlsf.o(i.tlsf_size)
    uart_init                                0x080046e1   Thumb Code    16  uart.o(i.uart_init)
    uart_receive_callback_register           0x080047ad   Thumb Code     6  uart.o(i.uart_receive_callback_register)
    uart_senddata                            0x080047b9   Thumb Code    28  uart.o(i.uart_senddata)
    usart_send_string                        0x080047fd   Thumb Code    26  uart.o(i.usart_send_string)
    shellCommandList                         0x0800481c   Data         336  shell_cmd_list.o(.constdata)
    shellCommandCount                        0x0800496c   Data           2  shell_cmd_list.o(.constdata)
    __ctype_table                            0x08004a73   Data         129  ctype_o.o(.constdata)
    Region$$Table$$Base                      0x08004f2c   Number         0  anon$$obj.o(Region$$Table)
    Region$$Table$$Limit                     0x08004f4c   Number         0  anon$$obj.o(Region$$Table)
    elog_assert_hook                         0x200000a0   Data           4  elog.o(.data)
    __stdout                                 0x200000a4   Data           4  stdout.o(.data)
    __initial_sp                             0x20010cc8   Data           0  startup_stm32f40_41xxx.o(STACK)



==============================================================================

Memory Map of the image

  Image Entry point : 0x08000189

  Load Region LR_IROM1 (Base: 0x08000000, Size: 0x00004ff8, Max: 0x00080000, ABSOLUTE)

    Execution Region ER_IROM1 (Exec base: 0x08000000, Load base: 0x08000000, Size: 0x00004f4c, Max: 0x00080000, ABSOLUTE)

    Exec Addr    Load Addr    Size         Type   Attr      Idx    E Section Name        Object

    0x08000000   0x08000000   0x00000188   Data   RO          378    RESET               startup_stm32f40_41xxx.o
    0x08000188   0x08000188   0x00000000   Code   RO         6622  * .ARM.Collect$$$$00000000  mc_w.l(entry.o)
    0x08000188   0x08000188   0x00000004   Code   RO         6906    .ARM.Collect$$$$00000001  mc_w.l(entry2.o)
    0x0800018c   0x0800018c   0x00000004   Code   RO         6909    .ARM.Collect$$$$00000004  mc_w.l(entry5.o)
    0x08000190   0x08000190   0x00000000   Code   RO         6911    .ARM.Collect$$$$00000008  mc_w.l(entry7b.o)
    0x08000190   0x08000190   0x00000000   Code   RO         6913    .ARM.Collect$$$$0000000A  mc_w.l(entry8b.o)
    0x08000190   0x08000190   0x00000008   Code   RO         6914    .ARM.Collect$$$$0000000B  mc_w.l(entry9a.o)
    0x08000198   0x08000198   0x00000000   Code   RO         6916    .ARM.Collect$$$$0000000D  mc_w.l(entry10a.o)
    0x08000198   0x08000198   0x00000000   Code   RO         6918    .ARM.Collect$$$$0000000F  mc_w.l(entry11a.o)
    0x08000198   0x08000198   0x00000004   Code   RO         6907    .ARM.Collect$$$$00002712  mc_w.l(entry2.o)
    0x0800019c   0x0800019c   0x00000024   Code   RO          379    .text               startup_stm32f40_41xxx.o
    0x080001c0   0x080001c0   0x00000024   Code   RO         6627    .text               mc_w.l(memseta.o)
    0x080001e4   0x080001e4   0x00000024   Code   RO         6629    .text               mc_w.l(strstr.o)
    0x08000208   0x08000208   0x0000000e   Code   RO         6633    .text               mc_w.l(strlen.o)
    0x08000216   0x08000216   0x0000001c   Code   RO         6635    .text               mc_w.l(strcmp.o)
    0x08000232   0x08000232   0x0000001e   Code   RO         6639    .text               mc_w.l(strncmp.o)
    0x08000250   0x08000250   0x0000001a   Code   RO         6904    .text               mc_w.l(atoi.o)
    0x0800026a   0x0800026a   0x0000002c   Code   RO         6923    .text               mc_w.l(uidiv.o)
    0x08000296   0x08000296   0x00000062   Code   RO         6925    .text               mc_w.l(uldiv.o)
    0x080002f8   0x080002f8   0x00000070   Code   RO         6934    .text               mc_w.l(strtol.o)
    0x08000368   0x08000368   0x00000000   Code   RO         6936    .text               mc_w.l(iusefp.o)
    0x08000368   0x08000368   0x0000014e   Code   RO         6937    .text               mf_w.l(dadd.o)
    0x080004b6   0x080004b6   0x000000e4   Code   RO         6939    .text               mf_w.l(dmul.o)
    0x0800059a   0x0800059a   0x000000de   Code   RO         6941    .text               mf_w.l(ddiv.o)
    0x08000678   0x08000678   0x00000030   Code   RO         6943    .text               mf_w.l(dfixul.o)
    0x080006a8   0x080006a8   0x00000030   Code   RO         6945    .text               mf_w.l(cdrcmple.o)
    0x080006d8   0x080006d8   0x00000024   Code   RO         6947    .text               mc_w.l(init.o)
    0x080006fc   0x080006fc   0x00000000   Code   RO         6949    .text               mc_w.l(semi.o)
    0x080006fc   0x080006fc   0x0000001e   Code   RO         6950    .text               mc_w.l(llshl.o)
    0x0800071a   0x0800071a   0x00000020   Code   RO         6952    .text               mc_w.l(llushr.o)
    0x0800073a   0x0800073a   0x00000024   Code   RO         6954    .text               mc_w.l(llsshr.o)
    0x0800075e   0x0800075e   0x00000002   PAD
    0x08000760   0x08000760   0x00000008   Code   RO         6956    .text               mc_w.l(ctype_o.o)
    0x08000768   0x08000768   0x0000009e   Code   RO         6984    .text               mc_w.l(_strtoul.o)
    0x08000806   0x08000806   0x00000000   Code   RO         6986    .text               mc_w.l(iusesemip.o)
    0x08000806   0x08000806   0x000000ba   Code   RO         6987    .text               mf_w.l(depilogue.o)
    0x080008c0   0x080008c0   0x0000001c   Code   RO         6989    .text               mc_w.l(_chval.o)
    0x080008dc   0x080008dc   0x00000004   Code   RO          386    i.BusFault_Handler  stm32f4xx_it.o
    0x080008e0   0x080008e0   0x00000002   Code   RO          387    i.DebugMon_Handler  stm32f4xx_it.o
    0x080008e2   0x080008e2   0x00000090   Code   RO         2377    i.GPIO_Init         stm32f4xx_gpio.o
    0x08000972   0x08000972   0x00000046   Code   RO         2378    i.GPIO_PinAFConfig  stm32f4xx_gpio.o
    0x080009b8   0x080009b8   0x00000004   Code   RO          388    i.HardFault_Handler  stm32f4xx_it.o
    0x080009bc   0x080009bc   0x00000004   Code   RO          389    i.MemManage_Handler  stm32f4xx_it.o
    0x080009c0   0x080009c0   0x00000002   Code   RO          390    i.NMI_Handler       stm32f4xx_it.o
    0x080009c2   0x080009c2   0x00000002   PAD
    0x080009c4   0x080009c4   0x00000078   Code   RO          502    i.NVIC_Init         misc.o
    0x08000a3c   0x08000a3c   0x00000002   Code   RO          391    i.PendSV_Handler    stm32f4xx_it.o
    0x08000a3e   0x08000a3e   0x00000002   PAD
    0x08000a40   0x08000a40   0x00000020   Code   RO         3303    i.RCC_AHB1PeriphClockCmd  stm32f4xx_rcc.o
    0x08000a60   0x08000a60   0x00000020   Code   RO         3315    i.RCC_APB2PeriphClockCmd  stm32f4xx_rcc.o
    0x08000a80   0x08000a80   0x000000e8   Code   RO         3324    i.RCC_GetClocksFreq  stm32f4xx_rcc.o
    0x08000b68   0x08000b68   0x00000002   Code   RO          392    i.SVC_Handler       stm32f4xx_it.o
    0x08000b6a   0x08000b6a   0x00000002   PAD
    0x08000b6c   0x08000b6c   0x000000ec   Code   RO          461    i.SetSysClock       system_stm32f4xx.o
    0x08000c58   0x08000c58   0x00000002   Code   RO          393    i.SysTick_Handler   stm32f4xx_it.o
    0x08000c5a   0x08000c5a   0x00000002   PAD
    0x08000c5c   0x08000c5c   0x00000068   Code   RO          463    i.SystemInit        system_stm32f4xx.o
    0x08000cc4   0x08000cc4   0x0000003c   Code   RO          314    i.USART1_IRQHandler  uart.o
    0x08000d00   0x08000d00   0x0000001e   Code   RO         5250    i.USART_ClearITPendingBit  stm32f4xx_usart.o
    0x08000d1e   0x08000d1e   0x00000018   Code   RO         5253    i.USART_Cmd         stm32f4xx_usart.o
    0x08000d36   0x08000d36   0x0000001a   Code   RO         5256    i.USART_GetFlagStatus  stm32f4xx_usart.o
    0x08000d50   0x08000d50   0x00000054   Code   RO         5257    i.USART_GetITStatus  stm32f4xx_usart.o
    0x08000da4   0x08000da4   0x0000004a   Code   RO         5259    i.USART_ITConfig    stm32f4xx_usart.o
    0x08000dee   0x08000dee   0x00000002   PAD
    0x08000df0   0x08000df0   0x000000d4   Code   RO         5260    i.USART_Init        stm32f4xx_usart.o
    0x08000ec4   0x08000ec4   0x0000000a   Code   RO         5267    i.USART_ReceiveData  stm32f4xx_usart.o
    0x08000ece   0x08000ece   0x00000008   Code   RO         5270    i.USART_SendData    stm32f4xx_usart.o
    0x08000ed6   0x08000ed6   0x00000004   Code   RO          394    i.UsageFault_Handler  stm32f4xx_it.o
    0x08000eda   0x08000eda   0x00000002   PAD
    0x08000edc   0x08000edc   0x00000020   Code   RO         6876    i.__0printf         mc_w.l(printfa.o)
    0x08000efc   0x08000efc   0x00000030   Code   RO         6877    i.__0snprintf       mc_w.l(printfa.o)
    0x08000f2c   0x08000f2c   0x0000002c   Code   RO         6881    i.__0vsnprintf      mc_w.l(printfa.o)
    0x08000f58   0x08000f58   0x00000008   Code   RO         6927    i.__aeabi_errno_addr  mc_w.l(errno.o)
    0x08000f60   0x08000f60   0x0000000e   Code   RO         6993    i.__scatterload_copy  mc_w.l(handlers.o)
    0x08000f6e   0x08000f6e   0x00000002   Code   RO         6994    i.__scatterload_null  mc_w.l(handlers.o)
    0x08000f70   0x08000f70   0x0000000e   Code   RO         6995    i.__scatterload_zeroinit  mc_w.l(handlers.o)
    0x08000f7e   0x08000f7e   0x00000002   PAD
    0x08000f80   0x08000f80   0x00000184   Code   RO         6883    i._fp_digits        mc_w.l(printfa.o)
    0x08001104   0x08001104   0x000006dc   Code   RO         6884    i._printf_core      mc_w.l(printfa.o)
    0x080017e0   0x080017e0   0x00000024   Code   RO         6885    i._printf_post_padding  mc_w.l(printfa.o)
    0x08001804   0x08001804   0x0000002e   Code   RO         6886    i._printf_pre_padding  mc_w.l(printfa.o)
    0x08001832   0x08001832   0x0000001c   Code   RO            4    i._shell_write      main.o
    0x0800184e   0x0800184e   0x00000016   Code   RO         6887    i._snputc           mc_w.l(printfa.o)
    0x08001864   0x08001864   0x00000030   Code   RO         5994    i.adjust_request_size  tlsf.o
    0x08001894   0x08001894   0x00000020   Code   RO         5862    i.agencyshellRun    shell_cmd_list.o
    0x080018b4   0x080018b4   0x0000000a   Code   RO         5995    i.align_down        tlsf.o
    0x080018be   0x080018be   0x0000000c   Code   RO         5997    i.align_up          tlsf.o
    0x080018ca   0x080018ca   0x0000001e   Code   RO         5998    i.block_absorb      tlsf.o
    0x080018e8   0x080018e8   0x0000001c   Code   RO         5999    i.block_can_split   tlsf.o
    0x08001904   0x08001904   0x00000008   Code   RO         6000    i.block_from_ptr    tlsf.o
    0x0800190c   0x0800190c   0x00000024   Code   RO         6001    i.block_insert      tlsf.o
    0x08001930   0x08001930   0x0000000a   Code   RO         6002    i.block_is_free     tlsf.o
    0x0800193a   0x0800193a   0x0000000a   Code   RO         6004    i.block_is_prev_free  tlsf.o
    0x08001944   0x08001944   0x00000012   Code   RO         6005    i.block_link_next   tlsf.o
    0x08001956   0x08001956   0x0000003e   Code   RO         6006    i.block_locate_free  tlsf.o
    0x08001994   0x08001994   0x0000001a   Code   RO         6007    i.block_mark_as_free  tlsf.o
    0x080019ae   0x080019ae   0x0000001a   Code   RO         6008    i.block_mark_as_used  tlsf.o
    0x080019c8   0x080019c8   0x0000002c   Code   RO         6009    i.block_merge_next  tlsf.o
    0x080019f4   0x080019f4   0x0000002e   Code   RO         6010    i.block_merge_prev  tlsf.o
    0x08001a22   0x08001a22   0x00000024   Code   RO         6011    i.block_next        tlsf.o
    0x08001a46   0x08001a46   0x0000002c   Code   RO         6012    i.block_prepare_used  tlsf.o
    0x08001a72   0x08001a72   0x00000006   Code   RO         6013    i.block_prev        tlsf.o
    0x08001a78   0x08001a78   0x00000024   Code   RO         6014    i.block_remove      tlsf.o
    0x08001a9c   0x08001a9c   0x0000000a   Code   RO         6015    i.block_set_free    tlsf.o
    0x08001aa6   0x08001aa6   0x0000000a   Code   RO         6016    i.block_set_prev_free  tlsf.o
    0x08001ab0   0x08001ab0   0x0000000a   Code   RO         6017    i.block_set_prev_used  tlsf.o
    0x08001aba   0x08001aba   0x0000000c   Code   RO         6018    i.block_set_size    tlsf.o
    0x08001ac6   0x08001ac6   0x0000000a   Code   RO         6019    i.block_set_used    tlsf.o
    0x08001ad0   0x08001ad0   0x0000000a   Code   RO         6020    i.block_size        tlsf.o
    0x08001ada   0x08001ada   0x0000003e   Code   RO         6021    i.block_split       tlsf.o
    0x08001b18   0x08001b18   0x00000008   Code   RO         6022    i.block_to_ptr      tlsf.o
    0x08001b20   0x08001b20   0x00000038   Code   RO         6023    i.block_trim_free   tlsf.o
    0x08001b58   0x08001b58   0x0000003c   Code   RO          183    i.board_lowlevel_init  board.o
    0x08001b94   0x08001b94   0x0000007c   Code   RO          296    i.cmd_add           add.o
    0x08001c10   0x08001c10   0x00000050   Code   RO          208    i.cmd_mem           mem.o
    0x08001c60   0x08001c60   0x00000036   Code   RO         6026    i.control_construct  tlsf.o
    0x08001c96   0x08001c96   0x00000002   PAD
    0x08001c98   0x08001c98   0x00000114   Code   RO         6418    i.elog_get_filter_tag_lvl  elog.o
    0x08001dac   0x08001dac   0x00000050   Code   RO         6422    i.elog_init         elog.o
    0x08001dfc   0x08001dfc   0x00000414   Code   RO         6423    i.elog_output       elog.o
    0x08002210   0x08002210   0x00000028   Code   RO         6424    i.elog_output_lock  elog.o
    0x08002238   0x08002238   0x00000040   Code   RO         6425    i.elog_output_lock_enabled  elog.o
    0x08002278   0x08002278   0x00000028   Code   RO         6426    i.elog_output_unlock  elog.o
    0x080022a0   0x080022a0   0x00000008   Code   RO         6352    i.elog_port_get_p_info  elog_port.o
    0x080022a8   0x080022a8   0x00000008   Code   RO         6353    i.elog_port_get_t_info  elog_port.o
    0x080022b0   0x080022b0   0x00000008   Code   RO         6354    i.elog_port_get_time  elog_port.o
    0x080022b8   0x080022b8   0x0000000c   Code   RO         6355    i.elog_port_init    elog_port.o
    0x080022c4   0x080022c4   0x00000010   Code   RO         6356    i.elog_port_output  elog_port.o
    0x080022d4   0x080022d4   0x00000002   Code   RO         6357    i.elog_port_output_lock  elog_port.o
    0x080022d6   0x080022d6   0x00000002   Code   RO         6358    i.elog_port_output_unlock  elog_port.o
    0x080022d8   0x080022d8   0x000000c4   Code   RO         6430    i.elog_set_filter_lvl  elog.o
    0x0800239c   0x0800239c   0x0000003c   Code   RO         6433    i.elog_set_filter_tag_lvl_default  elog.o
    0x080023d8   0x080023d8   0x000000d8   Code   RO         6435    i.elog_set_output_enabled  elog.o
    0x080024b0   0x080024b0   0x000000d8   Code   RO         6436    i.elog_set_text_color_enabled  elog.o
    0x08002588   0x08002588   0x00000094   Code   RO         6437    i.elog_start        elog.o
    0x0800261c   0x0800261c   0x0000010c   Code   RO         6599    i.elog_strcpy       elog_utils.o
    0x08002728   0x08002728   0x00000012   Code   RO         6920    i.fputc             mc_w.l(fputc.o)
    0x0800273a   0x0800273a   0x0000000c   Code   RO          259    i.free              malloc.o
    0x08002746   0x08002746   0x00000002   PAD
    0x08002748   0x08002748   0x000000d4   Code   RO         6439    i.get_fmt_enabled   elog.o
    0x0800281c   0x0800281c   0x0000001c   Code   RO         6440    i.get_fmt_used_and_enabled_ptr  elog.o
    0x08002838   0x08002838   0x0000001c   Code   RO         6441    i.get_fmt_used_and_enabled_u32  elog.o
    0x08002854   0x08002854   0x00000042   Code   RO         6028    i.insert_free_block  tlsf.o
    0x08002896   0x08002896   0x00000002   PAD
    0x08002898   0x08002898   0x000000b8   Code   RO            5    i.main              main.o
    0x08002950   0x08002950   0x0000000c   Code   RO          260    i.malloc            malloc.o
    0x0800295c   0x0800295c   0x0000003a   Code   RO         6030    i.mapping_insert    tlsf.o
    0x08002996   0x08002996   0x00000030   Code   RO         6031    i.mapping_search    tlsf.o
    0x080029c6   0x080029c6   0x00000002   PAD
    0x080029c8   0x080029c8   0x00000014   Code   RO          226    i.mem_free          mem_mgnt.o
    0x080029dc   0x080029dc   0x00000024   Code   RO          227    i.mem_init          mem_mgnt.o
    0x08002a00   0x08002a00   0x00000014   Code   RO          228    i.mem_malloc        mem_mgnt.o
    0x08002a14   0x08002a14   0x00000018   Code   RO         5932    i.next_head         ringbuffer8.o
    0x08002a2c   0x08002a2c   0x00000006   Code   RO         6032    i.offset_to_block   tlsf.o
    0x08002a32   0x08002a32   0x00000012   Code   RO         5933    i.rb8_empty         ringbuffer8.o
    0x08002a44   0x08002a44   0x00000018   Code   RO         5934    i.rb8_full          ringbuffer8.o
    0x08002a5c   0x08002a5c   0x00000034   Code   RO         5935    i.rb8_get           ringbuffer8.o
    0x08002a90   0x08002a90   0x0000000c   Code   RO         5937    i.rb8_new           ringbuffer8.o
    0x08002a9c   0x08002a9c   0x0000002a   Code   RO         5938    i.rb8_put           ringbuffer8.o
    0x08002ac6   0x08002ac6   0x00000054   Code   RO         6033    i.remove_free_block  tlsf.o
    0x08002b1a   0x08002b1a   0x00000072   Code   RO         6034    i.search_suitable_block  tlsf.o
    0x08002b8c   0x08002b8c   0x00000028   Code   RO         5504    i.shellAdd          shell.o
    0x08002bb4   0x08002bb4   0x0000000e   Code   RO         5505    i.shellBackspace    shell.o
    0x08002bc2   0x08002bc2   0x00000002   PAD
    0x08002bc4   0x08002bc4   0x00000044   Code   RO         5506    i.shellCheckPassword  shell.o
    0x08002c08   0x08002c08   0x00000036   Code   RO         5507    i.shellCheckPermission  shell.o
    0x08002c3e   0x08002c3e   0x00000002   PAD
    0x08002c40   0x08002c40   0x0000001c   Code   RO         5508    i.shellClear        shell.o
    0x08002c5c   0x08002c5c   0x00000028   Code   RO         5509    i.shellClearCommandLine  shell.o
    0x08002c84   0x08002c84   0x00000012   Code   RO         5510    i.shellCmds         shell.o
    0x08002c96   0x08002c96   0x00000010   Code   RO         5511    i.shellDelete       shell.o
    0x08002ca6   0x08002ca6   0x000000da   Code   RO         5512    i.shellDeleteByte   shell.o
    0x08002d80   0x08002d80   0x00000020   Code   RO         5513    i.shellDeleteCommandLine  shell.o
    0x08002da0   0x08002da0   0x00000010   Code   RO         5514    i.shellDown         shell.o
    0x08002db0   0x08002db0   0x00000014   Code   RO         5515    i.shellEnter        shell.o
    0x08002dc4   0x08002dc4   0x00000078   Code   RO         5516    i.shellExec         shell.o
    0x08002e3c   0x08002e3c   0x00000058   Code   RO         5884    i.shellExtNumType   shell_ext.o
    0x08002e94   0x08002e94   0x00000046   Code   RO         5885    i.shellExtParseChar  shell_ext.o
    0x08002eda   0x08002eda   0x00000002   PAD
    0x08002edc   0x08002edc   0x000000ec   Code   RO         5886    i.shellExtParseNumber  shell_ext.o
    0x08002fc8   0x08002fc8   0x00000056   Code   RO         5887    i.shellExtParsePara  shell_ext.o
    0x0800301e   0x0800301e   0x0000004a   Code   RO         5888    i.shellExtParseString  shell_ext.o
    0x08003068   0x08003068   0x00000024   Code   RO         5889    i.shellExtParseVar  shell_ext.o
    0x0800308c   0x0800308c   0x0000037e   Code   RO         5890    i.shellExtRun       shell_ext.o
    0x0800340a   0x0800340a   0x00000036   Code   RO         5891    i.shellExtToNum     shell_ext.o
    0x08003440   0x08003440   0x00000030   Code   RO         5517    i.shellGetCommandDesc  shell.o
    0x08003470   0x08003470   0x00000050   Code   RO         5518    i.shellGetCommandName  shell.o
    0x080034c0   0x080034c0   0x00000034   Code   RO         5519    i.shellGetCurrent   shell.o
    0x080034f4   0x080034f4   0x00000054   Code   RO         5520    i.shellGetVarValue  shell.o
    0x08003548   0x08003548   0x000000f0   Code   RO         5521    i.shellHandler      shell.o
    0x08003638   0x08003638   0x0000002c   Code   RO         5522    i.shellHelp         shell.o
    0x08003664   0x08003664   0x000000c2   Code   RO         5523    i.shellHistory      shell.o
    0x08003726   0x08003726   0x0000007a   Code   RO         5524    i.shellHistoryAdd   shell.o
    0x080037a0   0x080037a0   0x0000009c   Code   RO         5525    i.shellInit         shell.o
    0x0800383c   0x0800383c   0x000000dc   Code   RO         5526    i.shellInsertByte   shell.o
    0x08003918   0x08003918   0x00000012   Code   RO         5527    i.shellKeys         shell.o
    0x0800392a   0x0800392a   0x0000001a   Code   RO         5528    i.shellLeft         shell.o
    0x08003944   0x08003944   0x0000000c   Code   RO         5529    i.shellListAll      shell.o
    0x08003950   0x08003950   0x0000004c   Code   RO         5530    i.shellListCommand  shell.o
    0x0800399c   0x0800399c   0x000000d0   Code   RO         5531    i.shellListItem     shell.o
    0x08003a6c   0x08003a6c   0x00000058   Code   RO         5532    i.shellListKey      shell.o
    0x08003ac4   0x08003ac4   0x00000058   Code   RO         5533    i.shellListUser     shell.o
    0x08003b1c   0x08003b1c   0x00000058   Code   RO         5534    i.shellListVar      shell.o
    0x08003b74   0x08003b74   0x0000001c   Code   RO         5535    i.shellNormalInput  shell.o
    0x08003b90   0x08003b90   0x00000096   Code   RO         5536    i.shellParserParam  shell.o
    0x08003c26   0x08003c26   0x00000038   Code   RO         5537    i.shellPrint        shell.o
    0x08003c5e   0x08003c5e   0x0000006a   Code   RO         5539    i.shellRemoveParamQuotes  shell.o
    0x08003cc8   0x08003cc8   0x0000001e   Code   RO         5540    i.shellRight        shell.o
    0x08003ce6   0x08003ce6   0x00000002   PAD
    0x08003ce8   0x08003ce8   0x0000005c   Code   RO         5541    i.shellRun          shell.o
    0x08003d44   0x08003d44   0x000000b2   Code   RO         5542    i.shellRunCommand   shell.o
    0x08003df6   0x08003df6   0x0000007a   Code   RO         5543    i.shellSeekCommand  shell.o
    0x08003e70   0x08003e70   0x0000005c   Code   RO         5544    i.shellSetUser      shell.o
    0x08003ecc   0x08003ecc   0x00000070   Code   RO         5545    i.shellSetVar       shell.o
    0x08003f3c   0x08003f3c   0x00000090   Code   RO         5546    i.shellSetVarValue  shell.o
    0x08003fcc   0x08003fcc   0x000000c0   Code   RO         5547    i.shellShowVar      shell.o
    0x0800408c   0x0800408c   0x0000002c   Code   RO         5548    i.shellStringCompare  shell.o
    0x080040b8   0x080040b8   0x00000018   Code   RO         5549    i.shellStringCopy   shell.o
    0x080040d0   0x080040d0   0x00000110   Code   RO         5550    i.shellTab          shell.o
    0x080041e0   0x080041e0   0x00000056   Code   RO         5552    i.shellToDec        shell.o
    0x08004236   0x08004236   0x00000038   Code   RO         5553    i.shellToHex        shell.o
    0x0800426e   0x0800426e   0x0000000e   Code   RO         5554    i.shellUp           shell.o
    0x0800427c   0x0800427c   0x00000012   Code   RO         5555    i.shellUsers        shell.o
    0x0800428e   0x0800428e   0x00000012   Code   RO         5556    i.shellVars         shell.o
    0x080042a0   0x080042a0   0x00000010   Code   RO         5557    i.shellWriteByte    shell.o
    0x080042b0   0x080042b0   0x00000064   Code   RO         5558    i.shellWriteCommandDesc  shell.o
    0x08004314   0x08004314   0x0000006c   Code   RO         5559    i.shellWriteCommandHelp  shell.o
    0x08004380   0x08004380   0x00000068   Code   RO         5560    i.shellWritePrompt  shell.o
    0x080043e8   0x080043e8   0x0000008c   Code   RO         5561    i.shellWriteReturnValue  shell.o
    0x08004474   0x08004474   0x00000034   Code   RO         5562    i.shellWriteString  shell.o
    0x080044a8   0x080044a8   0x00000110   Code   RO         6035    i.tlsf_add_pool     tlsf.o
    0x080045b8   0x080045b8   0x0000005c   Code   RO         6043    i.tlsf_create       tlsf.o
    0x08004614   0x08004614   0x0000002e   Code   RO         6044    i.tlsf_create_with_pool  tlsf.o
    0x08004642   0x08004642   0x00000016   Code   RO         6046    i.tlsf_ffs          tlsf.o
    0x08004658   0x08004658   0x00000016   Code   RO         6047    i.tlsf_fls          tlsf.o
    0x0800466e   0x0800466e   0x0000003c   Code   RO         6048    i.tlsf_free         tlsf.o
    0x080046aa   0x080046aa   0x0000002c   Code   RO         6050    i.tlsf_malloc       tlsf.o
    0x080046d6   0x080046d6   0x00000004   Code   RO         6052    i.tlsf_pool_overhead  tlsf.o
    0x080046da   0x080046da   0x00000006   Code   RO         6055    i.tlsf_size         tlsf.o
    0x080046e0   0x080046e0   0x00000010   Code   RO          315    i.uart_init         uart.o
    0x080046f0   0x080046f0   0x00000030   Code   RO          316    i.uart_irq_init     uart.o
    0x08004720   0x08004720   0x00000044   Code   RO          317    i.uart_lowlevel_init  uart.o
    0x08004764   0x08004764   0x00000048   Code   RO          318    i.uart_pin_init     uart.o
    0x080047ac   0x080047ac   0x0000000c   Code   RO          319    i.uart_receive_callback_register  uart.o
    0x080047b8   0x080047b8   0x00000020   Code   RO          320    i.uart_senddata     uart.o
    0x080047d8   0x080047d8   0x00000024   Code   RO            6    i.usart_receive     main.o
    0x080047fc   0x080047fc   0x0000001a   Code   RO          321    i.usart_send_string  uart.o
    0x08004816   0x08004816   0x00000005   Data   RO            8    .constdata          main.o
    0x0800481b   0x0800481b   0x00000001   PAD
    0x0800481c   0x0800481c   0x00000152   Data   RO         5863    .constdata          shell_cmd_list.o
    0x0800496e   0x0800496e   0x000000e2   Data   RO         6443    .constdata          elog.o
    0x08004a50   0x08004a50   0x00000023   Data   RO         6600    .constdata          elog_utils.o
    0x08004a73   0x08004a73   0x00000081   Data   RO         6957    .constdata          mc_w.l(ctype_o.o)
    0x08004af4   0x08004af4   0x00000004   Data   RO         6958    .constdata          mc_w.l(ctype_o.o)
    0x08004af8   0x08004af8   0x000002a5   Data   RO         5564    .conststring        shell.o
    0x08004d9d   0x08004d9d   0x00000003   PAD
    0x08004da0   0x08004da0   0x00000141   Data   RO         5864    .conststring        shell_cmd_list.o
    0x08004ee1   0x08004ee1   0x00000003   PAD
    0x08004ee4   0x08004ee4   0x00000047   Data   RO         6444    .conststring        elog.o
    0x08004f2b   0x08004f2b   0x00000001   PAD
    0x08004f2c   0x08004f2c   0x00000020   Data   RO         6991    Region$$Table       anon$$obj.o


    Execution Region RW_IRAM1 (Exec base: 0x20000000, Load base: 0x08004f4c, Size: 0x00010cc8, Max: 0x00020000, ABSOLUTE)

    Exec Addr    Load Addr    Size         Type   Attr      Idx    E Section Name        Object

    0x20000000   0x08004f4c   0x00000004   Data   RW            9    .data               main.o
    0x20000004   0x08004f50   0x00000004   Data   RW          230    .data               mem_mgnt.o
    0x20000008   0x08004f54   0x00000004   Data   RW          322    .data               uart.o
    0x2000000c   0x08004f58   0x00000010   Data   RW         3356    .data               stm32f4xx_rcc.o
    0x2000001c   0x08004f68   0x00000054   Data   RW         5565    .data               shell.o
    0x20000070   0x08004fbc   0x00000034   Data   RW         6445    .data               elog.o
    0x200000a4   0x08004ff0   0x00000004   Data   RW         6922    .data               mc_w.l(stdout.o)
    0x200000a8   0x08004ff4   0x00000004   Data   RW         6930    .data               mc_w.l(errno.o)
    0x200000ac        -       0x0000030c   Zero   RW            7    .bss                main.o
    0x200003b8        -       0x00010000   Zero   RW          229    .bss                mem_mgnt.o
    0x200103b8        -       0x00000015   Zero   RW         5563    .bss                shell.o
    0x200103cd   0x08004ff8   0x00000003   PAD
    0x200103d0        -       0x000004f8   Zero   RW         6442    .bss                elog.o
    0x200108c8        -       0x00000400   Zero   RW          376    STACK               startup_stm32f40_41xxx.o


==============================================================================

Image component sizes


      Code (inc. data)   RO Data    RW Data    ZI Data      Debug   Object Name

       124         48          0          0          0        742   add.o
        60          8          0          0          0      26797   board.o
      2648        928        297         52       1272      18336   elog.o
        56         12          0          0          0       3757   elog_port.o
       268        104         35          0          0       2249   elog_utils.o
       248         76          5          4        780     282162   main.o
        24          0          0          0          0       1052   malloc.o
        80         28          0          0          0       1026   mem.o
        76         16          0          4      65536       2411   mem_mgnt.o
       120         14          0          0          0       1016   misc.o
       172          0          0          0          0       4629   ringbuffer8.o
      4882        238        677         84         21      40459   shell.o
        32          0        659          0          0       1446   shell_cmd_list.o
      1538         20          0          0          0       6534   shell_ext.o
        36          8        392          0       1024        856   startup_stm32f40_41xxx.o
       214          0          0          0          0       1779   stm32f4xx_gpio.o
        26          0          0          0          0       4342   stm32f4xx_it.o
       296         30          0         16          0       4070   stm32f4xx_rcc.o
       468          8          0          0          0       6155   stm32f4xx_usart.o
       340         32          0          0          0       1597   system_stm32f4xx.o
      1722        170          0          0          0      27273   tlsf.o
       334         36          0          4          0       4361   uart.o

    ----------------------------------------------------------------------
     13792       1776       2105        164      68636     443049   Object Totals
         0          0         32          0          0          0   (incl. Generated)
        28          0          8          0          3          0   (incl. Padding)

    ----------------------------------------------------------------------

      Code (inc. data)   RO Data    RW Data    ZI Data      Debug   Library Member Name

        28          0          0          0          0         68   _chval.o
       158          0          0          0          0         92   _strtoul.o
        26          0          0          0          0         80   atoi.o
         8          4        133          0          0         68   ctype_o.o
         0          0          0          0          0          0   entry.o
         0          0          0          0          0          0   entry10a.o
         0          0          0          0          0          0   entry11a.o
         8          4          0          0          0          0   entry2.o
         4          0          0          0          0          0   entry5.o
         0          0          0          0          0          0   entry7b.o
         0          0          0          0          0          0   entry8b.o
         8          4          0          0          0          0   entry9a.o
         8          4          0          4          0         68   errno.o
        18          0          0          0          0         80   fputc.o
        30          0          0          0          0          0   handlers.o
        36          8          0          0          0         68   init.o
         0          0          0          0          0          0   iusefp.o
         0          0          0          0          0          0   iusesemip.o
        30          0          0          0          0         68   llshl.o
        36          0          0          0          0         68   llsshr.o
        32          0          0          0          0         68   llushr.o
        36          0          0          0          0        108   memseta.o
      2372         98          0          0          0        684   printfa.o
         0          0          0          0          0          0   semi.o
         0          0          0          4          0          0   stdout.o
        28          0          0          0          0         76   strcmp.o
        14          0          0          0          0         68   strlen.o
        30          0          0          0          0         80   strncmp.o
        36          0          0          0          0         80   strstr.o
       112          0          0          0          0         88   strtol.o
        44          0          0          0          0         80   uidiv.o
        98          0          0          0          0         92   uldiv.o
        48          0          0          0          0         68   cdrcmple.o
       334          0          0          0          0        148   dadd.o
       222          0          0          0          0        100   ddiv.o
       186          0          0          0          0        176   depilogue.o
        48          0          0          0          0         68   dfixul.o
       228          0          0          0          0         96   dmul.o

    ----------------------------------------------------------------------
      4270        122        133          8          0       2740   Library Totals
         4          0          0          0          0          0   (incl. Padding)

    ----------------------------------------------------------------------

      Code (inc. data)   RO Data    RW Data    ZI Data      Debug   Library Name

      3200        122        133          8          0       2084   mc_w.l
      1066          0          0          0          0        656   mf_w.l

    ----------------------------------------------------------------------
      4270        122        133          8          0       2740   Library Totals

    ----------------------------------------------------------------------

==============================================================================


      Code (inc. data)   RO Data    RW Data    ZI Data      Debug   

     18062       1898       2238        172      68636     426937   Grand Totals
     18062       1898       2238        172      68636     426937   ELF Image Totals
     18062       1898       2238        172          0          0   ROM Totals

==============================================================================

    Total RO  Size (Code + RO Data)                20300 (  19.82kB)
    Total RW  Size (RW Data + ZI Data)             68808 (  67.20kB)
    Total ROM Size (Code + RO Data + RW Data)      20472 (  19.99kB)

==============================================================================

